test_complement_choice_does_not_change_rho (test_projector_rate.ProjectorRateTests.test_complement_choice_does_not_change_rho) ... ok
test_exact_fraction_replay (test_projector_rate.ProjectorRateTests.test_exact_fraction_replay) ... ok
test_fixed_selector_exact_relation_to_existing_G01 (test_projector_rate.ProjectorRateTests.test_fixed_selector_exact_relation_to_existing_G01) ... ok
test_full_span_and_zero_norm (test_projector_rate.ProjectorRateTests.test_full_span_and_zero_norm) ... ok
test_hamiltonian_connection_cancellation_before_norm (test_projector_rate.ProjectorRateTests.test_hamiltonian_connection_cancellation_before_norm) ... ERROR
test_invalid_input_is_rejected_without_repair (test_projector_rate.ProjectorRateTests.test_invalid_input_is_rejected_without_repair) ... ok
test_moving_selector_independent_centered_difference (test_projector_rate.ProjectorRateTests.test_moving_selector_independent_centered_difference) ... ok
test_schur_complement_cancels_large_selected_energy (test_projector_rate.ProjectorRateTests.test_schur_complement_cancels_large_selected_energy) ... ok
test_spectrum_is_paired_singular_values_without_factor_two (test_projector_rate.ProjectorRateTests.test_spectrum_is_paired_singular_values_without_factor_two) ... ok
test_state_aware_bound_is_sharp_at_fixed_population (test_projector_rate.ProjectorRateTests.test_state_aware_bound_is_sharp_at_fixed_population) ... ok
test_time_dependent_basis_change_requires_Jdot_and_is_covariant (test_projector_rate.ProjectorRateTests.test_time_dependent_basis_change_requires_Jdot_and_is_covariant) ... ok

======================================================================
ERROR: test_hamiltonian_connection_cancellation_before_norm (test_projector_rate.ProjectorRateTests.test_hamiltonian_connection_cancellation_before_norm)
----------------------------------------------------------------------
Traceback (most recent call last):
  File "/workspace/scratch/63ee2321a512/bass_cr/research/gap_closure_20261001/cancellation_followup_20261001/projector/test_projector_rate.py", line 51, in test_hamiltonian_connection_cancellation_before_norm
    f = cancellation_rate(s,h,-1j*h,np.zeros_like(s),j,hbar=1)
        ^^^^^^^^^^^^^^^^^^^^^^^^^^^^^^^^^^^^^^^^^^^^^^^^^^^^^^
  File "/workspace/scratch/63ee2321a512/bass_cr/research/gap_closure_20261001/cancellation_followup_20261001/projector/projector_rate.py", line 72, in cancellation_rate
    if np.linalg.norm(delta,2)>validation_tolerance*scale:raise ValueError('Sdot compatibility with D+D† failed')
                                                          ^^^^^^^^^^^^^^^^^^^^^^^^^^^^^^^^^^^^^^^^^^^^^^^^^^^^^^^
ValueError: Sdot compatibility with D+D† failed

----------------------------------------------------------------------
Ran 11 tests in 0.018s

FAILED (errors=1)
