DIAGNOSTIC_ONLY_NEW_ETA_SURROGATES max_forward_backward_gap 2.6090930980744826e-15
	Command being timed: "/root/bass_cr_r17b2_recovery_20261010/venv/bin/python -B /root/bass_cr_ncp_r17b2b/research/cr_r17b2b_20261010/diagnostic.py --output /root/bass_cr_r17b2b_recovery_20261010/fresh/results/DIAGNOSTIC.json"
	User time (seconds): 28.67
	System time (seconds): 0.06
	Percent of CPU this job got: 99%
	Elapsed (wall clock) time (h:mm:ss or m:ss): 0:28.75
	Average shared text size (kbytes): 0
	Average unshared data size (kbytes): 0
	Average stack size (kbytes): 0
	Average total size (kbytes): 0
	Maximum resident set size (kbytes): 81256
	Average resident set size (kbytes): 0
	Major (requiring I/O) page faults: 0
	Minor (reclaiming a frame) page faults: 12961
	Voluntary context switches: 1
	Involuntary context switches: 80
	Swaps: 0
	File system inputs: 0
	File system outputs: 408
	Socket messages sent: 0
	Socket messages received: 0
	Signals delivered: 0
	Page size (bytes): 4096
	Exit status: 0
