8_TARGETED_RED_MUTANTS_REJECTED
	Command being timed: "/root/bass_cr_r17b2_recovery_20261010/venv/bin/python -B /root/bass_cr_ncp_r17b2b/research/cr_r17b2b_20261010/mutation_checks.py --output /root/bass_cr_r17b2b_recovery_20261010/fresh/mutants"
	User time (seconds): 0.57
	System time (seconds): 0.11
	Percent of CPU this job got: 99%
	Elapsed (wall clock) time (h:mm:ss or m:ss): 0:00.68
	Average shared text size (kbytes): 0
	Average unshared data size (kbytes): 0
	Average stack size (kbytes): 0
	Average total size (kbytes): 0
	Maximum resident set size (kbytes): 19456
	Average resident set size (kbytes): 0
	Major (requiring I/O) page faults: 0
	Minor (reclaiming a frame) page faults: 22451
	Voluntary context switches: 137
	Involuntary context switches: 121
	Swaps: 0
	File system inputs: 0
	File system outputs: 152
	Socket messages sent: 0
	Socket messages received: 0
	Signals delivered: 0
	Page size (bytes): 4096
	Exit status: 0
