{
  "commit": "c1d7f89c8abc90a6adf971390f2bce7ae7530a23",
  "source_files": [
    {
      "path": "rust/rei_microphysics/src/hhe_events.rs",
      "blob": "57a63eee1e9d8c4aa2b5ed663dbea15619359f71",
      "sha256": "c100b08e034089c2d67b2102769ccdd51f1d29a2f388d6bb2dfe7984af93b290"
    },
    {
      "path": "rust/rei_microphysics/src/microstep.rs",
      "blob": "3a78b40d1823a1e1c8541538bd94481b4cab0277",
      "sha256": "e03cc1512cdd2b60735b1ab655c8e6657423c18ee4ad55ca1d30f24ad4974e53"
    },
    {
      "path": "rust/rei_microphysics/src/thermal.rs",
      "blob": "d43a09450f2b2ed17f7032d4a3aecc3ff3f5d365",
      "sha256": "6d7be31934bb33a46c0911d28b62e34d22027e08a8a1945c5d7d32bf32f79b8a"
    }
  ],
  "wrapper": "minimal crate interface; original three Rust source files unmodified",
  "build_exit": 0,
  "build_stdout": "",
  "build_stderr": "",
  "run_exit": 0,
  "run_stdout": "RHS,0,1.63099468701162854e-16\nRHS,1,2.85659968801504430e-17\nRHS,2,4.69129132396734867e-17\nRHS,3,1.33491611353153529e-16\nSTEP,1.00000000000000000e4,-6.70382528366436498e-16,1.69002056431488150e-15,1.92033888790632545e-15\nSTEP,1.00000000000000000e6,-1.72755875169330564e-17,1.24101325689962541e-16,1.92361179068845090e-11\nSTEP,1.00000000000000000e8,-1.92393987851051019e-18,9.33964749469179369e-17,1.91463717807288658e-7\nCHECKS,7\n",
  "run_stderr": "",
  "no_full_cargo_or_history": true
}
