{
  "accuracy": {
    "norm_tolerance": 2e-13,
    "observable_probabilities": "NOT_EVALUATED_NOT_A_PRODUCTION_CHANNEL_BENCHMARK",
    "relative_squared_norm_difference": 3.3306690738760006e-16,
    "relative_unaligned_state_l2": 7.845820640602516e-16,
    "state_tolerance": 5e-13,
    "status": "PASS_SAME_DISCRETIZATION_PARITY"
  },
  "actual_dt": 0.012450316597580644,
  "actual_horizon": 0.04980126639032258,
  "actual_inventory": {
    "cpu": {
      "affinity": [
        0,
        1,
        2,
        3,
        4,
        5,
        6,
        7,
        8,
        9,
        10,
        11,
        12,
        13,
        14,
        15,
        16,
        17,
        18,
        19,
        20,
        21,
        22,
        23
      ],
      "affinity_logical_count": 24,
      "model_names": [
        "AMD Ryzen 9 5900X 12-Core Processor"
      ],
      "physical_cores_in_affinity": 12,
      "quota_logical_capacity": null
    },
    "gpu": {
      "context_initialized_for_inventory": true,
      "cuda_driver_api": 13020,
      "cuda_runtime": 12090,
      "cupy": "14.2.0",
      "device_free_bytes": 24895881216,
      "device_id": 0,
      "device_name": "NVIDIA GeForce RTX 3090",
      "device_total_bytes": 25290604544,
      "fft_cache_current_bytes": 0,
      "fft_cache_current_plans": 0,
      "fft_cache_limit_bytes": -1,
      "fft_cache_limit_plans": 16,
      "pool_limit_bytes": 0,
      "pool_reserved_bytes": 0,
      "pool_used_bytes": 0,
      "status": "AVAILABLE"
    },
    "memory": {
      "available_bytes": 84178268160,
      "cgroup_current_bytes": null,
      "cgroup_max_bytes": null,
      "host_total_bytes": 101140516864
    },
    "numpy": "2.5.3",
    "platform": "Linux-7.0.0-31-generic-x86_64-with-glibc2.39",
    "python": "3.12.3",
    "schema": "BASS_CR_R3M19_HARDWARE_INVENTORY_V1"
  },
  "blas_pools_after": [
    {
      "architecture": "Haswell",
      "filepath": "/mnt/sn850x2t/bass_cr_r3m11_20260921/.venv/lib/python3.12/site-packages/numpy.libs/libscipy_openblas64_-f48b354e.so",
      "internal_api": "openblas",
      "num_threads": 24,
      "prefix": "libscipy_openblas",
      "threading_layer": "pthreads",
      "user_api": "blas",
      "version": "0.3.34.106.0"
    },
    {
      "architecture": "Haswell",
      "filepath": "/mnt/sn850x2t/bass_cr_r3m11_20260921/.venv/lib/python3.12/site-packages/scipy.libs/libscipy_openblas-5f890258.so",
      "internal_api": "openblas",
      "num_threads": 24,
      "prefix": "libscipy_openblas",
      "threading_layer": "pthreads",
      "user_api": "blas",
      "version": "0.3.31.dev"
    }
  ],
  "blas_pools_before": [
    {
      "architecture": "Haswell",
      "filepath": "/mnt/sn850x2t/bass_cr_r3m11_20260921/.venv/lib/python3.12/site-packages/numpy.libs/libscipy_openblas64_-f48b354e.so",
      "internal_api": "openblas",
      "num_threads": 24,
      "prefix": "libscipy_openblas",
      "threading_layer": "pthreads",
      "user_api": "blas",
      "version": "0.3.34.106.0"
    },
    {
      "architecture": "Haswell",
      "filepath": "/mnt/sn850x2t/bass_cr_r3m11_20260921/.venv/lib/python3.12/site-packages/scipy.libs/libscipy_openblas-5f890258.so",
      "internal_api": "openblas",
      "num_threads": 24,
      "prefix": "libscipy_openblas",
      "threading_layer": "pthreads",
      "user_api": "blas",
      "version": "0.3.31.dev"
    }
  ],
  "blas_pools_inside": [
    {
      "architecture": "Haswell",
      "filepath": "/mnt/sn850x2t/bass_cr_r3m11_20260921/.venv/lib/python3.12/site-packages/numpy.libs/libscipy_openblas64_-f48b354e.so",
      "internal_api": "openblas",
      "num_threads": 1,
      "prefix": "libscipy_openblas",
      "threading_layer": "pthreads",
      "user_api": "blas",
      "version": "0.3.34.106.0"
    },
    {
      "architecture": "Haswell",
      "filepath": "/mnt/sn850x2t/bass_cr_r3m11_20260921/.venv/lib/python3.12/site-packages/scipy.libs/libscipy_openblas-5f890258.so",
      "internal_api": "openblas",
      "num_threads": 1,
      "prefix": "libscipy_openblas",
      "threading_layer": "pthreads",
      "user_api": "blas",
      "version": "0.3.31.dev"
    }
  ],
  "elapsed_total_seconds": 0.44625742599964724,
  "full_collision_executed": false,
  "gpu_memory_observations": [
    {
      "device_free_bytes": 24719720448,
      "device_total_bytes": 25290604544,
      "fft_cache_current_bytes": 512,
      "fft_cache_current_plans": 1,
      "fft_cache_limit_bytes": 67108864,
      "fft_cache_limit_plans": 2,
      "pool_limit_bytes": 536870912,
      "pool_reserved_bytes": 168043008,
      "pool_used_bytes": 100666368
    },
    {
      "device_free_bytes": 24686166016,
      "device_total_bytes": 25290604544,
      "fft_cache_current_bytes": 512,
      "fft_cache_current_plans": 1,
      "fft_cache_limit_bytes": 67108864,
      "fft_cache_limit_plans": 2,
      "pool_limit_bytes": 536870912,
      "pool_reserved_bytes": 201597440,
      "pool_used_bytes": 117443584
    },
    {
      "device_free_bytes": 24686166016,
      "device_total_bytes": 25290604544,
      "fft_cache_current_bytes": 512,
      "fft_cache_current_plans": 1,
      "fft_cache_limit_bytes": 67108864,
      "fft_cache_limit_plans": 2,
      "pool_limit_bytes": 536870912,
      "pool_reserved_bytes": 201597440,
      "pool_used_bytes": 117443584
    },
    {
      "device_free_bytes": 24686166016,
      "device_total_bytes": 25290604544,
      "fft_cache_current_bytes": 512,
      "fft_cache_current_plans": 1,
      "fft_cache_limit_bytes": 67108864,
      "fft_cache_limit_plans": 2,
      "pool_limit_bytes": 536870912,
      "pool_reserved_bytes": 201597440,
      "pool_used_bytes": 117443584
    },
    {
      "device_free_bytes": 24686166016,
      "device_total_bytes": 25290604544,
      "fft_cache_current_bytes": 512,
      "fft_cache_current_plans": 1,
      "fft_cache_limit_bytes": 67108864,
      "fft_cache_limit_plans": 2,
      "pool_limit_bytes": 536870912,
      "pool_reserved_bytes": 201597440,
      "pool_used_bytes": 117443584
    },
    {
      "device_free_bytes": 24686166016,
      "device_total_bytes": 25290604544,
      "fft_cache_current_bytes": 512,
      "fft_cache_current_plans": 1,
      "fft_cache_limit_bytes": 67108864,
      "fft_cache_limit_plans": 2,
      "pool_limit_bytes": 536870912,
      "pool_reserved_bytes": 201597440,
      "pool_used_bytes": 117443584
    },
    {
      "device_free_bytes": 24686166016,
      "device_total_bytes": 25290604544,
      "fft_cache_current_bytes": 512,
      "fft_cache_current_plans": 1,
      "fft_cache_limit_bytes": 67108864,
      "fft_cache_limit_plans": 2,
      "pool_limit_bytes": 536870912,
      "pool_reserved_bytes": 201597440,
      "pool_used_bytes": 117443584
    },
    {
      "device_free_bytes": 24686166016,
      "device_total_bytes": 25290604544,
      "fft_cache_current_bytes": 512,
      "fft_cache_current_plans": 1,
      "fft_cache_limit_bytes": 67108864,
      "fft_cache_limit_plans": 2,
      "pool_limit_bytes": 536870912,
      "pool_reserved_bytes": 201597440,
      "pool_used_bytes": 117443584
    },
    {
      "device_free_bytes": 24686166016,
      "device_total_bytes": 25290604544,
      "fft_cache_current_bytes": 512,
      "fft_cache_current_plans": 1,
      "fft_cache_limit_bytes": 67108864,
      "fft_cache_limit_plans": 2,
      "pool_limit_bytes": 536870912,
      "pool_reserved_bytes": 201597440,
      "pool_used_bytes": 117443584
    },
    {
      "device_free_bytes": 24686166016,
      "device_total_bytes": 25290604544,
      "fft_cache_current_bytes": 512,
      "fft_cache_current_plans": 1,
      "fft_cache_limit_bytes": 67108864,
      "fft_cache_limit_plans": 2,
      "pool_limit_bytes": 536870912,
      "pool_reserved_bytes": 201597440,
      "pool_used_bytes": 117443584
    },
    {
      "device_free_bytes": 24686166016,
      "device_total_bytes": 25290604544,
      "fft_cache_current_bytes": 512,
      "fft_cache_current_plans": 1,
      "fft_cache_limit_bytes": 67108864,
      "fft_cache_limit_plans": 2,
      "pool_limit_bytes": 536870912,
      "pool_reserved_bytes": 201597440,
      "pool_used_bytes": 117443584
    },
    {
      "device_free_bytes": 24686166016,
      "device_total_bytes": 25290604544,
      "fft_cache_current_bytes": 512,
      "fft_cache_current_plans": 1,
      "fft_cache_limit_bytes": 67108864,
      "fft_cache_limit_plans": 2,
      "pool_limit_bytes": 536870912,
      "pool_reserved_bytes": 201597440,
      "pool_used_bytes": 117443584
    },
    {
      "device_free_bytes": 24686166016,
      "device_total_bytes": 25290604544,
      "fft_cache_current_bytes": 512,
      "fft_cache_current_plans": 1,
      "fft_cache_limit_bytes": 67108864,
      "fft_cache_limit_plans": 2,
      "pool_limit_bytes": 536870912,
      "pool_reserved_bytes": 201597440,
      "pool_used_bytes": 117443584
    },
    {
      "device_free_bytes": 24686166016,
      "device_total_bytes": 25290604544,
      "fft_cache_current_bytes": 512,
      "fft_cache_current_plans": 1,
      "fft_cache_limit_bytes": 67108864,
      "fft_cache_limit_plans": 2,
      "pool_limit_bytes": 536870912,
      "pool_reserved_bytes": 201597440,
      "pool_used_bytes": 117443584
    },
    {
      "device_free_bytes": 24686166016,
      "device_total_bytes": 25290604544,
      "fft_cache_current_bytes": 512,
      "fft_cache_current_plans": 1,
      "fft_cache_limit_bytes": 67108864,
      "fft_cache_limit_plans": 2,
      "pool_limit_bytes": 536870912,
      "pool_reserved_bytes": 201597440,
      "pool_used_bytes": 117443584
    }
  ],
  "initial_array_bytes_sha256": "e19e0dae11cde65642ccb456840e597ba4dbeb5b105930385e5161cd03e38be8",
  "initial_dtype": "complex128",
  "instrumentation_sha256": "1c87fe433e63d2ce18361195d842e7a32a6ada11d9726bb2c8156eb5c1a2cc02",
  "median_device_speedup": 0.9996482344856514,
  "median_wall_speedup": 0.9996499166386936,
  "memory_counters_are_peak_proof": false,
  "numerical_source_digest": "581ff84930bb862efafdfec5d39d5b25aebf9297ce7ce45f833a5abe125b2a5b",
  "plan": {
    "blas_threads": 1,
    "config": {
      "absorber_power": 0.125,
      "absorber_reference_dt": 0.05,
      "absorber_width": 1.0,
      "b": 2.0,
      "backend": "cupy",
      "capture_plane": 1.0,
      "checkpoint_stride": 128,
      "dt": 0.0125,
      "energy_keV_per_u": 100.0,
      "grid": {
        "dx": 0.5,
        "xlim": [
          -32.0,
          32.0
        ],
        "ylim": [
          -32.0,
          32.0
        ],
        "zlim": [
          -16.0,
          16.0
        ]
      },
      "initial_state": "analytic",
      "project_nmax": 1,
      "z_start": -2.0,
      "z_stop": 2.0
    },
    "config_sha256": "a9c3e71d88f47d8cb8f4d0f4b99667583daa66a45e48326292f409d7badfeec8",
    "estimated_working_bytes": 335544320,
    "inventory": {
      "cpu": {
        "affinity": [
          0,
          1,
          2,
          3,
          4,
          5,
          6,
          7,
          8,
          9,
          10,
          11,
          12,
          13,
          14,
          15,
          16,
          17,
          18,
          19,
          20,
          21,
          22,
          23
        ],
        "affinity_logical_count": 24,
        "model_names": [
          "AMD Ryzen 9 5900X 12-Core Processor"
        ],
        "physical_cores_in_affinity": 12,
        "quota_logical_capacity": null
      },
      "gpu": {
        "context_initialized_for_inventory": true,
        "cuda_driver_api": 13020,
        "cuda_runtime": 12090,
        "cupy": "14.2.0",
        "device_free_bytes": 24895881216,
        "device_id": 0,
        "device_name": "NVIDIA GeForce RTX 3090",
        "device_total_bytes": 25290604544,
        "fft_cache_current_bytes": 0,
        "fft_cache_current_plans": 0,
        "fft_cache_limit_bytes": -1,
        "fft_cache_limit_plans": 16,
        "pool_limit_bytes": 0,
        "pool_reserved_bytes": 0,
        "pool_used_bytes": 0,
        "status": "AVAILABLE"
      },
      "memory": {
        "available_bytes": 84325900288,
        "cgroup_current_bytes": null,
        "cgroup_max_bytes": null,
        "host_total_bytes": 101140516864
      },
      "numpy": "2.5.3",
      "platform": "Linux-7.0.0-31-generic-x86_64-with-glibc2.39",
      "python": "3.12.3",
      "schema": "BASS_CR_R3M19_HARDWARE_INVENTORY_V1"
    },
    "memory_estimate_is_peak_guarantee": false,
    "numpy_fft_worker_control": false,
    "points": 1048576,
    "production_admitted": false,
    "request": {
      "backend": "cupy",
      "candidate": "buffer_reuse",
      "fft_workers": 1,
      "max_seconds": 30.0,
      "max_working_bytes": 536870912,
      "repeats": 5,
      "shape": [
        128,
        128,
        64
      ],
      "steps": 4
    },
    "schema": "BASS_CR_R3M19_BOUNDED_PERFORMANCE_V1",
    "status": "PLAN_ONLY_NOT_EXECUTED",
    "total_bounded_step_calls": 56,
    "warmup_repeats": 2,
    "worker_cap": 12
  },
  "process_peak_rss_kib": 586732,
  "production_admitted": false,
  "production_extrapolation": "FORBIDDEN_NO_63M_POINT_SPEED_OR_ACCURACY_CLAIM",
  "requested_dt": 0.0125,
  "schema": "BASS_CR_R3M19_BOUNDED_PERFORMANCE_V1",
  "scipy_version": null,
  "status": "BENCHMARK_COMPLETE_PARITY_PASSED",
  "timing": {
    "candidate_device_seconds": [
      0.0054588160514831546,
      0.005485504150390625,
      0.005426176071166992,
      0.005470208168029785,
      0.005441535949707031
    ],
    "candidate_enqueue_seconds": [
      0.0015853280001465464,
      0.0011993500011158176,
      0.0010408519992779475,
      0.0011586040000111097,
      0.0011070769996877061
    ],
    "candidate_wall_seconds": [
      0.005467265998959192,
      0.005490289000590565,
      0.0054320899998856476,
      0.005477033999341074,
      0.0054480899998452514
    ],
    "reference_device_seconds": [
      0.00546611213684082,
      0.005426176071166992,
      0.005463039875030518,
      0.005421055793762207,
      0.0054568958282470706
    ],
    "reference_enqueue_seconds": [
      0.0011640350003290223,
      0.0010442380007589236,
      0.0011453789993538521,
      0.0010539569993852638,
      0.0012341360015852842
    ],
    "reference_wall_seconds": [
      0.00547607299995434,
      0.00543854200077476,
      0.005469088999234373,
      0.005426890000308049,
      0.00546535200010112
    ]
  },
  "timing_scope": "WARM_MATCHED_MICROTRAJECTORY_EXCLUDES_SETUP_RESET_VALIDATION_IO"
}
