{"status": "PASS_DIAGNOSTIC_NOT_PROOF", "native_tau_80dps": "0.000000002554130516334150112712499402105459619771018364948036103683224283483322055560753", "DOP853_augmented_optical_delta_tau": 1.9731045074324378e-17, "new_optical_IVP_segments": 32}
	Command being timed: "timeout 300 /tmp/bass_cr_r15_venv/bin/python independent_goal.py --stage /root/bass_cr_ncp_inputs_20261008 --result results/run_v1 --output results/INDEPENDENT_GOAL_V3.json"
	User time (seconds): 67.59
	System time (seconds): 0.08
	Percent of CPU this job got: 99%
	Elapsed (wall clock) time (h:mm:ss or m:ss): 1:07.68
	Average shared text size (kbytes): 0
	Average unshared data size (kbytes): 0
	Average stack size (kbytes): 0
	Average total size (kbytes): 0
	Maximum resident set size (kbytes): 88288
	Average resident set size (kbytes): 0
	Major (requiring I/O) page faults: 0
	Minor (reclaiming a frame) page faults: 16488
	Voluntary context switches: 3
	Involuntary context switches: 111
	Swaps: 0
	File system inputs: 0
	File system outputs: 56
	Socket messages sent: 0
	Socket messages received: 0
	Signals delivered: 0
	Page size (bytes): 4096
	Exit status: 0
