Traceback (most recent call last):
  File "/root/bass_cr_ncp_r15/research/cr_xthread_r15_20261008/independent_goal.py", line 80, in <module>
    x=a.parse_args();calc(x.stage,x.result,x.output)
                     ^^^^^^^^^^^^^^^^^^^^^^^^^^^^^^^
  File "/root/bass_cr_ncp_r15/research/cr_xthread_r15_20261008/independent_goal.py", line 76, in calc
    out.write_text(json.dumps(ans,indent=2)+'\n');print(json.dumps({k:ans[k] for k in ('status','native_tau_80dps','DOP853_augmented_optical_delta_tau','new_optical_IVP_segments')}))
                   ^^^^^^^^^^^^^^^^^^^^^^^^
  File "/usr/lib/python3.12/json/__init__.py", line 238, in dumps
    **kw).encode(obj)
          ^^^^^^^^^^^
  File "/usr/lib/python3.12/json/encoder.py", line 202, in encode
    chunks = list(chunks)
             ^^^^^^^^^^^^
  File "/usr/lib/python3.12/json/encoder.py", line 432, in _iterencode
    yield from _iterencode_dict(o, _current_indent_level)
  File "/usr/lib/python3.12/json/encoder.py", line 406, in _iterencode_dict
    yield from chunks
  File "/usr/lib/python3.12/json/encoder.py", line 326, in _iterencode_list
    yield from chunks
  File "/usr/lib/python3.12/json/encoder.py", line 406, in _iterencode_dict
    yield from chunks
  File "/usr/lib/python3.12/json/encoder.py", line 439, in _iterencode
    o = _default(o)
        ^^^^^^^^^^^
  File "/usr/lib/python3.12/json/encoder.py", line 180, in default
    raise TypeError(f'Object of type {o.__class__.__name__} '
TypeError: Object of type bool is not JSON serializable
Command exited with non-zero status 1
	Command being timed: "timeout 300 /tmp/bass_cr_r15_venv/bin/python independent_goal.py --stage /root/bass_cr_ncp_inputs_20261008 --result results/run_v1 --output results/INDEPENDENT_GOAL_V2.json"
	User time (seconds): 67.92
	System time (seconds): 0.08
	Percent of CPU this job got: 99%
	Elapsed (wall clock) time (h:mm:ss or m:ss): 1:08.01
	Average shared text size (kbytes): 0
	Average unshared data size (kbytes): 0
	Average stack size (kbytes): 0
	Average total size (kbytes): 0
	Maximum resident set size (kbytes): 88296
	Average resident set size (kbytes): 0
	Major (requiring I/O) page faults: 1
	Minor (reclaiming a frame) page faults: 16487
	Voluntary context switches: 7
	Involuntary context switches: 115
	Swaps: 0
	File system inputs: 144
	File system outputs: 8
	Socket messages sent: 0
	Socket messages received: 0
	Signals delivered: 0
	Page size (bytes): 4096
	Exit status: 1
