CELL 1 incoming_HII ['2.94852269045177314799670032380610481674071402780646726573980E-10', '3.04790206494621508515436631380877895369663991057835834821013E-10'] delta_tau 4.5204023283489569e-20 4.7965947552153966e-20
CELL 2 incoming_HII ['5.74937545337079392256961896163484627964955014922866377020101E-10', '6.24232562208309299944131562402604300708115865553559862833017E-10'] delta_tau 7.1317126591758170e-20 7.7753074704740236e-20
CELL 3 incoming_HII ['8.54925068284765807417714579580826058351151923702353173752851E-10', '9.43657796722737369517086424374329291497594438128599602320892E-10'] delta_tau 9.7421056980552404e-20 1.0753853710263820e-19
CELL 4 incoming_HII ['1.13481514649016363123523997283464716402391314145980773125538E-9', '1.26306620540748470499715528888436210884580058155796813700399E-9'] delta_tau 6.4977684290914697e-19 7.2016047712910038e-19
CELL 5 incoming_HII ['3.22246559589895705920356002855883610003741496617609607874101E-9', '3.64671611114835579426998676093160213871120316008610318311211E-9'] delta_tau 1.1813383315597888e-18 1.3273447529823048e-18
CELL 6 incoming_HII ['5.30812610750968101159946041852009730735298163219379646415685E-9', '6.03001847406389920220157904857407656154205655303307929714627E-9'] delta_tau 1.7123889653950084e-18 1.9344359268207100e-18
CELL 7 incoming_HII ['7.39179786163714753418933917937821130247231708090628943205424E-9', '8.41297373780308996675599357810047596957333114517523039728013E-9'] delta_tau 2.2429290694665547e-18 2.5414341313071008e-18
CELL 8 incoming_HII ['9.47348218719774764780886740020727238470320537239574692434254E-9', '1.07955824953375960493945325122618171380089945840791993351794E-8'] delta_tau 1.1821187274452345e-18 1.3459658468894015e-18
CELL 9 incoming_HII ['9.93997292704958823059174247472536603786679258426876747621909E-9', '1.13316849632193473947698201513597914914586601490140425296754E-8'] delta_tau 1.2384282626265953e-18 1.4106912618885323e-18
CELL 10 incoming_HII ['1.04062518873019916510805885874908737965197013114701690212646E-8', '1.18677504869363734866657783314750241007394067279746006646511E-8'] delta_tau 1.2947120390775315e-18 1.4754119959037346e-18
CELL 11 incoming_HII ['1.08723193579868995270328825213906418487329015613631739943819E-8', '1.24037793194373964617144574197504262765861307026357673018944E-8'] delta_tau 1.3509700817539731e-18 1.5401280692997831e-18
CELL 12 incoming_HII ['1.13381754361537992615663323640029964462696023423378613220862E-8', '1.29397715207110307235378313849065135704993754551550803896826E-8'] delta_tau 8.6088628234513450e-19 9.8226190993527227e-19
CELL 13 incoming_HII ['1.15179019695695714328045938155221789432405385032159647317268E-8', '1.31477462260022297776905285138068660763240807294677312848051E-8'] delta_tau 8.7438392064374188e-19 9.9788303556893291e-19
CELL 14 incoming_HII ['1.16975777796243301942425059486687401879220160494241643387225E-8', '1.33557123469835628087654681713826725513310748253288468255332E-8'] delta_tau 8.8787770381619087e-19 1.0135034664944295e-18
CELL 15 incoming_HII ['1.18772024736396519666460002523102348735757479900865637692082E-8', '1.35636694854129904179116951772018200543098959492156734930288E-8'] delta_tau 9.0136762594824325e-19 1.0291231963697439e-18
CELL 16 incoming_HII ['1.20567763127953766003302503880486029304455986549466031331011E-8', '1.37716178969298605583266878437189030875244510341503603404947E-8'] delta_tau 4.6485479993602608e-19 5.3095739714489516e-19
CELL 17 incoming_HII ['1.21034486360734219404308240370060837413554947226686648506977E-8', '1.38264896693226952478590449538999502441992078454939757342750E-8'] delta_tau 4.6664911760978664e-19 5.3306709680542624e-19
CELL 18 incoming_HII ['1.21501141823452799931766538806483316041362434999668045651366E-8', '1.38813603402557178022447019549218240304046881835044644149911E-8'] delta_tau 4.6844316884499059e-19 5.3517674790187298e-19
CELL 19 incoming_HII ['1.21967727505637381535020086391670610559061947342364460268162E-8', '1.39362297082958255742817142126093146499090790548035623535134E-8'] delta_tau 4.7023695203635914e-19 5.3728634881383354e-19
CELL 20 incoming_HII ['1.22434244719039262437847543140143907436336113029295752104615E-8', '1.39910979042371458079633061912452764908588527606900640836381E-8'] delta_tau 3.6713911107153855e-19 4.1954440239859617e-19
CELL 21 incoming_HII ['1.22715647764557858477036408176529018195606596145292806515755E-8', '1.40244948165914528532552550965010441041611496110095851229147E-8'] delta_tau 3.6798140143912677e-19 4.2054409469351736e-19
CELL 22 incoming_HII ['1.22997019049793071702809389393390647636817516723434634563353E-8', '1.40578912379533176941198689358983059878457793128474515657543E-8'] delta_tau 3.6882359436917483e-19 4.2154376979573117e-19
CELL 23 incoming_HII ['1.23278357530165649400785319456703140046905360738561099188069E-8', '1.40912870637238069785944772917487349337948956681550795846433E-8'] delta_tau 3.6966568825507575e-19 4.2254342609429730e-19
CELL 24 incoming_HII ['1.23559663268221935368861913284381879400862732250459834438468E-8', '1.41246823000163329920913825059477593986721436558625280626559E-8'] delta_tau 9.6318011432177024e-20 1.1010702248888465e-19
CELL 25 incoming_HII ['1.23577527348457937331403013216135895750354448453293695050485E-8', '1.41270658758245659097179112439332944805008180396797125786497E-8'] delta_tau 9.6331924387931134e-20 1.1012558869542798e-19
CELL 26 incoming_HII ['1.23595391749378007670716905517285456543790153901450699166005E-8', '1.41294495326631657747886811631455115520032633836315027154077E-8'] delta_tau 9.6345837011169359e-20 1.1014415494998986e-19
CELL 27 incoming_HII ['1.23613254917374542755388131393164154456444560223169691037136E-8', '1.41318331151702077830935946644932276181020887746447848427021E-8'] delta_tau 9.6359749317148542e-20 1.1016272126782359e-19
CELL 28 incoming_HII ['1.23631118629487964284208301747283439557832460826640088571439E-8', '1.41342168010500217544541925498788903367566264024538897980476E-8'] delta_tau 3.9119896043627126e-20 4.4724486383774619e-20
CELL 29 incoming_HII ['1.23633670260701958425644337805275328460290955489241830858574E-8', '1.41346488381091469927437948718968301384878811076673808325404E-8'] delta_tau 3.9120701517506053e-20 4.4725851263532536e-20
CELL 30 incoming_HII ['1.23636221541225598780775870713425124484318967820631244999417E-8', '1.41350808435851718903340345943368305212947836055890243191924E-8'] delta_tau 3.9121507047111023e-20 4.4727216209992082e-20
CELL 31 incoming_HII ['1.23638773625432191841410782488791488439119389444091980191663E-8', '1.41355129329156799296939461654435908918236118727140902961819E-8'] delta_tau 3.9122312478187139e-20 4.4728581068900514e-20
RESULT {"tau_native_piecewise_defined": [2.55413051633415e-09, 2.55413051633415e-09], "signed_tau_difference_interval": [1.8495168669507532e-17, 2.1010588762679408e-17], "tau_fixed_birth_continuum_interval": [2.554130534829319e-09, 2.5541305373447387e-09]}
	Command being timed: "python3 run_r15.py --stage /root/bass_cr_ncp_inputs_20261008 --output results/run_v1"
	User time (seconds): 9.55
	System time (seconds): 0.02
	Percent of CPU this job got: 99%
	Elapsed (wall clock) time (h:mm:ss or m:ss): 0:09.58
	Average shared text size (kbytes): 0
	Average unshared data size (kbytes): 0
	Average stack size (kbytes): 0
	Average total size (kbytes): 0
	Maximum resident set size (kbytes): 29696
	Average resident set size (kbytes): 0
	Major (requiring I/O) page faults: 0
	Minor (reclaiming a frame) page faults: 5737
	Voluntary context switches: 1
	Involuntary context switches: 13
	Swaps: 0
	File system inputs: 0
	File system outputs: 5712
	Socket messages sent: 0
	Socket messages received: 0
	Signals delivered: 0
	Page size (bytes): 4096
	Exit status: 0
