FORWARD 0 GOAL ['1.77588061912454741537951551776542902525958536572080929575150E-20', '1.90956295734998433467524921758067282046219671024571232426661E-20']
FORWARD 1 GOAL ['6.30131109500280173691663306954155775770308283796442109029881E-20', '6.65984577562098148181412259496189801959947007713406785477063E-20']
FORWARD 2 GOAL ['1.35753870757755050708763075530199422366530044183154595424430E-19', '1.42499300040659661162959790182527705986496979504204745533645E-19']
FORWARD 3 GOAL ['2.35972058366059212761206803837488737878545460598813013161345E-19', '2.46788988983253231516805399763460081836982989739116606759877E-19']
FORWARD 4 GOAL ['8.98051073977009367825990731956461069915548605733748984142659E-19', '9.46064074481456771196589126919726055118179633182175215855796E-19']
FORWARD 5 GOAL ['2.11987617679648288821183619000560360560943357390551411819839E-18', '2.22365191578463633001665773133888424455633552737457183524682E-18']
FORWARD 6 GOAL ['3.90094482101083930253838107140867458339353787669173910012105E-18', '4.07904213017696409091689567081777984852325231084162371778667E-18']
FORWARD 7 GOAL ['6.24075493616632367538165308541930297655886028522283562504300E-18', '6.51172481624873852043392509750114744260708028101951234667104E-18']
FORWARD 8 GOAL ['7.48175692825730641353575035657340754052051652522893027520137E-18', '7.79555203966916753661160506002438781583905081078508645909416E-18']
FORWARD 9 GOAL ['8.78206858561051528203184988947587800205808020843022677310896E-18', '9.14066448672208262232302550957619248485981123959916289859559E-18']
FORWARD 10 GOAL ['1.01416646324793721425181601193214265682053611765797153278114E-17', '1.05470364873702837390186283729571742830616736879752768908273E-17']
FORWARD 11 GOAL ['1.15605198222363639258378571037792379671045641232234640406553E-17', '1.20146424000486130919795019439969341238714651744417531779858E-17']
FORWARD 12 GOAL ['1.24654632764293534026370691671521960577511921315703458481131E-17', '1.29500423809748554799202813546615480022814371774974336841450E-17']
FORWARD 13 GOAL ['1.33846299988580000012573458763166126614932464880674328973293E-17', '1.39001413713195617548710009850378039414910331706449797937755E-17']
FORWARD 14 GOAL ['1.43180162176109450980586735752309002466230529516649779420434E-17', '1.48649355390596423809754411439677540950171945639863554403103E-17']
FORWARD 15 GOAL ['1.52656181541414718308012350552119207391745735861744037053229E-17', '1.58444210469528668142023248451409684049297984415504203667957E-17']
FORWARD 16 GOAL ['1.57545014714787514078258839847709254697649617276058379535926E-17', '1.63496071652764006321959377611408928976260096650516955983285E-17']
FORWARD 17 GOAL ['1.62452778327220360314421444121696111690637161621509859770834E-17', '1.68567502432820339416977400324919516215848652106070878056019E-17']
FORWARD 18 GOAL ['1.67379469788220001949647221842915280528476455526535073428749E-17', '1.73658500176979912706455484655811249001313996215727617839974E-17']
FORWARD 19 GOAL ['1.72325086488956385863411677522390425129441208795427280201630E-17', '1.78769062237244686183812914927326354234169882690776462955652E-17']
FORWARD 20 GOAL ['1.76186621759142098051136134220338733942190166656496938931577E-17', '1.82759234096470943132840611975279006658309526613185983061223E-17']
FORWARD 21 GOAL ['1.80057050035129202264077186605417298663294389616068063111213E-17', '1.86758600890284254392380301826838562028181617390763021627193E-17']
FORWARD 22 GOAL ['1.83936370373499412972046119302135216182731545546591457874446E-17', '1.90767161659190006574362202621808154913000051405967811269424E-17']
FORWARD 23 GOAL ['1.87824581813859914172214773089959952796074148467014793543623E-17', '1.94784915427955504571818626938938148381414310518149175002724E-17']
FORWARD 24 GOAL ['1.88837747543189906457038112900504372153011530072674650731310E-17', '1.95831778721955289147950393428483719661705050721175885162646E-17']
FORWARD 25 GOAL ['1.89851061645122778296774081824281775781176359051801156826178E-17', '1.96878795790459790090676052537212431817390414929448068661717E-17']
FORWARD 26 GOAL ['1.90864524117010130911457842076228702180583432720634881458771E-17', '1.97925966630306357046844814529797833940311747261182060416290E-17']
FORWARD 27 GOAL ['1.91878134955661464452504938717225246837342223450063261186331E-17', '1.98973291238695488655876390098067352835613555309771669357280E-17']
FORWARD 28 GOAL ['1.92289640463265600711989089655083865927163865939843001095146E-17', '1.99398482601616061570442971347293558120882862740243806694325E-17']
FORWARD 29 GOAL ['1.92701154770364668271902224836872417287131548140528835292262E-17', '1.99823683135252186394929508872074112930233941848768389969101E-17']
FORWARD 30 GOAL ['1.93112677877461748562134223474448290837554734456957650117114E-17', '2.00248892840197791894302820974414033591237244199061080947167E-17']
FORWARD 31 GOAL ['1.93524209783726634669598498218668477712660980539396055512064E-17', '2.00674111715452814694222517080243897931212095794211346409912E-17']
RESULT {"task": "R16B_CERTIFIED_SIGNED_ADJOINT_WITH_BIRTHS", "status": "CERTIFIED_SHARPENING", "signed_optical_depth_interval": ["1.93952149246122105640334464568857077003923403510713337451052E-17", "2.00673392521469305112644147185875600842764948764166993310174E-17"], "adjoint": {"signed_interval": ["1.93952149246122105640334464568857077003923403510713337451052E-17", "2.00673392521469305112644147185875600842764948764166993310174E-17"], "forcing": ["1.93952149990167893314590975058676016987950187568919806658268E-17", "2.00673391777423528504880346252376099486549270404264474134012E-17"], "births": ["-1.13054352436385895714865110193715504082538501372078436606713E-33", "2.38942534082270132858699913673246458222796752523668203146908E-35"], "nonlinear_radius": "7.44045776368821266851229368497515764686656060953364792728887E-26", "lambda_at_initial": [["2.49134088503174317091100543605956580745452905520228264959829E-9", "2.49134400348009396441212643245624845543432719075317954365781E-9"], ["2.06909786112219343874719565959170262039999796193364556117491E-10", "2.06909795302039862459423662949981654782779510291083717457010E-10"], ["4.13819805427063691442925102534376764514916858890851607487372E-10", "4.13819823355300816436015886481093178900995870041071642951123E-10"], ["3.61241646945295664674608541191717162701363051510392002790636E-14", "3.61943115075165476100118452167154458075493398509570993058514E-14"], ["1.44950652136758197700584664941500438930756837144308917656703E-13", "1.45232730078245003542737379405406567349387395665607044647109E-13"]], "computed_in": "pilot_serial_v1; adjoint not rerun after affine storage change"}, "forward_affine": {"signed_interval": ["1.93524209783726634669598498218668477712660980539396055512064E-17", "2.00674111715452814694222517080243897931212095794211346409912E-17"], "shared_birth_labels": ["theta_birth_1", "theta_birth_2", "theta_birth_3", "theta_birth_4", "theta_birth_5", "theta_birth_6"], "correlation": "same generators retained in incoming state, old photons and accumulated goal; only coefficient/nonlinear defects receive fresh remainder generators"}, "panels_per_cell": 64, "full_time_panels": 2048, "births": 6, "dimension_progression": [5, 5, 5, 5, 6, 6, 6, 6, 7, 7, 7, 7, 8, 8, 8, 8, 9, 9, 9, 9, 10, 10, 10, 10, 11, 11, 11, 11, 11, 11, 11, 11], "time_s": [0, 1250000000], "R15_interval_exact": [{"num": "456965797608288406545984838979835867645460744213228996174518150627928534120775530383818873579055851485473778336093437726084451097016143671101638267055167391009325892798695995115217845827334144123532411248674468398571356496199430819051677201937633692285163886087985017060741725072069088614336374388949449354861517436078924098730862734419251239750601291751496446308604852627684891197150816882453662676539193216288030491056941513161084443", "den": "24707306311927565716857342128774085333197833223161879682238935306082805123046306993647507776054336486228891340858985829027076261887914242781617846672453431386903982455635542158748401823985988322905245077938567513252198179128990807936780194781391547404884040101606295111368825026273254703636026307207764436438929167613952000000000000000000000000000000000000000000000000000000000000000000000000000000000000000000000000000000000000000000000000000000000000"}, {"num": "2076460209413853163278948769088350920914471318660813400013395016347379881351185594509309555207118487221992747277609937420549262408186537397134225055596560913547110429453256067153629930430416124985330873760241467916203274694023166465720549699691307225836350647775973752655245741969792940555101368909305453978823898830327738696136007284544106384416736965005270632042793138913310415739577227098690555767464036799372035225634221744831995353", "den": "98829225247710262867429368515096341332791332892647518728955741224331220492185227974590031104217345944915565363435943316108305047551656971126471386689813725547615929822542168634993607295943953291620980311754270053008792716515963231747120779125566189619536160406425180445475300105093018814544105228831057745755716670455808000000000000000000000000000000000000000000000000000000000000000000000000000000000000000000000000000000000000000000000000000000000000"}], "nonempty_R15_overlap": true, "width_ratio_to_R15": 0.26720162145448634, "strict_sign_positive": true, "conditional_on": "unchanged Decimal60 directed/outward arithmetic and archived donor Picard/all-prefix proofs; no independent interval RHS/proof assistant", "midpoint_R16_used_as_proof": false, "physical": "HOLD", "production": "HOLD", "finish_wall_s": 110.17891909300124, "coordinator_peak_RSS_KiB": 119188, "prep_worker_peak_RSS_KiB_max": 29088, "forward_birth_labels_preserved": ["theta_birth_1", "theta_birth_2", "theta_birth_3", "theta_birth_4", "theta_birth_5", "theta_birth_6"], "non_birth_generator_compression": "outward, every8panels; cannot shrink any state/goal marginal; shared birth labels never compressed"}
	Command being timed: "timeout 600 python3 finish_certificate.py --prepared results/pilot_serial_v1 --stage /root/bass_cr_r16b_inputs --output results/final_v2"
	User time (seconds): 110.14
	System time (seconds): 0.16
	Percent of CPU this job got: 99%
	Elapsed (wall clock) time (h:mm:ss or m:ss): 1:50.31
	Average shared text size (kbytes): 0
	Average unshared data size (kbytes): 0
	Average stack size (kbytes): 0
	Average total size (kbytes): 0
	Maximum resident set size (kbytes): 119188
	Average resident set size (kbytes): 0
	Major (requiring I/O) page faults: 0
	Minor (reclaiming a frame) page faults: 45918
	Voluntary context switches: 3
	Involuntary context switches: 149
	Swaps: 0
	File system inputs: 0
	File system outputs: 85304
	Socket messages sent: 0
	Socket messages received: 0
	Signals delivered: 0
	Page size (bytes): 4096
	Exit status: 0
