PASS_NEW_R16B_SCIENCE_NO_PARENT_SUITE
	Command being timed: "timeout 900 /tmp/bass_cr_r15_venv/bin/python -B reproduce.py --archive /root/BASS_CR_R16_THEORY_20261009_v1.zip --output /root/bass_cr_r16b_full_reproduction_v1 --workers 8"
	User time (seconds): 442.79
	System time (seconds): 0.75
	Percent of CPU this job got: 167%
	Elapsed (wall clock) time (h:mm:ss or m:ss): 4:25.57
	Average shared text size (kbytes): 0
	Average unshared data size (kbytes): 0
	Average stack size (kbytes): 0
	Average total size (kbytes): 0
	Maximum resident set size (kbytes): 147544
	Average resident set size (kbytes): 0
	Major (requiring I/O) page faults: 0
	Minor (reclaiming a frame) page faults: 191443
	Voluntary context switches: 834
	Involuntary context switches: 586
	Swaps: 0
	File system inputs: 0
	File system outputs: 120000
	Socket messages sent: 0
	Socket messages received: 0
	Signals delivered: 0
	Page size (bytes): 4096
	Exit status: 0
