{"status": "MPFR256_PRIMAL_DUAL_INTERVAL_CHECK_PASS", "backward_signed_interval": ["1.93952149246122105640334464568857077003923403510713337531923500307034260883909e-17", "2.00673392521469305112644147185875600842764948764166993268134227646764815330135e-17"], "forward_signed_interval": ["1.93949772004031774545959054414582591799387313359282132169698240606867529526661e-17", "2.0067577286586929764131690284341054844240390830416009797362846520473724023057e-17"], "elapsed_s": 110.599608651999}
	Command being timed: "timeout 600 /tmp/bass_cr_r15_venv/bin/python mpfr_check.py --prepared results/pilot_serial_v1 --output results/MPFR256_CHECK.json"
	User time (seconds): 110.64
	System time (seconds): 0.09
	Percent of CPU this job got: 99%
	Elapsed (wall clock) time (h:mm:ss or m:ss): 1:50.74
	Average shared text size (kbytes): 0
	Average unshared data size (kbytes): 0
	Average stack size (kbytes): 0
	Average total size (kbytes): 0
	Maximum resident set size (kbytes): 90548
	Average resident set size (kbytes): 0
	Major (requiring I/O) page faults: 0
	Minor (reclaiming a frame) page faults: 35670
	Voluntary context switches: 3
	Involuntary context switches: 172
	Swaps: 0
	File system inputs: 0
	File system outputs: 144
	Socket messages sent: 0
	Socket messages received: 0
	Signals delivered: 0
	Page size (bytes): 4096
	Exit status: 0
