PANELS_READY 0 RSS 23436
PANELS_READY 1 RSS 25632
PANELS_READY 2 RSS 25728
PANELS_READY 3 RSS 25752
PANELS_READY 4 RSS 25764
PANELS_READY 5 RSS 25764
PANELS_READY 6 RSS 26032
PANELS_READY 7 RSS 26048
PANELS_READY 8 RSS 26052
PANELS_READY 9 RSS 26052
PANELS_READY 10 RSS 26348
PANELS_READY 11 RSS 26368
PANELS_READY 12 RSS 26368
PANELS_READY 13 RSS 26368
PANELS_READY 14 RSS 26712
PANELS_READY 15 RSS 26740
PANELS_READY 16 RSS 26740
PANELS_READY 17 RSS 27764
PANELS_READY 18 RSS 28296
PANELS_READY 19 RSS 28296
PANELS_READY 20 RSS 28296
PANELS_READY 21 RSS 28576
PANELS_READY 22 RSS 28576
PANELS_READY 23 RSS 28576
PANELS_READY 24 RSS 28576
PANELS_READY 25 RSS 29088
PANELS_READY 26 RSS 29088
PANELS_READY 27 RSS 29088
PANELS_READY 28 RSS 29088
PANELS_READY 29 RSS 29088
PANELS_READY 30 RSS 29088
PANELS_READY 31 RSS 29088
ADJOINT 31 FORCING ['7.07710173706148243885617704204175170676025574491885619473906E-25', '7.42424627710667255179412720692113390974757615989502928624088E-25'] NL 2.22239576763344311429258832712172327868558149723228116946649E-32
ADJOINT 30 FORCING ['2.48524668731539302472505873454535801917186027429604061572784E-24', '2.59014258371106906915632996735426729143075245590675527840972E-24'] NL 8.82083819209177701256819376262804656693399959588480015887026E-32
ADJOINT 29 FORCING ['5.33180655761003202623454857419337667591603346006973700735195E-24', '5.54234120014151733347730841277397657513764649199147572752607E-24'] NL 1.97948457620436245724074597784420191116119634562880326101645E-31
ADJOINT 28 FORCING ['9.24813602323767237173851947573594795800441310533425041492769E-24', '9.59977279786817241169522492805215274383861859413538045919322E-24'] NL 3.51439370886615016497307509923702346491246672468274320235930E-31
ADJOINT 27 FORCING ['4.57882023503490459568507553667443268951016447169340516900456E-23', '4.75195342559952686387368841498095661432760738890713321906635E-23'] NL 1.04654418147721344948832277196994511930831974885909976451744E-30
ADJOINT 26 FORCING ['9.83125052659664004357144999143336170369252909689900548231028E-23', '1.01953613162158762410170329660832356068380001506204217550359E-22'] NL 2.06745474406143382445828092418794761891982376743052892121898E-30
ADJOINT 25 FORCING ['1.66825980946757457921277111318573392482335396810279440035915E-22', '1.72906988230017161689852737447818539085833572814291294270090E-22'] NL 3.41398880620890221721647425406875792759420447194176130323665E-30
ADJOINT 24 FORCING ['2.51322405266971363301655818792786094221306216099745215962671E-22', '2.60373430603289736698723219795863341724991777850044537833856E-22'] NL 5.08596413882740423364132287141283571047479089546386336541660E-30
ADJOINT 23 FORCING ['2.17739214018081082439920390695554529486136523020758205192401E-21', '2.25984215999656470836759383340545301919873337018126624221082E-21'] NL 2.30268802156005373202680278618790539676494241261705460839408E-29
ADJOINT 22 FORCING ['5.00954929225502439077796652324610670473448579140737047532765E-21', '5.19544832973689498937488133482174844540242639702271964844829E-21'] NL 4.99798968028425951206310332297188520858153019979316672886453E-29
ADJOINT 21 FORCING ['8.74787092121545373481729175611241027142779893727937818608167E-21', '9.06727302746583096810657929662663213933649239630477695021857E-21'] NL 8.58871952511065151662358953189407928671401777669595781512293E-29
ADJOINT 20 FORCING ['1.33924149349459715309651364784456307137816352696820246301292E-20', '1.38753781268148073881383191450160943256317779215231868711146E-20'] NL 1.30691061751162654324828127521019496729594507729298343862484E-28
ADJOINT 19 FORCING ['2.28305709044208059333049470510672835347825048632364354075639E-20', '2.36467440324206177837386792819175688647057065608682714757918E-20'] NL 2.14198771553508074840866717081700157502542532848692942920273E-28
ADJOINT 18 FORCING ['3.41891481529749362007189989057305623775392982999761648813020E-20', '3.54022368295529144454853358383168169478026442181881299916334E-20'] NL 3.14731326199657518016904563670712276695406809073777637713831E-28
ADJOINT 17 FORCING ['4.74683729598071916549432985158476324086456648183810553614155E-20', '4.91420938074791479459047683891036665666251951247564965683388E-20'] NL 4.32112366718771460658629187750979780651875820179197455777606E-28
ADJOINT 16 FORCING ['6.26683969028219706681051103195040976119686700251145438187824E-20', '6.48664773841006346482960014119709446058407665153682537906890E-20'] NL 5.66166001701137952791945340678619914449819388018104373992506E-28
ADJOINT 15 FORCING ['1.32625141239450551294761121716732745797606934602139562446724E-19', '1.37294326991278547273557648437789280893471779508166616508224E-19'] NL 1.08854248405886073773855229086221084659331963207084140799002E-27
ADJOINT 14 FORCING ['2.16904275753957726229044411528726952848529609564433568463703E-19', '2.24519876239417837377619550195031365492637138849544152040882E-19'] NL 1.71020792407674215621555816901763189152452023423668057386939E-27
ADJOINT 13 FORCING ['3.15508782337291158440715840459657536241220597959338151851354E-19', '3.26546266838578200983436299346285567888473255524221358787434E-19'] NL 2.42735709480436599595642900121451489123812569035984300437235E-27
ADJOINT 12 FORCING ['4.28441344219341047454618896880214755599923674732409760819911E-19', '4.43376341197092640913403315362842948141971481203252557829530E-19'] NL 3.23621055160248393478582130140638353047102544555103801125962E-27
ADJOINT 11 FORCING ['7.72114830997764791937061748976177190020554935936010591738343E-19', '7.99079229318902937949875885400918292852618121352997167299052E-19'] NL 5.53177092696246000019944848168935546578616816915547851816853E-27
ADJOINT 10 FORCING ['1.17532122869098222306370067770807817797523275830152903757998E-18', '1.21629211373153373106536284817568326895151228556332967797822E-18'] NL 8.11551973459417265924019159902834399954476721621941828177388E-27
ADJOINT 9 FORCING ['1.63807980499725818601240600934885804121682087263932075485737E-18', '1.69503532907636097771600822298560216187752705413701425594201E-18'] NL 1.09523866365476505157338403991895499851300679464342274666580E-26
ADJOINT 8 FORCING ['2.16041006112289831007258599324705955562564187465539937125057E-18', '2.23532944441355443712487109698371400422185315985599916277820E-18'] NL 1.40077449818411809266839316180135881273211767666883802803014E-26
ADJOINT 7 FORCING ['4.94533438968051094264401703721682366572160259944788215590094E-18', '5.11859952113260537791961963309453588068800694092513335222633E-18'] NL 3.06636545759126840486454670929666075363840600661930927069058E-26
ADJOINT 6 FORCING ['8.29028239164328649642636076455609265662178565935889719949760E-18', '8.58051697684609424261763240566606052611567756839951981093106E-18'] NL 4.68858061356224742260161091776096828033592202332246689223030E-26
ADJOINT 5 FORCING ['1.21956362834285091638990376935267247004243582347827448739619E-17', '1.26214852312333276383375660889413339496009483359900191395885E-17'] NL 6.14308063089675562546977669137591660876756713649432596045085E-26
ADJOINT 4 FORCING ['1.66617784378636375370841354519625532341160182862326021717252E-17', '1.72419078823076194569171294262502794244394550039094069583687E-17'] NL 7.30943758363346430443274199172209314236326125308578542673337E-26
ADJOINT 3 FORCING ['1.73038401128496366082460862556766054535029430342654039043592E-17', '1.79055930362736806728537252520399293703093640439860529310669E-17'] NL 7.35477492125037147483934297963172857786639858381827108220693E-26
ADJOINT 2 FORCING ['1.79734285345968472255192387818945896181461406603266512094846E-17', '1.85977214853305725624158274542350733702870463007289046378272E-17'] NL 7.39213810523274296378364711154982509412389491671298068499524E-26
ADJOINT 1 FORCING ['1.86705511885296387576210049072615310033938615461466585267149E-17', '1.93183010970549921636073993618199629117526625478189206267015E-17'] NL 7.42078754015500135536267043221435021452028802080230449127757E-26
ADJOINT 0 FORCING ['1.93952149990167893314590975058676016987950187568919806658268E-17', '2.00673391777423528504880346252376099486549270404264474134012E-17'] NL 7.44045776368821266851229368497515764686656060953364792728887E-26
FORWARD 0 GOAL ['1.77588061914551015839639194133312081414448009317334924821969E-20', '1.90956295732902159165837279401298103157730198279317237179842E-20']
FORWARD 1 GOAL ['6.30131109519091707921000957702282790165428103255174798356581E-20', '6.65984577543286613952074608748062787564827188254674096150363E-20']
FORWARD 2 GOAL ['1.35753870764341822676328385978322987103510229804997675674486E-19', '1.42499300034072889195394479734404141249516793882361665283589E-19']
Traceback (most recent call last):
  File "/root/bass_cr_ncp_r16b/research/cr_r16b_20261009/run_certificate.py", line 106, in <module>
    if __name__=='__main__':
        ^^^^^^^^^^^^^^^^^^^^^
  File "/root/bass_cr_ncp_r16b/research/cr_r16b_20261009/run_certificate.py", line 80, in run
    for i in range(32):shutil.copyfile(prepared/f'cell_{i:02d}.json',out/f'cell_{i:02d}.json')
                                             ^^^^^^^^^^^^^^^^^^^^^^^^^
  File "/root/bass_cr_ncp_r16b/research/cr_r16b_20261009/run_certificate.py", line 51, in forward_affine
    for gi,ei in zip(gmid,e):optical=optical+ei.scale(IV(d)*IV(gi))
                                             ^^^^^^^^^^^^^^^^^^^^^^
  File "/root/bass_cr_ncp_r16b/research/cr_r16b_20261009/validated.py", line 54, in scale
    def scale(self,a):return Aff(self.c*IV(a),{k:v*IV(a) for k,v in self.noise.items()})
                                               ^^^^^^^^^
KeyboardInterrupt
Command terminated by signal 2
	Command being timed: "timeout 600 python3 run_certificate.py --stage /root/bass_cr_r16b_inputs --output results/pilot_serial_v1 --panels 64 --workers 1"
	User time (seconds): 289.23
	System time (seconds): 0.35
	Percent of CPU this job got: 100%
	Elapsed (wall clock) time (h:mm:ss or m:ss): 4:48.69
	Average shared text size (kbytes): 0
	Average unshared data size (kbytes): 0
	Average stack size (kbytes): 0
	Average total size (kbytes): 0
	Maximum resident set size (kbytes): 147828
	Average resident set size (kbytes): 0
	Major (requiring I/O) page faults: 0
	Minor (reclaiming a frame) page faults: 86563
	Voluntary context switches: 677
	Involuntary context switches: 668
	Swaps: 0
	File system inputs: 0
	File system outputs: 84784
	Socket messages sent: 0
	Socket messages received: 0
	Signals delivered: 0
	Page size (bytes): 4096
	Exit status: 0
