{"workers": 1, "wall_s": 3.3500646550000965, "peak_RSS_KiB_per_worker_upper": 24932, "kernel_digest_by_cell": ["635accefac5f3ce5c6c4323eef4cac4284317c54e05d681ec57fec9cf26ff040", "c3cb1832ec1106f2b67942325b1ebf32588cfcca38c87e6c3cc2bf0972195550", "0afd4549752f1dc554910d1e93cca06e348bc6871d9c2ed9bedb42651e7ae356", "3eaf390a27036f6f492c51ab651381867dc19747a3b1e8555531c583eeb308e5", "104ac6c297d3d0944db52b11c17101702e3a179a700cc75a73f29a362bb9ec79", "28c5b6e6e5b69dc1e5cfc23c71659a9b161161923a31a318d7f56a324541906c", "f8d1d25789220113831829111e3e8c6091040d645df7481d6e1c0746eef71a2d", "fef023446d14788fcd2f8a401d5bc7239f44a759d8e980eed51ea0d21649c43b"], "bitwise_same_outputs": true}
{"workers": 2, "wall_s": 1.7616942759996164, "peak_RSS_KiB_per_worker_upper": 25660, "kernel_digest_by_cell": ["635accefac5f3ce5c6c4323eef4cac4284317c54e05d681ec57fec9cf26ff040", "c3cb1832ec1106f2b67942325b1ebf32588cfcca38c87e6c3cc2bf0972195550", "0afd4549752f1dc554910d1e93cca06e348bc6871d9c2ed9bedb42651e7ae356", "3eaf390a27036f6f492c51ab651381867dc19747a3b1e8555531c583eeb308e5", "104ac6c297d3d0944db52b11c17101702e3a179a700cc75a73f29a362bb9ec79", "28c5b6e6e5b69dc1e5cfc23c71659a9b161161923a31a318d7f56a324541906c", "f8d1d25789220113831829111e3e8c6091040d645df7481d6e1c0746eef71a2d", "fef023446d14788fcd2f8a401d5bc7239f44a759d8e980eed51ea0d21649c43b"], "bitwise_same_outputs": true}
{"workers": 4, "wall_s": 0.9731173460004356, "peak_RSS_KiB_per_worker_upper": 25760, "kernel_digest_by_cell": ["635accefac5f3ce5c6c4323eef4cac4284317c54e05d681ec57fec9cf26ff040", "c3cb1832ec1106f2b67942325b1ebf32588cfcca38c87e6c3cc2bf0972195550", "0afd4549752f1dc554910d1e93cca06e348bc6871d9c2ed9bedb42651e7ae356", "3eaf390a27036f6f492c51ab651381867dc19747a3b1e8555531c583eeb308e5", "104ac6c297d3d0944db52b11c17101702e3a179a700cc75a73f29a362bb9ec79", "28c5b6e6e5b69dc1e5cfc23c71659a9b161161923a31a318d7f56a324541906c", "f8d1d25789220113831829111e3e8c6091040d645df7481d6e1c0746eef71a2d", "fef023446d14788fcd2f8a401d5bc7239f44a759d8e980eed51ea0d21649c43b"], "bitwise_same_outputs": true}
{"workers": 8, "wall_s": 0.6389063610004087, "peak_RSS_KiB_per_worker_upper": 23684, "kernel_digest_by_cell": ["635accefac5f3ce5c6c4323eef4cac4284317c54e05d681ec57fec9cf26ff040", "c3cb1832ec1106f2b67942325b1ebf32588cfcca38c87e6c3cc2bf0972195550", "0afd4549752f1dc554910d1e93cca06e348bc6871d9c2ed9bedb42651e7ae356", "3eaf390a27036f6f492c51ab651381867dc19747a3b1e8555531c583eeb308e5", "104ac6c297d3d0944db52b11c17101702e3a179a700cc75a73f29a362bb9ec79", "28c5b6e6e5b69dc1e5cfc23c71659a9b161161923a31a318d7f56a324541906c", "f8d1d25789220113831829111e3e8c6091040d645df7481d6e1c0746eef71a2d", "fef023446d14788fcd2f8a401d5bc7239f44a759d8e980eed51ea0d21649c43b"], "bitwise_same_outputs": true}
	Command being timed: "timeout 120 python3 pilot_workers.py --stage /root/bass_cr_r16b_inputs --output results/RESOURCE_PILOTS.json"
	User time (seconds): 13.60
	System time (seconds): 0.32
	Percent of CPU this job got: 204%
	Elapsed (wall clock) time (h:mm:ss or m:ss): 0:06.81
	Average shared text size (kbytes): 0
	Average unshared data size (kbytes): 0
	Average stack size (kbytes): 0
	Average total size (kbytes): 0
	Maximum resident set size (kbytes): 25760
	Average resident set size (kbytes): 0
	Major (requiring I/O) page faults: 0
	Minor (reclaiming a frame) page faults: 72074
	Voluntary context switches: 351
	Involuntary context switches: 17
	Swaps: 0
	File system inputs: 0
	File system outputs: 24
	Socket messages sent: 0
	Socket messages received: 0
	Signals delivered: 0
	Page size (bytes): 4096
	Exit status: 0
