test_nonzero_terminal_incoming_not_reset (test_validated.DirectedTests.test_nonzero_terminal_incoming_not_reset) ... FAIL
test_shared_birth_noise_cancels (test_validated.DirectedTests.test_shared_birth_noise_cancels) ... FAIL
test_signed_negative_offdiagonal_not_absolute (test_validated.DirectedTests.test_signed_negative_offdiagonal_not_absolute) ... FAIL

======================================================================
FAIL: test_nonzero_terminal_incoming_not_reset (test_validated.DirectedTests.test_nonzero_terminal_incoming_not_reset)
----------------------------------------------------------------------
Traceback (most recent call last):
  File "/root/bass_cr_ncp_r16b/research/cr_r16b_20261009/test_validated.py", line 13, in test_nonzero_terminal_incoming_not_reset
    self.assertEqual(left[0].data(),['6','6'])
AssertionError: Lists differ: ['0', '0'] != ['6', '6']

First differing element 0:
'0'
'6'

- ['0', '0']
?   ^    ^

+ ['6', '6']
?   ^    ^


======================================================================
FAIL: test_shared_birth_noise_cancels (test_validated.DirectedTests.test_shared_birth_noise_cancels)
----------------------------------------------------------------------
Traceback (most recent call last):
  File "/root/bass_cr_ncp_r16b/research/cr_r16b_20261009/test_validated.py", line 17, in test_shared_birth_noise_cancels
    self.assertEqual(a.box().data(),['-2','2'])
AssertionError: Lists differ: ['0', '0'] != ['-2', '2']

First differing element 0:
'0'
'-2'

- ['0', '0']
?   ^    ^

+ ['-2', '2']
?   ^^    ^


======================================================================
FAIL: test_signed_negative_offdiagonal_not_absolute (test_validated.DirectedTests.test_signed_negative_offdiagonal_not_absolute)
----------------------------------------------------------------------
Traceback (most recent call last):
  File "/root/bass_cr_ncp_r16b/research/cr_r16b_20261009/test_validated.py", line 8, in test_signed_negative_offdiagonal_not_absolute
    self.assertTrue(left[0].contains(1))
AssertionError: False is not true

----------------------------------------------------------------------
Ran 3 tests in 0.001s

FAILED (failures=3)
