E
======================================================================
ERROR: test_contract (unittest.loader._FailedTest.test_contract)
----------------------------------------------------------------------
ImportError: Failed to import test module: test_contract
Traceback (most recent call last):
  File "/usr/lib/python3.12/unittest/loader.py", line 394, in _find_test_path
    module = self._get_module_from_name(name)
             ^^^^^^^^^^^^^^^^^^^^^^^^^^^^^^^^
  File "/usr/lib/python3.12/unittest/loader.py", line 337, in _get_module_from_name
    __import__(name)
  File "/root/bass_cr_ncp_r17b2b/research/cr_r17b2b_20261010/tests/test_contract.py", line 4, in <module>
    from homotopy import load_contract,channel_jump_orders
ModuleNotFoundError: No module named 'homotopy'


----------------------------------------------------------------------
Ran 1 test in 0.000s

FAILED (errors=1)
Command exited with non-zero status 1
	Command being timed: "/root/bass_cr_r17b2_recovery_20261010/venv/bin/python -B -m unittest discover -s research/cr_r17b2b_20261010/tests"
	User time (seconds): 0.05
	System time (seconds): 0.01
	Percent of CPU this job got: 98%
	Elapsed (wall clock) time (h:mm:ss or m:ss): 0:00.06
	Average shared text size (kbytes): 0
	Average unshared data size (kbytes): 0
	Average stack size (kbytes): 0
	Average total size (kbytes): 0
	Maximum resident set size (kbytes): 14848
	Average resident set size (kbytes): 0
	Major (requiring I/O) page faults: 0
	Minor (reclaiming a frame) page faults: 2256
	Voluntary context switches: 1
	Involuntary context switches: 0
	Swaps: 0
	File system inputs: 0
	File system outputs: 8
	Socket messages sent: 0
	Socket messages received: 0
	Signals delivered: 0
	Page size (bytes): 4096
	Exit status: 1
