{"status": "HOMOTOPY_UNIFORM_CONTINUUM_SOURCE_BOUND__NO_CERTIFIED_SOURCE_SHARPENING", "q_contraction": ["0.0013409569883603781043916500218235152238766554058234756067114210591721662330939799", "0.0013409569883603781043916500218235152238766554058234756067114210591721662330939802"], "source_signed_interval_candidate": ["-9.9973754022799530266541555155702268502888906308942286483912327567667838309051947E-17", "9.9973754022799530266541555155702268502888906308942286483912327567667838309051947E-17"], "source_nonlinearity_nominal_tangent_remainder_radius": ["2.9257272835987700309564506330565943253382462056451925523623528747888755074898703E-23", "2.9258370004290826957538949463413498620983267747263130050097509060148326950013652E-23"], "narrower_than_fallback": false}
	Command being timed: "/root/bass_cr_r17b2_recovery_20261010/venv/bin/python -B research/cr_r17b2b_20261010/run_bounds.py --output research/cr_r17b2b_20261010/results/BOUNDS.json"
	User time (seconds): 0.21
	System time (seconds): 0.01
	Percent of CPU this job got: 99%
	Elapsed (wall clock) time (h:mm:ss or m:ss): 0:00.22
	Average shared text size (kbytes): 0
	Average unshared data size (kbytes): 0
	Average stack size (kbytes): 0
	Average total size (kbytes): 0
	Maximum resident set size (kbytes): 17920
	Average resident set size (kbytes): 0
	Major (requiring I/O) page faults: 0
	Minor (reclaiming a frame) page faults: 2160
	Voluntary context switches: 1
	Involuntary context switches: 0
	Swaps: 0
	File system inputs: 0
	File system outputs: 56
	Socket messages sent: 0
	Socket messages received: 0
	Signals delivered: 0
	Page size (bytes): 4096
	Exit status: 0
