{"status": "INDEPENDENT_INTERVAL_RHS_AND_HESSIAN_PASS", "independently_written_MP_nonphoto_values": 4, "independently_written_MP_gradients": 16, "independently_written_MP_Hessians": 64, "independent_donor_interval_RHS_components": 5, "independent_donor_interval_Jacobian_components": 25, "point_interval_inclusion_corners": 8, "source_photon_coordinate": "p/H", "donor_photon_coordinate": "p/P0", "clock_conversion": "s=u*T/donor_DURATION; rows multiplied by T/donor_DURATION", "R16B_shared_AD_panels_used": false, "old_donor_suite_runs": 0, "donor_code_mutations": 0, "interval_RHS_independent_of_new_transcription": true}
	Command being timed: "/root/bass_cr_r17b2_recovery_20261010/venv/bin/python -B research/cr_r17b2b_20261010/independent_check.py --output research/cr_r17b2b_20261010/results/INDEPENDENT.json"
	User time (seconds): 8.63
	System time (seconds): 0.06
	Percent of CPU this job got: 801%
	Elapsed (wall clock) time (h:mm:ss or m:ss): 0:01.08
	Average shared text size (kbytes): 0
	Average unshared data size (kbytes): 0
	Average stack size (kbytes): 0
	Average total size (kbytes): 0
	Maximum resident set size (kbytes): 34816
	Average resident set size (kbytes): 0
	Major (requiring I/O) page faults: 0
	Minor (reclaiming a frame) page faults: 5327
	Voluntary context switches: 62
	Involuntary context switches: 88
	Swaps: 0
	File system inputs: 0
	File system outputs: 16
	Socket messages sent: 0
	Socket messages received: 0
	Signals delivered: 0
	Page size (bytes): 4096
	Exit status: 0
