Traceback (most recent call last):
  File "/root/bass_cr_ncp_r17b2b/research/cr_r17b2b_20261010/mpfr_check.py", line 92, in <module>
    a=argparse.ArgumentParser();a.add_argument('--output',type=Path,required=True);x=a.parse_args();r=check()
                                                                                                      ^^^^^^^
  File "/root/bass_cr_ncp_r17b2b/research/cr_r17b2b_20261010/mpfr_check.py", line 76, in check
    independent=hm.compute()
                ^^^^^^^^^^^^
  File "/root/bass_cr_ncp_r17b2b/research/cr_r17b2b_20261010/src/homotopy.py", line 51, in compute
    np,unused=nonphoto_rhs(u,[D2.var(box,j) for j,box in enumerate(z)])
              ^^^^^^^^^^^^^^^^^^^^^^^^^^^^^^^^^^^^^^^^^^^^^^^^^^^^^^^^^
  File "/root/bass_cr_ncp_r17b2b/research/cr_r17b2b_20261010/src/interval_rhs.py", line 42, in nonphoto_rhs
    f,temp=nonphoto(z);k=lambda v:constant(v,z[3]);nh=k(NH)*exp(-3*k(H)*T*u)
           ^^^^^^^^^^^
  File "/root/bass_cr_ncp_r17b2b/research/cr_r17b2b_20261010/src/interval_rhs.py", line 25, in nonphoto
    l=k(lam)/temp
      ~~~~~~^~~~~
  File "/root/bass_cr_ncp_r17b2b/research/cr_r17b2b_20261010/mpfr_check.py", line 31, in __truediv__
    def __truediv__(self,b):return self*(b.reciprocal() if isinstance(b,(M,G)) else M(b).reciprocal())
                                                                                    ^^^^
  File "/root/bass_cr_ncp_r17b2b/research/cr_r17b2b_20261010/mpfr_check.py", line 13, in __init__
    self.lo=op(DOWN,lambda:g.mpfr(a if isinstance(a,(float,int,g.mpfr)) else str(a)))
            ^^^^^^^^^^^^^^^^^^^^^^^^^^^^^^^^^^^^^^^^^^^^^^^^^^^^^^^^^^^^^^^^^^^^^^^^^
  File "/root/bass_cr_ncp_r17b2b/research/cr_r17b2b_20261010/mpfr_check.py", line 8, in op
    with g.context(ctx):return fn()
                               ^^^^
  File "/root/bass_cr_ncp_r17b2b/research/cr_r17b2b_20261010/mpfr_check.py", line 13, in <lambda>
    self.lo=op(DOWN,lambda:g.mpfr(a if isinstance(a,(float,int,g.mpfr)) else str(a)))
                           ^^^^^^^^^^^^^^^^^^^^^^^^^^^^^^^^^^^^^^^^^^^^^^^^^^^^^^^^^
ValueError: invalid digits
Command exited with non-zero status 1
	Command being timed: "/root/bass_cr_r17b2_recovery_20261010/venv/bin/python -B research/cr_r17b2b_20261010/mpfr_check.py --output research/cr_r17b2b_20261010/results/MPFR.json"
	User time (seconds): 0.24
	System time (seconds): 0.00
	Percent of CPU this job got: 99%
	Elapsed (wall clock) time (h:mm:ss or m:ss): 0:00.25
	Average shared text size (kbytes): 0
	Average unshared data size (kbytes): 0
	Average stack size (kbytes): 0
	Average total size (kbytes): 0
	Maximum resident set size (kbytes): 21504
	Average resident set size (kbytes): 0
	Major (requiring I/O) page faults: 0
	Minor (reclaiming a frame) page faults: 2557
	Voluntary context switches: 1
	Involuntary context switches: 1
	Swaps: 0
	File system inputs: 0
	File system outputs: 8
	Socket messages sent: 0
	Socket messages received: 0
	Signals delivered: 0
	Page size (bytes): 4096
	Exit status: 1
