Traceback (most recent call last):
  File "/root/bass_cr_ncp_r17b2b/research/cr_r17b2b_20261010/mpfr_check.py", line 92, in <module>
    a=argparse.ArgumentParser();a.add_argument('--output',type=Path,required=True);x=a.parse_args();r=check()
                                                                                                      ^^^^^^^
  File "/root/bass_cr_ncp_r17b2b/research/cr_r17b2b_20261010/mpfr_check.py", line 76, in check
    independent=hm.compute()
                ^^^^^^^^^^^^
  File "/root/bass_cr_ncp_r17b2b/research/cr_r17b2b_20261010/src/homotopy.py", line 75, in compute
    jet=Jet.variable(e);sigma_jets=sigma(jet).derivatives()
                                   ^^^^^^^^^^
  File "/root/bass_cr_ncp_r17b2b/research/cr_r17b2b_20261010/src/interval_rhs.py", line 18, in sigma
    return k(5.475e4)*(x-1)**2*x**(2.963/2-5.5)*(1+(x/k(32.88))**.5)**(-2.963)*k(1e-18)
           ~~~~~~~~~~^~~~~~~~~
  File "/root/bass_cr_ncp_r17b2b/research/cr_r17b2b_20261010/mpfr_check.py", line 25, in __mul__
    b=M(b);pairs=[(x,y) for x in (self.lo,self.hi) for y in (b.lo,b.hi)]
      ^^^^
  File "/root/bass_cr_ncp_r17b2b/research/cr_r17b2b_20261010/mpfr_check.py", line 13, in __init__
    self.lo=op(DOWN,lambda:g.mpfr(a if isinstance(a,(float,int,g.mpfr)) else str(a)))
            ^^^^^^^^^^^^^^^^^^^^^^^^^^^^^^^^^^^^^^^^^^^^^^^^^^^^^^^^^^^^^^^^^^^^^^^^^
  File "/root/bass_cr_ncp_r17b2b/research/cr_r17b2b_20261010/mpfr_check.py", line 8, in op
    with g.context(ctx):return fn()
                               ^^^^
  File "/root/bass_cr_ncp_r17b2b/research/cr_r17b2b_20261010/mpfr_check.py", line 13, in <lambda>
    self.lo=op(DOWN,lambda:g.mpfr(a if isinstance(a,(float,int,g.mpfr)) else str(a)))
                           ^^^^^^^^^^^^^^^^^^^^^^^^^^^^^^^^^^^^^^^^^^^^^^^^^^^^^^^^^
ValueError: invalid digits
Command exited with non-zero status 1
	Command being timed: "/root/bass_cr_r17b2_recovery_20261010/venv/bin/python -B research/cr_r17b2b_20261010/mpfr_check.py --output research/cr_r17b2b_20261010/results/MPFR.json"
	User time (seconds): 0.49
	System time (seconds): 0.02
	Percent of CPU this job got: 100%
	Elapsed (wall clock) time (h:mm:ss or m:ss): 0:00.52
	Average shared text size (kbytes): 0
	Average unshared data size (kbytes): 0
	Average stack size (kbytes): 0
	Average total size (kbytes): 0
	Maximum resident set size (kbytes): 34304
	Average resident set size (kbytes): 0
	Major (requiring I/O) page faults: 0
	Minor (reclaiming a frame) page faults: 5729
	Voluntary context switches: 1
	Involuntary context switches: 1
	Swaps: 0
	File system inputs: 0
	File system outputs: 8
	Socket messages sent: 0
	Socket messages received: 0
	Signals delivered: 0
	Page size (bytes): 4096
	Exit status: 1
