[{"auxiliary_midpoints_per_cell": 16, "eta": 1, "source": "same continuous Sdb represented only for diagnostics", "exact_midpoint_W1_global_u": "183369457536414429305163900296937455477467/3402823669209384634633746074317682114560000000000", "clock_realification_error": "0", "mass_realification_error": "799862400185/5192296858534827628530496329220096", "independent_quadrature_gas_forcing_bound": ["1.3823564303221424504237889932667483091045794694338067780137047089280106556927926E-10", "1.3823564303221424504237889932667483091045794694338067780137047089280106556927929E-10"], "independent_tau_quadrature_radius": ["4.3100086270255229212014161149916994160375925106767965074673291379055538850572811E-19", "4.3100086270255229212014161149916994160375925106767965074673291379055538850572832E-19"], "point_ODE_integration_error": "NOT_ENCLOSED; diagnostics cannot be promoted to interval truth", "proof": "Exact midpoint integral |b-bmid| and full-birth absorption/heat Lipschitz majorant; directed causal gas contraction", "physical_source_plan_changed": false, "auxiliary_mass_perturbation_contraction": ["0.0013409569883603781043952516061237299041702501784533008606854058208922857961240063", "0.0013409569883603781043952516061237299041702501784533008606854058208922857961240067"]}, {"auxiliary_midpoints_per_cell": 32, "eta": 1, "source": "same continuous Sdb represented only for diagnostics", "exact_midpoint_W1_global_u": "183369457536414429305163900296937455477467/6805647338418769269267492148635364229120000000000", "clock_realification_error": "0", "mass_realification_error": "799862400185/5192296858534827628530496329220096", "independent_quadrature_gas_forcing_bound": ["6.9117821516107320101496862243899698517495804627227900611117425872170446573162927E-11", "6.9117821516107320101496862243899698517495804627227900611117425872170446573162936E-11"], "independent_tau_quadrature_radius": ["2.1550043135127676208992446666664078181010919240675681197321141369526583025720551E-19", "2.1550043135127676208992446666664078181010919240675681197321141369526583025720562E-19"], "point_ODE_integration_error": "NOT_ENCLOSED; diagnostics cannot be promoted to interval truth", "proof": "Exact midpoint integral |b-bmid| and full-birth absorption/heat Lipschitz majorant; directed causal gas contraction", "physical_source_plan_changed": false, "auxiliary_mass_perturbation_contraction": ["0.0013409569883603781043952516061237299041702501784533008606854058208922857961240063", "0.0013409569883603781043952516061237299041702501784533008606854058208922857961240067"]}]
	Command being timed: "/root/bass_cr_r17b2_recovery_20261010/venv/bin/python -B research/cr_r17b2b_20261010/quadrature_bound.py --output research/cr_r17b2b_20261010/results/QUADRATURE.json"
	User time (seconds): 0.39
	System time (seconds): 0.01
	Percent of CPU this job got: 99%
	Elapsed (wall clock) time (h:mm:ss or m:ss): 0:00.40
	Average shared text size (kbytes): 0
	Average unshared data size (kbytes): 0
	Average stack size (kbytes): 0
	Average total size (kbytes): 0
	Maximum resident set size (kbytes): 18432
	Average resident set size (kbytes): 0
	Major (requiring I/O) page faults: 0
	Minor (reclaiming a frame) page faults: 2219
	Voluntary context switches: 1
	Involuntary context switches: 0
	Swaps: 0
	File system inputs: 0
	File system outputs: 16
	Socket messages sent: 0
	Socket messages received: 0
	Signals delivered: 0
	Page size (bytes): 4096
	Exit status: 0
