{
  "schema": "R4AK_INDEPENDENT_READONLY_REVIEW_V1",
  "status": "PASS",
  "conditions": 64,
  "checks": [
    "nonnegative_tail_panel_12",
    "nonnegative_tail_panel_13",
    "nonnegative_tail_panel_14",
    "nonnegative_tail_panel_15",
    "nonnegative_tail_panel_16",
    "nonnegative_tail_panel_17",
    "nonnegative_tail_panel_18",
    "nonnegative_tail_panel_19",
    "nonnegative_tail_panel_20",
    "nonnegative_tail_panel_21",
    "nonnegative_tail_panel_22",
    "nonnegative_tail_panel_23",
    "nonnegative_tail_panel_24",
    "nonnegative_tail_panel_25",
    "nonnegative_tail_panel_26",
    "nonnegative_tail_panel_27",
    "nonnegative_tail_panel_28",
    "nonnegative_tail_panel_29",
    "nonnegative_tail_panel_30",
    "nonnegative_tail_panel_31",
    "nonnegative_tail_panel_32",
    "nonnegative_tail_panel_33",
    "nonnegative_tail_panel_34",
    "nonnegative_tail_panel_35",
    "nonnegative_tail_panel_36",
    "nonnegative_tail_panel_37",
    "nonnegative_tail_panel_38",
    "nonnegative_tail_panel_39",
    "independent_beta_tail_exact_equality",
    "inherited_G_unchanged",
    "inherited_T_unchanged",
    "cross_square_upper",
    "pair_lower",
    "condition_number",
    "disjoint_split_domain",
    "no_full18_promotion",
    "input_BASS_CR_R4AG_CANDIDATE.npz",
    "input_BASS_CR_R4AG_CANDIDATE.json",
    "input_BASS_CR_R4AB_GRAM_EXACT.json",
    "symbolic_full_metric_compatibility",
    "symbolic_retained_metric_compatibility",
    "symbolic_Galerkin_test_orthogonality",
    "symbolic_nonzero_complement_residual",
    "model_S_matches_independent",
    "model_K_matches_independent",
    "residual_square_0",
    "metric_defect_zero_0",
    "independent_Bernstein_numerator_0",
    "residual_square_1",
    "metric_defect_zero_1",
    "independent_Bernstein_numerator_1",
    "residual_square_2",
    "metric_defect_zero_2",
    "independent_Bernstein_numerator_2",
    "residual_square_3",
    "metric_defect_zero_3",
    "independent_Bernstein_numerator_3",
    "propagation_exact_for_Gamma_zero",
    "observable_error_composition",
    "independent70digit_synthetic_full_population",
    "observed_state_inside_bound",
    "observed_population_inside_bound",
    "raw_physical_bridge_absent",
    "pure_frame_residual_not_zero"
  ],
  "tail_alternate_basis": "exact incomplete beta in endpoint/bubble basis",
  "synthetic_full_population_70digits": "0.06120870230652736607285684824358587400263321750382948435179512587298685",
  "pure_frame_exact_state_distance_t1": "0.009999625024216923976397338057026925958998234824532794164570345991978925",
  "producer_science_replayed": false,
  "old_science_replayed": false,
  "scope": "same-session independent rational/symbolic/high-precision checks, not external human or physical run"
}
