{
  "schema": "R4AK_BOUND_EXECUTION_RESULT_V1",
  "status": "UNIFORM_CANDIDATE_PAIR_AND_REFERENCE_ENVELOPES_COMPLETE",
  "contract_sha256": "d98dfcedbee20936be0131e97040b3332ffbf8ad638c117a4e752ed85701b6fb",
  "pair_result_sha256": "a2cc22440636f89444d019d683181fe6fd46181c046fa9f0a6e4171a270e1605",
  "synthetic_result_sha256": "dfa06d876acacdd79c12e1724875204cad7c48404dea8d70bfa07e6477f263f2",
  "wall_seconds": 0.13562324700001227,
  "maxRSS_KiB": 123820,
  "counts": {
    "new_exact_radial_tail": 1,
    "synthetic_ODE": 1,
    "new_cross": 0,
    "new_M9": 0,
    "old_suite": 0,
    "m64_prepare": 0
  },
  "physical_bridge_upper": null,
  "full18_metric_lower": null,
  "missing_actual_inputs": [
    "continuous full18 S,K,Sdot enclosures",
    "same-endpoint initial state bound",
    "selector/embedding discrepancy",
    "actual bridge interval error budget"
  ],
  "global_ceiling": {
    "G02": "UNRESOLVED",
    "production": "HOLD",
    "capture": false,
    "all_bound": "OPEN",
    "b_grid": "NO_GO"
  }
}
