CONSTANTS,0,3f1a36e2eb1c432d,1.00000000000000005e-4
CONSTANTS,1,3ee16807505659a9,8.30000000000000015e-6
CONSTANTS,2,421beb9bf3a00000,2.99792458000000000e10
CONSTANTS,3,3ca3e5b21cc8f74f,1.38064899999999999e-16
CONSTANTS,4,3d7c2f8fe5409db9,1.60217663399999993e-12
CONSTANTS,5,402b3266051507a6,1.35984345997019993e1
CONSTANTS,6,4038965f20504658,2.45873890109999991e1
CONSTANTS,7,404b357928e0c9da,5.44177600000000012e1
CONSTANTS,8,4034000000000000,2.00000000000000000e1
CONSTANTS,9,4041800000000000,3.50000000000000000e1
CONSTANTS,10,4051800000000000,7.00000000000000000e1
SIGMA0,0,3c4464d1be5d9def,2.21110298403921632e-18
SIGMA0,1,3c20a3ba2a3cb7ca,4.51016161329319183e-19
SIGMA0,2,3bf10a475c192130,5.77342785243449408e-20
SIGMA1,0,0000000000000000,0.00000000000000000e0
SIGMA1,1,3c52bf7d77636818,4.06532624723736687e-18
SIGMA1,2,3c31b80c8da8a9de,9.60545746078132191e-19
SIGMA2,0,0000000000000000,0.00000000000000000e0
SIGMA2,1,0000000000000000,0.00000000000000000e0
SIGMA2,2,3c2d8a8186414a35,8.00711463442350023e-19
OLD,0,3feccccccccccccd,9.00000000000000022e-1
OLD,1,3fd3333333333333,2.99999999999999989e-1
OLD,2,3fe3333333333333,5.99999999999999978e-1
OLD,3,3ce3a803a7d621e9,2.18228832562499962e-15
OLD,4,3ed4f8b588e368f1,5.00000000000000041e-6
OLD,5,3ea0c6f7a0b5ed8e,5.00000000000000083e-7
OLD,6,3e7ad7f29abcaf49,1.00000000000000009e-7
OLD,7,0000000000000000,0.00000000000000000e0
CONTROL,0,41cdcd6500000000,1.00000000000000000e9
CONTROL,1,41bdcd6500000000,5.00000000000000000e8
CONTROL,2,3cd203af9ee75616,1.00000000000000008e-15
CONTROL,3,4069000000000000,2.00000000000000000e2
HALF1_STATE,0,3fecccf6ea926d98,9.00020082615287542e-1
HALF1_STATE,1,3fd3333f8ab0d43e,3.00002942505049108e-1
HALF1_STATE,2,3fe33333e8757245,6.00000337620777757e-1
HALF1_STATE,3,3ce3a80aa63d54b2,2.18230017351898696e-15
HALF1_STATE,4,3ed4f6ee4140fb79,4.99834370165554515e-6
HALF1_STATE,5,3ea0c675b71d06a9,4.99940922639621867e-7
HALF1_STATE,6,3e7ad799c9c99a7a,9.99949513830230286e-8
HALF1_STATE,7,3b4470a64c17627a,3.38152054704195886e-23
HALF1_EVENTS,0,3e1c747a26d78375,1.65629834445544253e-9
HALF1_EVENTS,1,3dc293ce29ad5076,3.37920292525999520e-11
HALF1_EVENTS,2,3d6e7101cc409bb4,8.65197582788237271e-13
HALF1_EVENTS,3,0000000000000000,0.00000000000000000e0
HALF1_EVENTS,4,3dbbcd302017eba4,2.52853311256267730e-11
HALF1_EVENTS,5,3d7505968e5888fb,1.19495260564875780e-12
HALF1_EVENTS,6,0000000000000000,0.00000000000000000e0
HALF1_EVENTS,7,0000000000000000,0.00000000000000000e0
HALF1_EVENTS,8,3d8a496dd02b5962,2.98846678855021954e-12
HALF1_EVENTS,9,3df5d85ee6052f9a,3.17889469973271770e-10
HALF1_EVENTS,10,3d6aeec05db58175,7.65471178652661908e-13
HALF1_EVENTS,11,3cc49539cb288108,5.71290601218688878e-16
HALF1_EVENTS,12,3d6487d03d2e81db,5.83512508707049272e-13
HALF1_EVENTS,13,3d152d5485e54a28,1.88090174271990194e-14
HALF1_EVENTS,14,3d4a49a94e134f6b,1.86785624400512997e-13
HALF1_EVENTS,15,3ce060acfad1705d,1.81828324193264359e-15
HALF1_EVENTS,16,3c97fe8ce84e5616,8.32470813706181437e-17
HALF1_RHS,0,3d269c6b754a0bb9,4.01652305751079118e-14
HALF1_RHS,1,3cfa80f467060719,5.88501009817512544e-15
HALF1_RHS,2,3cc854010b607174,6.75241555361668684e-16
HALF1_RHS,3,39fe09b90c21f6b9,2.36957879748031741e-29
HALF1_RHS,4,bc4e8da5d5669f6e,-3.31259668891088503e-18
HALF1_RHS,5,bc016fc2574f5bc8,-1.18154720756453442e-19
HALF1_RHS,6,bbc7d76746533450,-1.00972339539744292e-20
HALF1_RATES,0,3c4e8da5d5669f6e,3.31259668891088503e-18
HALF1_RATES,1,3bf3f281d029f9f7,6.75840585051998997e-20
HALF1_RATES,2,3ba057d6bac8cd2a,1.73039516557647461e-21
HALF1_RATES,3,0000000000000000,0.00000000000000000e0
HALF1_RATES,4,3bedda05bce97b33,5.05706622512535485e-20
HALF1_RATES,5,3ba6926facf2e035,2.38990521129751557e-21
HALF1_RATES,6,0000000000000000,0.00000000000000000e0
HALF1_RATES,7,0000000000000000,0.00000000000000000e0
HALF1_RATES,8,3bbc39ab58c891f1,5.97693357710043939e-21
HALF1_RATES,9,3c2774c326f27682,6.35778939946543568e-19
HALF1_RATES,10,3b9ceb2ed789c959,1.53094235730532390e-21
HALF1_RATES,11,3af619c9bf4095ae,1.14258120243737784e-24
HALF1_RATES,12,3b960b62fef39b1b,1.16702501741409854e-21
HALF1_RATES,13,3b46bd1be3b35f4f,3.76180348543980407e-23
HALF1_RATES,14,3b7c39eb39c547ff,3.73571248801025993e-22
HALF1_RATES,15,3b1195d9ebe81b6b,3.63656648386528734e-24
HALF1_RATES,16,3ac9c383671535e7,1.66494162741236278e-25
HALF1_AUX,0,40e869f9364bed9a,4.99997878780022293e4
HALF1_AUX,1,3975f283c4f8f924,6.76304109408391362e-32
HALF1_AUX,2,3c9c6b7000000000,9.86005642910313396e-17
HALF1_AUX,3,4008000000000000,3.00000000000000000e0
HALF2_STATE,0,3feccd21033854ed,9.00040155686523513e-1
HALF2_STATE,1,3fd3334be1afe9af,3.00005884549729041e-1
HALF2_STATE,2,3fe333349db59b53,6.00000675226377900e-1
HALF2_STATE,3,3ce3a811a369b335,2.18231201327483041e-15
HALF2_STATE,4,3ed4f527379ce739,4.99668828429240616e-6
HALF2_STATE,5,3ea0c5f3d5bb15f7,4.99881859871471880e-7
HALF2_STATE,6,3e7ad740fad00798,9.99899032045039319e-8
HALF2_STATE,7,3b5470bc9488f6a0,6.76315359439878739e-23
HALF2_EVENTS,0,3e1c709a41440162,1.65541736313906014e-9
HALF2_EVENTS,1,3dc29249ec2a8831,3.37812534202393761e-11
HALF2_EVENTS,2,3d6e6f0c8fa8740b,8.64980206022040690e-13
HALF2_EVENTS,3,0000000000000000,0.00000000000000000e0
HALF2_EVENTS,4,3dbbcc1d2003c621,2.52815147297134303e-11
HALF2_EVENTS,5,3d750523d26b33c2,1.19485308968890778e-12
HALF2_EVENTS,6,0000000000000000,0.00000000000000000e0
HALF2_EVENTS,7,0000000000000000,0.00000000000000000e0
HALF2_EVENTS,8,3d8a4927bc50b5f5,2.98834522337058339e-12
HALF2_EVENTS,9,3df5d745db1b475c,3.17827065973162050e-10
HALF2_EVENTS,10,3d6aee79fc2fd27e,7.65440655782797639e-13
HALF2_EVENTS,11,3cc49516e031cb20,5.71275812943729181e-16
HALF2_EVENTS,12,3d64880da4d86ad3,5.83539138853215342e-13
HALF2_EVENTS,13,3d152d81950edfc4,1.88096280936138853e-14
HALF2_EVENTS,14,3d4a49d1d48862c1,1.86790018154095624e-13
HALF2_EVENTS,15,3ce060a8e3049802,1.81827630817271012e-15
HALF2_EVENTS,16,3c97fe7a5f67b385,8.32461001481061663e-17
HALF2_RHS,0,3d2699ab3b40a380,4.01461424719926058e-14
HALF2_RHS,1,3cfa7fe4a601f73a,5.88408935991656992e-15
HALF2_RHS,2,3cc853b95ed62039,6.75211200248055795e-16
HALF2_RHS,3,39fe0470ddc63d23,2.36795116870162847e-29
HALF2_RHS,4,bc4e897ccae3b766,-3.31083472627812031e-18
HALF2_RHS,5,bc016ea816186dad,-1.18125536299905606e-19
HALF2_RHS,6,bbc7d6df941c5e0a,-1.00963570381630648e-20
HALF2_RATES,0,3c4e897ccae3b766,3.31083472627812031e-18
HALF2_RATES,1,3bf3f0e0f17d41ba,6.75625068404787517e-20
HALF2_RATES,2,3ba056c9a1565c33,1.72996041204408136e-21
HALF2_RATES,3,0000000000000000,0.00000000000000000e0
HALF2_RATES,4,3bedd8de75673341,5.05630294594268605e-20
HALF2_RATES,5,3ba691f47b150965,2.38970617937781561e-21
HALF2_RATES,6,0000000000000000,0.00000000000000000e0
HALF2_RATES,7,0000000000000000,0.00000000000000000e0
HALF2_RATES,8,3bbc39601a030947,5.97669044674116708e-21
HALF2_RATES,9,3c277395628969fb,6.35654131946324111e-19
HALF2_RATES,10,3b9ceae3455efede,1.53088131156559523e-21
HALF2_RATES,11,3af619a4411cf2ef,1.14255162588745841e-24
HALF2_RATES,12,3b960ba4edcfdd59,1.16707827770643063e-21
HALF2_RATES,13,3b46bd4c457cae08,3.76192561872277684e-23
HALF2_RATES,14,3b7c3a16bd426593,3.73580036308191272e-22
HALF2_RATES,15,3b1195d586d6fcdc,3.63655261634542009e-24
HALF2_RATES,16,3ac9c36f8048c70d,1.66492200296212324e-25
HALF2_AUX,0,40e869f26cf64efa,4.99995758010427962e4
HALF2_AUX,1,3975f2b39f2c0b48,6.76326609471365533e-32
HALF2_AUX,2,3ca5ed8d031716a4,1.52155600087796072e-16
HALF2_AUX,3,4008000000000000,3.00000000000000000e0
SUM_EVENTS,0,3e2c728a340dc26c,3.31171570759450287e-9
SUM_EVENTS,1,3dd2930c0aebec54,6.75732826728393345e-11
SUM_EVENTS,2,3d7e70072df487e0,1.73017778881027806e-12
SUM_EVENTS,3,0000000000000000,0.00000000000000000e0
SUM_EVENTS,4,3dcbcca6a00dd8e2,5.05668458553402001e-11
SUM_EVENTS,5,3d85055d3061de5e,2.38980569533766538e-12
SUM_EVENTS,6,0000000000000000,0.00000000000000000e0
SUM_EVENTS,7,0000000000000000,0.00000000000000000e0
SUM_EVENTS,8,3d9a494ac63e07ac,5.97681201192080333e-12
SUM_EVENTS,9,3e05d7d260903b7b,6.35716535946433819e-10
SUM_EVENTS,10,3d7aee9d2cf2a9fa,1.53091183443545965e-12
SUM_EVENTS,11,3cd4952855ad2614,1.14256641416241806e-15
SUM_EVENTS,12,3d7487eef1037657,1.16705164756026461e-12
SUM_EVENTS,13,3d252d6b0d7a14f6,3.76186455208129046e-14
SUM_EVENTS,14,3d5a49bd914dd916,3.73575642554608621e-13
SUM_EVENTS,15,3cf060aaeeeb0430,3.63655955010535410e-15
SUM_EVENTS,16,3ca7fe83a3db04ce,1.66493181518724322e-16
ESCAPE_INCREMENT,0,3b4470a64c17627a,3.38152054704195886e-23
ESCAPE_INCREMENT,1,3b4470d2dcfa8ac6,3.38163304735682853e-23
ESCAPE_INCREMENT,2,3b5470bc9488f6a0,6.76315359439878739e-23
BE_CALLS,2
