{
  "work_unit": "CR-PHYS02C-SOURCE-ALGEBRA",
  "completed_utc": "2026-10-10T17:20:09.923306+00:00",
  "script_sha256": "f8d192cb939048fb49b1a052803046d6a75e9dbd4cbca9dd43f965042b9b446d",
  "contract_sha256": "1009af7ce62f6b6d35436e2b2eb6dc0990151a4171bf77555550b17c0ddd559c",
  "environment": {
    "mpmath_version": "1.3.0",
    "decimal_precision": 50
  },
  "H": {
    "Ni": "0.43499584932514801259832562569039603180653769862624",
    "Q": "0.56682443191033904178643632014098937270906506686167",
    "K_BED": "1.5650041506748519874016743743096039681934623013738",
    "threshold_df_dw": "0.78146725925265835919863557432495966770824821561496",
    "independent_form_values": {
      "Ni_y": "0.43499584932514801259832562569039603180653769862624",
      "Q_y": "0.56682443191033904178643632014098937270906506686167"
    },
    "comparison_to_source_Table1": {
      "printed_Ni": ".4349958493",
      "absolute_error": "0.000000000025148012598325625690396031806537698626241822241693"
    },
    "D_samples": [
      {
        "incident_eV": 15,
        "D_H(t)": "0.036556035815933087405744471154550959671296082904074",
        "g_H(0)": "0.78146725925265835919863557432495966770824821561496",
        "g_H((t-1)/2)": "0.68374580413094820035415732480368554550899502305089"
      },
      {
        "incident_eV": 20,
        "D_H(t)": "0.12591310880824145861541660799568110589592263129545",
        "g_H(0)": "0.78146725925265835919863557432495966770824821561496",
        "g_H((t-1)/2)": "0.44246164259590103789010968579223361816336806544989"
      },
      {
        "incident_eV": 25,
        "D_H(t)": "0.1769834329437324371927624676929522349885503606346",
        "g_H(0)": "0.78146725925265835919863557432495966770824821561496",
        "g_H((t-1)/2)": "0.30246682411250866517314734400068803458208432308903"
      },
      {
        "incident_eV": 30,
        "D_H(t)": "0.20824787064668418311110854377059047037878924982142",
        "g_H(0)": "0.78146725925265835919863557432495966770824821561496",
        "g_H((t-1)/2)": "0.21567536738964186728220945015911994834209215619276"
      },
      {
        "incident_eV": 60,
        "D_H(t)": "0.26714539248137730735317015931593937242573071620506",
        "g_H(0)": "0.78146725925265835919863557432495966770824821561496",
        "g_H((t-1)/2)": "0.048383436489212383133504500498349709911309230816614"
      },
      {
        "incident_eV": 100,
        "D_H(t)": "0.27901167397039259861116085046205117212451656348385",
        "g_H(0)": "0.78146725925265835919863557432495966770824821561496",
        "g_H((t-1)/2)": "0.013416151670518642451227707203111169381744411911673"
      },
      {
        "incident_eV": 500,
        "D_H(t)": "0.28337448688885526697507558219890045974351858475338",
        "g_H(0)": "0.78146725925265835919863557432495966770824821561496",
        "g_H((t-1)/2)": "0.00012245509413120626279518269245842168892531360157435"
      },
      {
        "incident_eV": 900,
        "D_H(t)": "0.28340648982488225663647286989440361844374704078797",
        "g_H(0)": "0.78146725925265835919863557432495966770824821561496",
        "g_H((t-1)/2)": "0.000018894755039898092770765126023961665730371316274724"
      }
    ]
  },
  "He": {
    "Ni_exact_rational": "10063003/6250000",
    "Ni_decimal": "1.61008048",
    "Q_exact_rational": "13695611/15000000",
    "Q_decimal": "0.91304073333333333333333333333333333333333333333333",
    "K_BED_exact_rational": "14936997/12500000",
    "K_BED_decimal": "1.19495976",
    "threshold_df_dw": "1.6835824",
    "K_printed_Muller2009_minus_consistent": "-0.0089597599999999999999999999999999999999999999999995",
    "Q_NIST_minus_consistent": "-0.028940733333333333333333333333333333333333333333333"
  },
  "checks": {
    "H_Ni_transform": true,
    "H_Q_transform": true,
    "H_Ni_table1": true
  },
  "discrepancies": {
    "Ni_w_minus_y": "0.0",
    "Q_w_minus_y": "0.0"
  },
  "status": "PASS",
  "elapsed_s": 1.0477626619976945,
  "limitations": [
    "No cascade code imported or run.",
    "No empirical accuracy calibration.",
    "Integration equality is numerical, not an interval certificate."
  ]
}
