F.......F...
======================================================================
FAIL: test_causal_survival (test_backend.BackendTests.test_causal_survival)
----------------------------------------------------------------------
Traceback (most recent call last):
  File "/root/bass_cr_ncp_r17b2/research/cr_r17b2_20261010/tests/test_backend.py", line 30, in test_causal_survival
    e,p=probe(I(2),I(1),I('0.1'));self.assertTrue(p.contains(I('-0.1').exp().lo));self.assertLess(float(e.hi),13.7)
                                                                                  ^^^^^^^^^^^^^^^^^^^^^^^^^^^^^^^^^
AssertionError: 13.700000000000113 not less than 13.7

======================================================================
FAIL: test_memory_feedback (test_backend.BackendTests.test_memory_feedback)
----------------------------------------------------------------------
Traceback (most recent call last):
  File "/root/bass_cr_ncp_r17b2/research/cr_r17b2_20261010/tests/test_backend.py", line 32, in test_memory_feedback
    self.assertTrue(memory_response(I(2),I('0.3')).contains(-.6))
AssertionError: False is not true

----------------------------------------------------------------------
Ran 12 tests in 0.008s

FAILED (failures=2)
Command exited with non-zero status 1
	Command being timed: "python3 -B -m unittest discover -s research/cr_r17b2_20261010/tests"
	User time (seconds): 0.08
	System time (seconds): 0.01
	Percent of CPU this job got: 98%
	Elapsed (wall clock) time (h:mm:ss or m:ss): 0:00.09
	Average shared text size (kbytes): 0
	Average unshared data size (kbytes): 0
	Average stack size (kbytes): 0
	Average total size (kbytes): 0
	Maximum resident set size (kbytes): 20480
	Average resident set size (kbytes): 0
	Major (requiring I/O) page faults: 0
	Minor (reclaiming a frame) page faults: 2869
	Voluntary context switches: 1
	Involuntary context switches: 1
	Swaps: 0
	File system inputs: 0
	File system outputs: 8
	Socket messages sent: 0
	Socket messages received: 0
	Signals delivered: 0
	Page size (bytes): 4096
	Exit status: 1
