DIAGNOSTIC 8 max_relative_gap 1.352981459376751e-10 elapsed 6.847185886000261
	Command being timed: "/root/bass_cr_r17b2_recovery_20261010/venv/bin/python -B research/cr_r17b2_20261010/diagnostic.py --n 8 --output research/cr_r17b2_20261010/results/DIAGNOSTIC_N8.json"
	User time (seconds): 7.18
	System time (seconds): 0.06
	Percent of CPU this job got: 99%
	Elapsed (wall clock) time (h:mm:ss or m:ss): 0:07.24
	Average shared text size (kbytes): 0
	Average unshared data size (kbytes): 0
	Average stack size (kbytes): 0
	Average total size (kbytes): 0
	Maximum resident set size (kbytes): 76936
	Average resident set size (kbytes): 0
	Major (requiring I/O) page faults: 0
	Minor (reclaiming a frame) page faults: 10709
	Voluntary context switches: 3
	Involuntary context switches: 17
	Swaps: 0
	File system inputs: 48
	File system outputs: 24
	Socket messages sent: 0
	Socket messages received: 0
	Signals delivered: 0
	Page size (bytes): 4096
	Exit status: 0
