{"classification": "BOUNDED_COMMON_HOMOTOPY_TUBE_AND_COARSE_ARBITRARY_BIRTH_K0", "q_contraction": ["0.0013409569883603781043916500218235152238766554058234756067114210591721662330939802", "0.0013409569883603781043916500218235152238766554058234756067114210591721662330939803"], "all_birth_K0_signed_enclosure": ["-7.9979003218239623819407999100535742283097431834742794867923507708725517508768690E-12", "7.9979003218239623819407999100535742283097431834742794867923507708725517508768690E-12"], "source_sharpening": "NO_CERTIFIED_SOURCE_SHARPENING"}
	Command being timed: "python3 -B research/cr_r17b2_20261010/run_bounds.py --output research/cr_r17b2_20261010/results/BOUNDS_FINAL.json"
	User time (seconds): 0.09
	System time (seconds): 0.01
	Percent of CPU this job got: 100%
	Elapsed (wall clock) time (h:mm:ss or m:ss): 0:00.10
	Average shared text size (kbytes): 0
	Average unshared data size (kbytes): 0
	Average stack size (kbytes): 0
	Average total size (kbytes): 0
	Maximum resident set size (kbytes): 18944
	Average resident set size (kbytes): 0
	Major (requiring I/O) page faults: 0
	Minor (reclaiming a frame) page faults: 2359
	Voluntary context switches: 1
	Involuntary context switches: 0
	Swaps: 0
	File system inputs: 0
	File system outputs: 24
	Socket messages sent: 0
	Socket messages received: 0
	Signals delivered: 0
	Page size (bytes): 4096
	Exit status: 0
