FOCUSED_FRESH_REPRODUCTION_PASS; old science suites=0
	Command being timed: "/root/bass_cr_r17b2_recovery_20261010/venv/bin/python -B research/cr_r17b2_20261010/reproduce.py --output /root/bass_cr_r17b2_recovery_20261010/final_fresh"
	User time (seconds): 25.44
	System time (seconds): 0.29
	Percent of CPU this job got: 99%
	Elapsed (wall clock) time (h:mm:ss or m:ss): 0:25.74
	Average shared text size (kbytes): 0
	Average unshared data size (kbytes): 0
	Average stack size (kbytes): 0
	Average total size (kbytes): 0
	Maximum resident set size (kbytes): 77720
	Average resident set size (kbytes): 0
	Major (requiring I/O) page faults: 0
	Minor (reclaiming a frame) page faults: 66020
	Voluntary context switches: 189
	Involuntary context switches: 203
	Swaps: 0
	File system inputs: 0
	File system outputs: 368
	Socket messages sent: 0
	Socket messages received: 0
	Signals delivered: 0
	Page size (bytes): 4096
	Exit status: 0
