MODEL,0,3f1a36e2eb1c432d,1.00000000000000005e-4
MODEL,1,3ee16807505659a9,8.30000000000000015e-6
MODEL,2,421beb9bf3a00000,2.99792458000000000e10
MODEL,3,3ca3e5b21cc8f74f,1.38064899999999999e-16
MODEL,4,3d7c2f8fe5409db9,1.60217663399999993e-12
CHI,0,402b3266051507a6,1.35984345997019993e1
CHI,1,4038965f20504658,2.45873890109999991e1
CHI,2,404b357928e0c9da,5.44177600000000012e1
ENERGY,0,402b666666666666,1.36999999999999993e1
ENERGY,1,4038b33333333333,2.46999999999999993e1
ENERGY,2,404b400000000000,5.45000000000000000e1
ALPHA,0,3d4c25c268497682,2.00000000000000006e-13
ALPHA,1,3d719799812dea11,9.99999999999999980e-13
ALPHA,2,3d551c51ce3718e1,2.99999999999999984e-13
BETA,0,3c9cd2b297d889bc,9.99999999999999979e-17
BETA,1,3c670ef54646d497,1.00000000000000007e-17
BETA,2,3c32725dd1d243ac,1.00000000000000007e-18
SIGMA0,0,3c5bab8cbabb6581,5.99999999999999966e-18
SIGMA0,1,3c32725dd1d243ac,1.00000000000000007e-18
SIGMA0,2,3bfd83c94fb6d2ac,9.99999999999999975e-20
SIGMA1,0,0000000000000000,0.00000000000000000e0
SIGMA1,1,3c6024121797fb36,6.99999999999999973e-18
SIGMA1,2,3c32725dd1d243ac,1.00000000000000007e-18
SIGMA2,0,0000000000000000,0.00000000000000000e0
SIGMA2,1,0000000000000000,0.00000000000000000e0
SIGMA2,2,3c3bab8cbabb6581,1.49999999999999991e-18
OLD,0,3f847ae147ae147b,1.00000000000000002e-2
OLD,1,3f9374bc6a7ef9db,1.89999999999999995e-2
OLD,2,3f50624dd2f1a9fc,1.00000000000000002e-3
OLD,3,3cb056374063936e,2.26718374231050004e-16
OLD,4,3ef4f8b588e368f1,2.00000000000000016e-5
OLD,5,3ec0c6f7a0b5ed8d,1.99999999999999991e-6
OLD,6,3e8ad7f29abcaf48,1.99999999999999991e-7
OLD,7,0000000000000000,0.00000000000000000e0
DT,0,4197d78400000000,1.00000000000000000e8
CONTROL,0,3d06849b86a12b9b,9.99999999999999999e-15
MAX_ITERATIONS,80
ENDPOINT,0,3f8538590715ce9e,1.03613810813166195e-2
ENDPOINT,1,3f937fa9941c4c06,1.90416809701439357e-2
ENDPOINT,2,3f5062603624180c,1.00001712468289743e-3
ENDPOINT,3,3cb056879bfc7836,2.26735390657456946e-16
ENDPOINT,4,3ef4ef2b4ec9eb36,1.99644609204338669e-5
ENDPOINT,5,3ec0c4f5fbddfe08,1.99906568715247672e-6
ENDPOINT,6,3e8ad79244d68827,1.99989047916744331e-7
ENDPOINT,7,3a5c1b004f75ac47,1.41896379238151147e-27
DIAGNOSTIC,0,3ca0dea78fc00000,1.17057365786190664e-16
DIAGNOSTIC,1,0000000000000000,0.00000000000000000e0
ITERATIONS,3
PHOTO0,0,3e63147432fb7568,3.55390795661336941e-8
PHOTO0,1,3e0460eba3afdd05,5.93095190471887024e-10
PHOTO0,2,3d9a1869cf946bf4,5.93339894875729193e-12
PHOTO1,0,0000000000000000,0.00000000000000000e0
PHOTO1,1,3df772c3b690ef08,3.41217657051420930e-10
PHOTO1,2,3d957281979a3190,4.87654913740503151e-12
PHOTO2,0,0000000000000000,0.00000000000000000e0
PHOTO2,1,0000000000000000,0.00000000000000000e0
PHOTO2,2,3d4400f58c4a75fd,1.42135169520737452e-13
COLLISION,0,3c361a86001c8840,1.19823894645341726e-18
COLLISION,1,3bc740cfc9cf3111,9.84810081236212254e-21
COLLISION,2,3b37224aaac5f1e9,1.91359564449060480e-23
RECOMBINATION,0,3c7ced7ef1e981c6,2.50907960003516080e-17
RECOMBINATION,1,3c760feffd44ae68,1.91359564449060477e-17
RECOMBINATION,2,3c163efe6d9a36f2,3.01490464609135618e-19
RHS,0,3d8fc994199c390d,3.61381081316617806e-12
RHS,1,3d5d549378f3f9ff,4.16809701439359189e-13
RHS,2,3ca8ade4922685c9,1.71246828975191366e-16
RHS,3,3a2af6aebf5ddff7,1.70164264069524588e-28
RHS,4,bcb99bcd94edaa1d,-3.55390795661336952e-16
RHS,5,bc658b35a7fd6d59,-9.34312847523307858e-18
RHS,6,bc0029947f8414b4,-1.09520832556830620e-19
ESCAPE_RHS,0,38b2dc7bcbcc6476,1.41896379238151126e-35
