{
  "schema": "BASS_CR_R3M13_INITIAL_PAIR_V1",
  "checks": {
    "same_total_preparation_time": true,
    "total_preparation_time_au": 30.0,
    "same_dynamics_fingerprint": "e82103a4d1845d2ef9c329658b8a3c5489bad5a08268fa241a81656aa89045cc"
  },
  "distance": {
    "ray_distance": 4.2320694164499483e-05,
    "trace_distance": 4.232069415502472e-05,
    "abs_overlap": 0.999999999104477,
    "norm_first": 0.9999999999999981,
    "norm_second": 0.9999999999999977,
    "roundoff_certified": false
  },
  "conditional_interval": {
    "lower": 0.007903729334758872,
    "upper": 0.007918786232217126,
    "absolute_change_upper": 7.530239770282138e-06,
    "relative_error_upper": 0.0009518387190948598,
    "floating_pair_screen": true,
    "relative_screen": 0.01,
    "sufficient_ray_distance": 0.0004436199167509663,
    "reference_anchor_verified": false,
    "roundoff_certified": false,
    "physical_admission": false,
    "bgrid": "NO_GO",
    "assumptions": "NORMALIZED_INITIALS_SAME_CONTRACTIVE_K_SAME_PROJECTOR_Q_NO_POSTSELECTION",
    "scope": "PAIR_ONLY_NOT_GROUND_STATE_CONVERGENCE_OR_TOTAL_ERROR"
  },
  "reference_probability": 0.007911255992446844,
  "reference_anchor_verified": false,
  "reference_note": "SUPPLIED_SCENARIO_ANCHOR_NOT_AN_AUTOMATIC_BINDING_TO_ARCHIVED_COLLISION",
  "first_state_sha256": "ed2ff41eb7517f245d5d5a2df4ce699b607f101406c1a588d3fd4a9b522f5daa",
  "second_state_sha256": "2265dbf01b7925fcdae239f66297ee187e37560b538810ff78f94820fda78143",
  "first_stationary_residual_Eh": 0.003195199693883384,
  "second_stationary_residual_Eh": 0.000803388708888321,
  "physical_rate_evaluated": false,
  "bgrid": "NO_GO"
}
