DIAGNOSTIC 16 max_relative_gap 5.733603107686051e-11 elapsed 14.367177487999925
	Command being timed: "/root/bass_cr_r17b2_recovery_20261010/venv/bin/python -B /root/bass_cr_ncp_r17b2/research/cr_r17b2_20261010/diagnostic.py --n 16 --output /root/bass_cr_r17b2_recovery_20261010/fresh/results/DIAGNOSTIC_N16.json"
	User time (seconds): 14.66
	System time (seconds): 0.06
	Percent of CPU this job got: 99%
	Elapsed (wall clock) time (h:mm:ss or m:ss): 0:14.73
	Average shared text size (kbytes): 0
	Average unshared data size (kbytes): 0
	Average stack size (kbytes): 0
	Average total size (kbytes): 0
	Maximum resident set size (kbytes): 77720
	Average resident set size (kbytes): 0
	Major (requiring I/O) page faults: 0
	Minor (reclaiming a frame) page faults: 10906
	Voluntary context switches: 1
	Involuntary context switches: 31
	Swaps: 0
	File system inputs: 0
	File system outputs: 24
	Socket messages sent: 0
	Socket messages received: 0
	Signals delivered: 0
	Page size (bytes): 4096
	Exit status: 0
