{
  "returncode": 0,
  "started_unix": 1790042497.375506,
  "ended_unix": 1790042507.4969661,
  "label": "collision0125.chunk003",
  "argv": [
    "/mnt/sn850x2t/bass_cr_r3m11_20260921/.venv/bin/python",
    "scripts/r3m14_collision_initial_witness.py",
    "--config",
    "configs/r3m13/tdl_dx025_imag0125_T30.json",
    "--prepared",
    "/mnt/sn850x2t/bass_cr_r3m14_20260922/initial0125",
    "--out",
    "/mnt/sn850x2t/bass_cr_r3m14_20260922/collision0125",
    "--max-steps",
    "128"
  ],
  "trace_id": "tr-252b60211e8b4604e4a7a992b3ca2745",
  "trace_spans": 1,
  "experiment_id": "1"
}
2026/09/22 11:01:48 INFO mlflow.tracing.export.async_export_queue: Flushing the async trace logging queue before program exit. This may take a while...
