{
  "returncode": 0,
  "started_unix": 1790042511.787797,
  "ended_unix": 1790042522.5084949,
  "label": "collision0125.chunk004",
  "argv": [
    "/mnt/sn850x2t/bass_cr_r3m11_20260921/.venv/bin/python",
    "scripts/r3m14_collision_initial_witness.py",
    "--config",
    "configs/r3m13/tdl_dx025_imag0125_T30.json",
    "--prepared",
    "/mnt/sn850x2t/bass_cr_r3m14_20260922/initial0125",
    "--out",
    "/mnt/sn850x2t/bass_cr_r3m14_20260922/collision0125",
    "--max-steps",
    "128"
  ],
  "trace_id": "tr-0fdce4af1eae4bbe67be266656798d2c",
  "trace_spans": 1,
  "experiment_id": "1"
}
2026/09/22 11:02:03 INFO mlflow.tracing.export.async_export_queue: Flushing the async trace logging queue before program exit. This may take a while...
