2026/09/22 10:56:33 INFO mlflow.store.db.utils: Creating initial MLflow database tables...
2026/09/22 10:56:33 INFO mlflow.store.db.utils: Updating database tables
2026/09/22 10:56:33 INFO mlflow.tracking.fluent: Experiment with name 'R3M14_PRODUCTION_DX025_INITIAL_PAIR_AND_COLLISION_RETURN' does not exist. Creating a new experiment.
{
  "returncode": 0,
  "started_unix": 1790042193.6478484,
  "ended_unix": 1790042294.7280557,
  "label": "initial0125",
  "argv": [
    "/mnt/sn850x2t/bass_cr_r3m11_20260921/.venv/bin/python",
    "scripts/r3m13_initial_state_pair.py",
    "prepare",
    "--config",
    "configs/r3m13/tdl_dx025_imag0125_T30.json",
    "--out",
    "/mnt/sn850x2t/bass_cr_r3m14_20260922/initial0125"
  ],
  "trace_id": "tr-1ef88a785fb6c2baa4024e280e931cd3",
  "trace_spans": 1,
  "experiment_id": "1"
}
2026/09/22 10:58:15 INFO mlflow.tracing.export.async_export_queue: Flushing the async trace logging queue before program exit. This may take a while...
