{
  "returncode": 0,
  "started_unix": 1790042338.6659558,
  "ended_unix": 1790042339.5482366,
  "label": "pair",
  "argv": [
    "/mnt/sn850x2t/bass_cr_r3m11_20260921/.venv/bin/python",
    "scripts/r3m13_initial_state_pair.py",
    "compare",
    "--first",
    "/mnt/sn850x2t/bass_cr_r3m14_20260922/initial025",
    "--second",
    "/mnt/sn850x2t/bass_cr_r3m14_20260922/initial0125",
    "--reference-probability",
    "0.00775827737938",
    "--relative-screen",
    "0.01",
    "--out",
    "/mnt/sn850x2t/bass_cr_r3m14_20260922/pair.json"
  ],
  "trace_id": "tr-88efc930f93e0a1f8b93635b45fd91e7",
  "trace_spans": 1,
  "experiment_id": "1"
}
2026/09/22 10:59:00 INFO mlflow.tracing.export.async_export_queue: Flushing the async trace logging queue before program exit. This may take a while...
