{
  "status": "completed",
  "nstep": 598,
  "dt_actual": 0.04996782580968821,
  "v_au": 2.00798106651023,
  "nbasis": 50,
  "norm": 1.000000000000008,
  "P_projectile_bound": 0.011655918326196666,
  "P_target_bound": 0.8995072599541453,
  "max_antihermitian_defect": 1.0776318900261443e-07,
  "negative_atomic_energies_Eh": [
    -0.4998906026087514,
    -0.12462068480877866,
    -0.0542915817457619,
    -0.028221989052581536,
    -0.006093029399960755,
    -0.1247392724369696,
    -0.05454347869632252,
    -0.029310779875800965,
    -0.01923576128071629,
    -0.12473927243697719,
    -0.05454347869632427,
    -0.029310779875795504,
    -0.019235761280709293,
    -0.12473927243698227,
    -0.054543478696325844,
    -0.02931077987579686,
    -0.01923576128071171
  ],
  "claim": "one-electron AOCC independent comparator; W1R two-electron/Hminus physics not imported"
}
