{
  "status": "completed",
  "config": {
    "absorber_power": 0.125,
    "absorber_reference_dt": 0.05,
    "absorber_width": 4.0,
    "b": 2.0,
    "backend": "auto",
    "capture_plane": 30.0,
    "checkpoint_stride": 100,
    "dt": 0.05,
    "energy_keV_per_u": 100.0,
    "grid": {
      "dx": 0.3125,
      "xlim": [
        -30,
        40
      ],
      "ylim": [
        -30,
        30
      ],
      "zlim": [
        -30,
        90
      ]
    },
    "imag_dt": 0.025,
    "imag_steps": 1200,
    "initial_state": "imag_time",
    "project_nmax": 3,
    "projection_slab_x": 2,
    "z_start": -30.0,
    "z_stop": 60.0,
    "_r3m11_controls": "FIXED_CAP_SYMMETRIC_V1",
    "_r3m11_source_digest": "57d0dcb44b0fa75a9b4600c70b93333e2555f7ba3f206bbbfcd6462cd6e8f7d5"
  },
  "backend": "cupy",
  "nstep": 897,
  "dt_actual": 0.04996782580968821,
  "v_au": 2.00798106651023,
  "initial": {
    "mode": "imag_time",
    "energy_Eh": -0.48142376564119804,
    "steps": 1200,
    "imag_dt": 0.025,
    "stationary_residual_Eh": 0.0091343158002852,
    "energy_error_from_infinite_mass_1s_Eh": 0.018576234358801957,
    "residual_semantics": "DISCRETE_TARGET_HAMILTONIAN_RESIDUAL_NOT_CONTINUUM_ERROR_BOUND"
  },
  "analysis": {
    "P_bound_truncated_nmax": 0.007583222494557977,
    "project_nmax": 3,
    "P_region": 0.02565483000590525,
    "region_minus_bound": 0.018071607511347274,
    "state_amplitudes": {
      "1,0,0": [
        0.07489842330328397,
        -0.007926545366039227
      ],
      "2,0,0": [
        0.03237687325598337,
        0.0108343956218657
      ],
      "2,1,-1": [
        -0.007351803449088144,
        0.0023683251146871314
      ],
      "2,1,0": [
        0.007941997384484567,
        -0.009139427610379619
      ],
      "2,1,1": [
        0.007351803449089335,
        -0.002368325114687875
      ],
      "3,0,0": [
        0.01846404822639,
        0.006172604140026808
      ],
      "3,1,-1": [
        -0.0041407545262820995,
        0.0014514590804751105
      ],
      "3,1,0": [
        0.005805745845368311,
        -0.004931887456871412
      ],
      "3,1,1": [
        0.004140754526282684,
        -0.0014514590804766483
      ],
      "3,2,-2": [
        0.00044722350302122576,
        -9.162473060441288e-06
      ],
      "3,2,-1": [
        -9.795727546113445e-05,
        0.0009546622049028692
      ],
      "3,2,0": [
        -2.1509810223288404e-05,
        -0.0011189345210871405
      ],
      "3,2,1": [
        9.795727546074354e-05,
        -0.0009546622049031265
      ],
      "3,2,2": [
        0.0004472235030209615,
        -9.16247306082457e-06
      ]
    },
    "finite_grid_state_norms": {
      "1,0,0": 0.9997773158253918,
      "2,0,0": 0.9999719846125316,
      "2,1,-1": 0.9999999889172496,
      "2,1,0": 1.0000001311999225,
      "2,1,1": 0.9999999889172496,
      "3,0,0": 0.9998473338355173,
      "3,1,-1": 0.9999080448239227,
      "3,1,0": 0.9999206221828223,
      "3,1,1": 0.9999080448239227,
      "3,2,-2": 0.999968791469132,
      "3,2,-1": 0.9999891420730426,
      "3,2,0": 0.9999544831414964,
      "3,2,1": 0.9999891420730423,
      "3,2,2": 0.999968791469132
    },
    "wavefunction_norm": 0.9785299967063366,
    "legacy_n1_diagnostics_authority": "HISTORICAL_ONLY_USE_GRAM_AUDIT",
    "gram_audit": {
      "schema": "R3M11_FINITE_GRID_SPAN_AUDIT_V1",
      "project_nmax": 3,
      "quantum_numbers": [
        [
          1,
          0,
          0
        ],
        [
          2,
          0,
          0
        ],
        [
          2,
          1,
          -1
        ],
        [
          2,
          1,
          0
        ],
        [
          2,
          1,
          1
        ],
        [
          3,
          0,
          0
        ],
        [
          3,
          1,
          -1
        ],
        [
          3,
          1,
          0
        ],
        [
          3,
          1,
          1
        ],
        [
          3,
          2,
          -2
        ],
        [
          3,
          2,
          -1
        ],
        [
          3,
          2,
          0
        ],
        [
          3,
          2,
          1
        ],
        [
          3,
          2,
          2
        ]
      ],
      "wavefunction_norm": 0.978529996706337,
      "raw_overlap_sum": 0.007583222494558053,
      "P_span_nmax": 0.007584594656084447,
      "P_span_by_nmax": {
        "1": 0.005673867415240072,
        "2": 0.00710538015127493,
        "3": 0.007584594656084447
      },
      "P_region": 0.025654830005905245,
      "region_minus_span": 0.018070235349820798,
      "eps_selected_outside": 2.8914027792339555e-08,
      "eps_complement_inside": 0.018072361798513216,
      "cross_term": -2.097534664624358e-06,
      "gap_identity_residual": 0.0,
      "gap_bound": 0.04148785706920849,
      "slabwise_orthogonality_bound": 0.0005035019573750936,
      "Gram_condition": 1.000273052918463,
      "Gram_eigenvalues": [
        0.999727153666279,
        1.0000001320832541
      ],
      "Gram_identity_spectral_norm": 0.0002728463337209062,
      "finite_grid_state_norms": [
        0.9997773158253911,
        0.999971984612532,
        0.9999999889172493,
        1.000000131199922,
        0.9999999889172492,
        0.9998473338355179,
        0.9999080448239225,
        0.9999206221828226,
        0.9999080448239225,
        0.9999687914691318,
        0.9999891420730423,
        0.999954483141496,
        0.9999891420730425,
        0.9999687914691318
      ],
      "continuum_probability": null,
      "remainder_semantics": "ORTHOGONAL_COMPLEMENT_OF_FINITE_SELECTED_SPAN_NOT_CONTINUUM",
      "physical_all_bound_admitted": false,
      "span_semantics": "SAMPLED_ANALYTIC_HYDROGEN_CHANNELS_NOT_EXACT_SPECTRAL_PROJECTOR"
    },
    "production_admitted": false
  },
  "seconds_last_call": 87.36958956718445,
  "claim": "P_bound is truncated at project_nmax; this is an independent paper-based implementation, not Nichols code reproduction"
}
