{
  "status": "PASS_SCOPED",
  "checks": [
    {
      "test_id": "CLOCK_EI_VS_ADAPTIVE_ENERGY_QUADRATURE",
      "metric": 1.6077502488765325e-14,
      "threshold": 2e-09,
      "status": "PASS"
    },
    {
      "test_id": "RAMP_POWER_ENERGY_STORAGE_VS_FORWARD_ODE",
      "metric": 1.3133208948089297e-13,
      "threshold": 2e-06,
      "status": "PASS"
    },
    {
      "test_id": "SOURCE_SEPARATION_VS_DIRECT_SDCS",
      "metric": 3.5255027769741084e-16,
      "threshold": 2e-10,
      "status": "PASS"
    },
    {
      "test_id": "SOURCE_KERNEL_QUADRATURE_64_VS_96",
      "metric": 1.238834606892615e-12,
      "threshold": 2e-07,
      "status": "PASS"
    },
    {
      "test_id": "SELECTED_CAUSAL_ENERGY_LEDGER",
      "metric": 7.849809861608728e-16,
      "threshold": 2e-11,
      "status": "PASS"
    },
    {
      "test_id": "LOCAL_RAMP_VS_EXACT_BIANCHI_SOURCE_SAMPLES",
      "metric": 6.929996788504416e-07,
      "threshold": 3e-06,
      "status": "PASS"
    },
    {
      "test_id": "INVALID_INPUTS_REJECTED",
      "metric": 0.0,
      "threshold": 0,
      "status": "PASS"
    },
    {
      "test_id": "ZERO_TIME_AND_OFF",
      "metric": 0.0,
      "threshold": 0,
      "status": "PASS"
    },
    {
      "test_id": "DIRECT_ELECTRON_SOURCE_PARTITION",
      "metric": 1.119113280608727e-16,
      "threshold": 2e-12,
      "status": "PASS"
    }
  ],
  "endpoint": {
    "time_s": 10000000000.0,
    "time_year": 316.8808781402895,
    "stopping_heat_power_J_m3_s": 2.4153106337927854e-44,
    "deposited_stopping_energy_J_m3": 8.520774000373126e-35,
    "active_electron_kinetic_J_m3": 4.589025635263173e-34,
    "cutoff_residual_kinetic_J_m3": 2.922839354119828e-36,
    "injected_selected_electron_energy_J_m3": 5.470331428841685e-34,
    "cutoff_electron_number_m3": 1.8242928351929927e-16,
    "cutoff_electron_number_rate_m3_s": 4.8065468602097427e-26,
    "cutoff_residual_energy_flux_J_m3_s": 7.700937069654113e-46,
    "terminal_selected_heat_power_J_m3_s": 1.094066285768337e-43,
    "source_model": "Q_e(W,t)=t*A(W); leading local H*t limit",
    "state": "CONDITIONAL_STOPPING_COMPONENT; full delay admission false",
    "instantaneous_heat_to_terminal_selected_ratio": 0.22076456108841425,
    "cumulative_deposited_fraction": 0.1557633958967886,
    "active_kinetic_fraction": 0.8388935286567958,
    "cutoff_residual_fraction": 0.005343075446415363
  },
  "elapsed_s": 0.8638712850006414
}
