{
  "status": "completed",
  "config": {
    "absorber_power": 0.125,
    "absorber_reference_dt": 0.05,
    "absorber_width": 4.0,
    "b": 2.0,
    "backend": "auto",
    "capture_plane": 30.0,
    "checkpoint_stride": 100,
    "dt": 0.025,
    "energy_keV_per_u": 100.0,
    "grid": {
      "dx": 0.4,
      "xlim": [
        -30,
        40
      ],
      "ylim": [
        -30,
        30
      ],
      "zlim": [
        -30,
        90
      ]
    },
    "imag_dt": 0.05,
    "imag_steps": 300,
    "initial_state": "imag_time",
    "project_nmax": 3,
    "projection_slab_x": 2,
    "z_start": -30.0,
    "z_stop": 60.0,
    "_r3m11_controls": "FIXED_CAP_SYMMETRIC_V1",
    "_r3m11_source_digest": "57d0dcb44b0fa75a9b4600c70b93333e2555f7ba3f206bbbfcd6462cd6e8f7d5"
  },
  "backend": "cupy",
  "nstep": 1793,
  "dt_actual": 0.02499784704477988,
  "v_au": 2.00798106651023,
  "initial": {
    "mode": "imag_time",
    "energy_Eh": -0.47210604555658936,
    "steps": 300,
    "imag_dt": 0.05,
    "stationary_residual_Eh": 0.013656715495114194,
    "energy_error_from_infinite_mass_1s_Eh": 0.02789395444341064,
    "residual_semantics": "DISCRETE_TARGET_HAMILTONIAN_RESIDUAL_NOT_CONTINUUM_ERROR_BOUND"
  },
  "analysis": {
    "P_bound_truncated_nmax": 0.006894140402308116,
    "project_nmax": 3,
    "P_region": 0.024376414948767636,
    "region_minus_bound": 0.017482274546459523,
    "state_amplitudes": {
      "1,0,0": [
        0.058141993025773636,
        -0.04128023737217676
      ],
      "2,0,0": [
        0.03278372045383035,
        0.005863708448674074
      ],
      "2,1,-1": [
        -0.006684519329918806,
        0.0032180487756271877
      ],
      "2,1,0": [
        0.006916664127425911,
        -0.010061842894332216
      ],
      "2,1,1": [
        0.006684519329919319,
        -0.00321804877562778
      ],
      "3,0,0": [
        0.018268495343393292,
        0.0030851095455600303
      ],
      "3,1,-1": [
        -0.003750610221344152,
        0.0019084973038089356
      ],
      "3,1,0": [
        0.0052252745817695425,
        -0.005654963427498776
      ],
      "3,1,1": [
        0.0037506102213440027,
        -0.0019084973038084989
      ],
      "3,2,-2": [
        0.00042180072232816864,
        -8.707085278699635e-05
      ],
      "3,2,-1": [
        4.8703943337781395e-05,
        0.0009196063937769681
      ],
      "3,2,0": [
        -0.00012510710352788348,
        -0.0011126099927927936
      ],
      "3,2,1": [
        -4.870394333808721e-05,
        -0.0009196063937769281
      ],
      "3,2,2": [
        0.0004218007223278951,
        -8.707085278708783e-05
      ]
    },
    "finite_grid_state_norms": {
      "1,0,0": 0.9990244447461027,
      "2,0,0": 0.9998765494307684,
      "2,1,-1": 1.0000003114360887,
      "2,1,0": 1.0000003114502904,
      "2,1,1": 1.0000003114360887,
      "3,0,0": 0.9998190746750781,
      "3,1,-1": 0.9999082185208603,
      "3,1,0": 0.999920737525001,
      "3,1,1": 0.9999082185208603,
      "3,2,-2": 0.999968812601069,
      "3,2,-1": 0.999989150647257,
      "3,2,0": 0.9999545126470081,
      "3,2,1": 0.999989150647257,
      "3,2,2": 0.999968812601069
    },
    "wavefunction_norm": 0.9794536975636093,
    "legacy_n1_diagnostics_authority": "HISTORICAL_ONLY_USE_GRAM_AUDIT",
    "gram_audit": {
      "schema": "R3M11_FINITE_GRID_SPAN_AUDIT_V1",
      "project_nmax": 3,
      "quantum_numbers": [
        [
          1,
          0,
          0
        ],
        [
          2,
          0,
          0
        ],
        [
          2,
          1,
          -1
        ],
        [
          2,
          1,
          0
        ],
        [
          2,
          1,
          1
        ],
        [
          3,
          0,
          0
        ],
        [
          3,
          1,
          -1
        ],
        [
          3,
          1,
          0
        ],
        [
          3,
          1,
          1
        ],
        [
          3,
          2,
          -2
        ],
        [
          3,
          2,
          -1
        ],
        [
          3,
          2,
          0
        ],
        [
          3,
          2,
          1
        ],
        [
          3,
          2,
          2
        ]
      ],
      "wavefunction_norm": 0.97945369756361,
      "raw_overlap_sum": 0.006894140402308134,
      "P_span_nmax": 0.006898845773462345,
      "P_span_by_nmax": {
        "1": 0.005089514453076875,
        "2": 0.006457054962162331,
        "3": 0.006898845773462345
      },
      "P_region": 0.02437641494876764,
      "region_minus_span": 0.017477569175305296,
      "eps_selected_outside": 2.77261988029194e-08,
      "eps_complement_inside": 0.017479649809177558,
      "cross_term": -2.052907673464718e-06,
      "gap_identity_residual": 3.469446951953614e-18,
      "gap_bound": 0.03944227515618623,
      "slabwise_orthogonality_bound": 0.0004808474725634654,
      "Gram_condition": 1.001142770906508,
      "Gram_eigenvalues": [
        0.9988588483209541,
        1.0000003151525232
      ],
      "Gram_identity_spectral_norm": 0.0011411516790458672,
      "finite_grid_state_norms": [
        0.9990244447461025,
        0.9998765494307685,
        1.0000003114360887,
        1.0000003114502907,
        1.0000003114360887,
        0.9998190746750779,
        0.9999082185208599,
        0.9999207375250011,
        0.9999082185208596,
        0.9999688126010686,
        0.9999891506472569,
        0.9999545126470081,
        0.9999891506472567,
        0.9999688126010688
      ],
      "continuum_probability": null,
      "remainder_semantics": "ORTHOGONAL_COMPLEMENT_OF_FINITE_SELECTED_SPAN_NOT_CONTINUUM",
      "physical_all_bound_admitted": false,
      "span_semantics": "SAMPLED_ANALYTIC_HYDROGEN_CHANNELS_NOT_EXACT_SPECTRAL_PROJECTOR"
    },
    "production_admitted": false
  },
  "seconds_last_call": 50.8604621887207,
  "claim": "P_bound is truncated at project_nmax; this is an independent paper-based implementation, not Nichols code reproduction"
}
