{
  "schema": "BASS_CR_R3M13_PREPARATION_V1",
  "status": "COMPLETE",
  "config": {
    "absorber_power": 0.125,
    "absorber_reference_dt": 0.05,
    "absorber_width": 4.0,
    "b": 2.0,
    "backend": "auto",
    "capture_plane": 30.0,
    "checkpoint_stride": 100,
    "dt": 0.05,
    "energy_keV_per_u": 100.0,
    "grid": {
      "dx": 0.25,
      "xlim": [
        -30,
        40
      ],
      "ylim": [
        -30,
        30
      ],
      "zlim": [
        -30,
        90
      ]
    },
    "imag_dt": 0.025,
    "imag_steps": 1200,
    "initial_state": "imag_time",
    "project_nmax": 3,
    "projection_slab_x": 2,
    "z_start": -30.0,
    "z_stop": 60.0
  },
  "shape": [
    280,
    240,
    480
  ],
  "dv": 0.015625,
  "source_digest": "581ff84930bb862efafdfec5d39d5b25aebf9297ce7ce45f833a5abe125b2a5b",
  "script_sha256": "6e5dab152ec89a3145268d349b4cb0dd5dcec6b8566f0ac5a746e258317a3535",
  "dynamics_fingerprint": "1d7cab31133c8974e17a4f5b6280bda40094daf5dfdc6dc59258304243b0439e",
  "initial_state_sha256": "9d2895ba71dbcba53e50de7cc4ad77d60fa77022ef1caada20f050be46d55817",
  "initial": {
    "mode": "imag_time",
    "energy_Eh": -0.48733877741393217,
    "steps": 1200,
    "imag_dt": 0.025,
    "stationary_residual_Eh": 0.02107820266150606,
    "energy_error_from_infinite_mass_1s_Eh": 0.012661222586067833,
    "residual_semantics": "DISCRETE_TARGET_HAMILTONIAN_RESIDUAL_NOT_CONTINUUM_ERROR_BOUND"
  },
  "seconds": 52.80275918904226,
  "total_preparation_time_au": 30.0,
  "environment": {
    "python": "3.12.3",
    "numpy": "2.5.3",
    "backend": "cupy"
  },
  "target_only": {
    "projectile_potential_included": false,
    "dt_actual_au": 0.04996782580968821,
    "no_cap_one_step_ray_defect": 0.004046892511379215,
    "cap_one_step_surviving_norm": 0.9999999999999999,
    "interpretation": "DIAGNOSTIC_NOT_CAPTURE_PROBABILITY"
  },
  "collision_propagation_executed": false,
  "physical_rate_evaluated": false,
  "bgrid": "NO_GO",
  "roundoff_certified": false
}
