{
  "schema": "BASS_CR_R3M13_INITIAL_PAIR_V1",
  "checks": {
    "same_total_preparation_time": true,
    "total_preparation_time_au": 30.0,
    "same_dynamics_fingerprint": "1d7cab31133c8974e17a4f5b6280bda40094daf5dfdc6dc59258304243b0439e"
  },
  "distance": {
    "ray_distance": 0.00044669380764377305,
    "trace_distance": 0.00044669379650237183,
    "abs_overlap": 0.9999999002323193,
    "norm_first": 0.9999999999999976,
    "norm_second": 0.9999999999999974,
    "roundoff_certified": false
  },
  "conditional_interval": {
    "lower": 0.0076797863650457775,
    "upper": 0.007837167464429794,
    "absolute_change_upper": 7.889008504979433e-05,
    "relative_error_upper": 0.010168505351390106,
    "floating_pair_screen": false,
    "relative_screen": 0.01,
    "sufficient_ray_distance": 0.000439309877938035,
    "reference_anchor_verified": false,
    "roundoff_certified": false,
    "physical_admission": false,
    "bgrid": "NO_GO",
    "assumptions": "NORMALIZED_INITIALS_SAME_CONTRACTIVE_K_SAME_PROJECTOR_Q_NO_POSTSELECTION",
    "scope": "PAIR_ONLY_NOT_GROUND_STATE_CONVERGENCE_OR_TOTAL_ERROR"
  },
  "reference_probability": 0.00775827737938,
  "reference_anchor_verified": false,
  "reference_note": "SUPPLIED_SCENARIO_ANCHOR_NOT_AN_AUTOMATIC_BINDING_TO_ARCHIVED_COLLISION",
  "first_state_sha256": "9d2895ba71dbcba53e50de7cc4ad77d60fa77022ef1caada20f050be46d55817",
  "second_state_sha256": "38347beb88cd4e4383ff349665eb493244b85ce31f49ae5ee1b686a34a84ee6f",
  "first_stationary_residual_Eh": 0.02107820266150606,
  "second_stationary_residual_Eh": 0.0054513900806382855,
  "physical_rate_evaluated": false,
  "bgrid": "NO_GO"
}
