{"MPFR_directed_primitive_checks": 400, "independent_RHS_values": 4, "independent_nonphoto_Jacobian": 16, "probe_energy_survival_source_jets_0_to_4": 5, "nonphoto_jets_0_to_4": 20, "status": "PASS", "independent_RHS_formula": true, "full_kernel_derivative_flow_certified": false, "MPFR_version": "MPFR 4.2.1", "mpmath_dps": 110}
	Command being timed: "/root/bass_cr_r17b2_recovery_20261010/venv/bin/python -B /root/bass_cr_ncp_r17b2/research/cr_r17b2_20261010/independent_check.py --output /root/bass_cr_r17b2_recovery_20261010/final_fresh/results/INDEPENDENT.json"
	User time (seconds): 0.40
	System time (seconds): 0.01
	Percent of CPU this job got: 100%
	Elapsed (wall clock) time (h:mm:ss or m:ss): 0:00.41
	Average shared text size (kbytes): 0
	Average unshared data size (kbytes): 0
	Average stack size (kbytes): 0
	Average total size (kbytes): 0
	Maximum resident set size (kbytes): 25088
	Average resident set size (kbytes): 0
	Major (requiring I/O) page faults: 0
	Minor (reclaiming a frame) page faults: 3457
	Voluntary context switches: 1
	Involuntary context switches: 2
	Swaps: 0
	File system inputs: 0
	File system outputs: 16
	Socket messages sent: 0
	Socket messages received: 0
	Signals delivered: 0
	Page size (bytes): 4096
	Exit status: 0
