{
  "status": "PASS_SEPARATE_DONOR_AD_POINT_AND_EXACT_IDENTITIES",
  "donor_point_evaluations": 6,
  "rhs_components": 66,
  "jacobian_components": 726,
  "max_rhs_relative": 5.664228735689112e-16,
  "max_jac_relative": 2.123254178277962e-14,
  "cases": [
    {
      "u": 0.0,
      "max_rhs_rel": 4.353303042570785e-16,
      "max_jac_rel": 1.2455391448192953e-14
    },
    {
      "u": 0.125,
      "max_rhs_rel": 2.177589804959689e-16,
      "max_jac_rel": 1.498790607401699e-14
    },
    {
      "u": 0.3125,
      "max_rhs_rel": 5.664228735689112e-16,
      "max_jac_rel": 2.123254178277962e-14
    },
    {
      "u": 0.5625,
      "max_rhs_rel": 3.7765111792885287e-16,
      "max_jac_rel": 1.4620264304122478e-14
    },
    {
      "u": 0.8125,
      "max_rhs_rel": 4.817579475642981e-16,
      "max_jac_rel": 1.833053111815776e-14
    },
    {
      "u": 1.0,
      "max_rhs_rel": 3.49966242611091e-16,
      "max_jac_rel": 7.817207866547706e-15
    }
  ],
  "same_source_coefficients": true,
  "new_uniform_interval_proof": false,
  "jump_orders_0_1_2_zero": true,
  "third_jump_formula": "-a**2*w*(a*lp*x**2 - 2*a*lp*x + a*lp - a*lx*x**2 + 2*a*lx*x - a*lx - c*x + c + 3*lp*r*x**2 - 4*lp*r*x + lx*r*x**2 - 2*lx*r*x + 2*lx*r)",
  "exact_nonzero_third_jump_example": "-93/20000",
  "independent_human_reviewer": false,
  "proof_assistant": false
}
