	Command being timed: "env OPENBLAS_NUM_THREADS=1 OMP_NUM_THREADS=1 python -B reproduce.py --output /mnt/data/BASS_CR_R17B2A_FRESH_20261010"
	User time (seconds): 7.35
	System time (seconds): 0.30
	Percent of CPU this job got: 100%
	Elapsed (wall clock) time (h:mm:ss or m:ss): 0:07.65
	Average shared text size (kbytes): 0
	Average unshared data size (kbytes): 0
	Average stack size (kbytes): 0
	Average total size (kbytes): 0
	Maximum resident set size (kbytes): 161564
	Average resident set size (kbytes): 0
	Major (requiring I/O) page faults: 0
	Minor (reclaiming a frame) page faults: 153948
	Voluntary context switches: 56
	Involuntary context switches: 40
	Swaps: 0
	File system inputs: 0
	File system outputs: 264
	Socket messages sent: 0
	Socket messages received: 0
	Signals delivered: 0
	Page size (bytes): 4096
	Exit status: 0
