{
  "status": "completed",
  "config": {
    "energy_keV_per_u": 100.0,
    "b": 2.0,
    "backend": "numpy",
    "grid": {
      "xlim": [
        -8,
        8
      ],
      "ylim": [
        -8,
        8
      ],
      "zlim": [
        -8,
        12
      ],
      "dx": 1.0
    },
    "dt": 0.06,
    "z_start": -5.0,
    "z_stop": 7.0,
    "absorber_width": 2.0,
    "absorber_power": 0.25,
    "initial_state": "imag_time",
    "imag_dt": 0.08,
    "imag_steps": 40,
    "project_nmax": 1,
    "capture_plane": 3.0,
    "checkpoint_stride": 1000
  },
  "backend": "numpy",
  "nstep": 100,
  "dt_actual": 0.0597615196683871,
  "v_au": 2.00798106651023,
  "initial": {
    "mode": "imag_time",
    "energy_Eh": -0.3991851401703297,
    "steps": 40,
    "imag_dt": 0.08
  },
  "analysis": {
    "P_bound_truncated_nmax": 0.0016159763232519722,
    "project_nmax": 1,
    "P_region": 0.020224600742147294,
    "region_minus_bound": 0.018608624418895322,
    "state_amplitudes": {
      "1,0,0": [
        -0.01617436834755852,
        -0.03680171370750918
      ]
    },
    "finite_grid_state_norms": {
      "1,0,0": 0.9686874283770754
    },
    "wavefunction_norm": 0.9971696689461502,
    "eps_b_n1": 1.1886264521429537e-06,
    "eps_c_n1": 0.01854993255041016,
    "estimator_gap_bound_n1": 0.02949720775771283
  },
  "seconds_last_call": 0.025141239166259766,
  "claim": "P_bound is truncated at project_nmax; this is an independent paper-based implementation, not Nichols code reproduction"
}
