{
  "status": "completed",
  "config": {
    "energy_keV_per_u": 100.0,
    "b": 2.0,
    "backend": "numpy",
    "grid": {
      "xlim": [
        -8,
        8
      ],
      "ylim": [
        -8,
        8
      ],
      "zlim": [
        -8,
        12
      ],
      "dx": 0.8
    },
    "dt": 0.12,
    "z_start": -5.0,
    "z_stop": 7.0,
    "absorber_width": 2.0,
    "absorber_power": 0.25,
    "initial_state": "imag_time",
    "imag_dt": 0.08,
    "imag_steps": 80,
    "project_nmax": 1,
    "capture_plane": 3.0,
    "checkpoint_stride": 1000
  },
  "backend": "numpy",
  "nstep": 50,
  "dt_actual": 0.1195230393367742,
  "v_au": 2.00798106651023,
  "initial": {
    "mode": "imag_time",
    "energy_Eh": -0.42377240664295346,
    "steps": 80,
    "imag_dt": 0.08
  },
  "analysis": {
    "P_bound_truncated_nmax": 0.0029178451038248446,
    "project_nmax": 1,
    "P_region": 0.021681498827910827,
    "region_minus_bound": 0.018763653724085984,
    "state_amplitudes": {
      "1,0,0": [
        -0.006949590194272167,
        -0.05356816498589924
      ]
    },
    "finite_grid_state_norms": {
      "1,0,0": 0.9968363277122231
    },
    "wavefunction_norm": 0.9963058278219555,
    "eps_b_n1": 3.2226175213323336e-06,
    "eps_c_n1": 0.01880972939471076,
    "estimator_gap_bound_n1": 0.03362149822786152
  },
  "seconds_last_call": 0.024421215057373047,
  "claim": "P_bound is truncated at project_nmax; this is an independent paper-based implementation, not Nichols code reproduction"
}
