{
  "accuracy": {
    "norm_tolerance": 2e-13,
    "observable_probabilities": "NOT_EVALUATED_NOT_A_PRODUCTION_CHANNEL_BENCHMARK",
    "relative_squared_norm_difference": 0.0,
    "relative_unaligned_state_l2": 7.809212911654609e-16,
    "state_tolerance": 5e-13,
    "status": "PASS_SAME_DISCRETIZATION_PARITY"
  },
  "actual_dt": 0.012450316597580644,
  "actual_horizon": 0.04980126639032258,
  "actual_inventory": {
    "cpu": {
      "affinity": [
        0,
        1,
        2,
        3,
        4,
        5,
        6,
        7,
        8,
        9,
        10,
        11,
        12,
        13,
        14,
        15,
        16,
        17,
        18,
        19,
        20,
        21,
        22,
        23
      ],
      "affinity_logical_count": 24,
      "model_names": [
        "AMD Ryzen 9 5900X 12-Core Processor"
      ],
      "physical_cores_in_affinity": 12,
      "quota_logical_capacity": null
    },
    "gpu": {
      "context_initialized_for_inventory": true,
      "cuda_driver_api": 13020,
      "cuda_runtime": 12090,
      "cupy": "14.2.0",
      "device_free_bytes": 24895881216,
      "device_id": 0,
      "device_name": "NVIDIA GeForce RTX 3090",
      "device_total_bytes": 25290604544,
      "fft_cache_current_bytes": 0,
      "fft_cache_current_plans": 0,
      "fft_cache_limit_bytes": -1,
      "fft_cache_limit_plans": 16,
      "pool_limit_bytes": 0,
      "pool_reserved_bytes": 0,
      "pool_used_bytes": 0,
      "status": "AVAILABLE"
    },
    "memory": {
      "available_bytes": 84051759104,
      "cgroup_current_bytes": null,
      "cgroup_max_bytes": null,
      "host_total_bytes": 101140516864
    },
    "numpy": "2.5.3",
    "platform": "Linux-7.0.0-31-generic-x86_64-with-glibc2.39",
    "python": "3.12.3",
    "schema": "BASS_CR_R3M19_HARDWARE_INVENTORY_V1"
  },
  "blas_pools_after": [
    {
      "architecture": "Haswell",
      "filepath": "/mnt/sn850x2t/bass_cr_r3m11_20260921/.venv/lib/python3.12/site-packages/numpy.libs/libscipy_openblas64_-f48b354e.so",
      "internal_api": "openblas",
      "num_threads": 24,
      "prefix": "libscipy_openblas",
      "threading_layer": "pthreads",
      "user_api": "blas",
      "version": "0.3.34.106.0"
    },
    {
      "architecture": "Haswell",
      "filepath": "/mnt/sn850x2t/bass_cr_r3m11_20260921/.venv/lib/python3.12/site-packages/scipy.libs/libscipy_openblas-5f890258.so",
      "internal_api": "openblas",
      "num_threads": 24,
      "prefix": "libscipy_openblas",
      "threading_layer": "pthreads",
      "user_api": "blas",
      "version": "0.3.31.dev"
    }
  ],
  "blas_pools_before": [
    {
      "architecture": "Haswell",
      "filepath": "/mnt/sn850x2t/bass_cr_r3m11_20260921/.venv/lib/python3.12/site-packages/numpy.libs/libscipy_openblas64_-f48b354e.so",
      "internal_api": "openblas",
      "num_threads": 24,
      "prefix": "libscipy_openblas",
      "threading_layer": "pthreads",
      "user_api": "blas",
      "version": "0.3.34.106.0"
    },
    {
      "architecture": "Haswell",
      "filepath": "/mnt/sn850x2t/bass_cr_r3m11_20260921/.venv/lib/python3.12/site-packages/scipy.libs/libscipy_openblas-5f890258.so",
      "internal_api": "openblas",
      "num_threads": 24,
      "prefix": "libscipy_openblas",
      "threading_layer": "pthreads",
      "user_api": "blas",
      "version": "0.3.31.dev"
    }
  ],
  "blas_pools_inside": [
    {
      "architecture": "Haswell",
      "filepath": "/mnt/sn850x2t/bass_cr_r3m11_20260921/.venv/lib/python3.12/site-packages/numpy.libs/libscipy_openblas64_-f48b354e.so",
      "internal_api": "openblas",
      "num_threads": 1,
      "prefix": "libscipy_openblas",
      "threading_layer": "pthreads",
      "user_api": "blas",
      "version": "0.3.34.106.0"
    },
    {
      "architecture": "Haswell",
      "filepath": "/mnt/sn850x2t/bass_cr_r3m11_20260921/.venv/lib/python3.12/site-packages/scipy.libs/libscipy_openblas-5f890258.so",
      "internal_api": "openblas",
      "num_threads": 1,
      "prefix": "libscipy_openblas",
      "threading_layer": "pthreads",
      "user_api": "blas",
      "version": "0.3.31.dev"
    }
  ],
  "elapsed_total_seconds": 0.42168845200103533,
  "full_collision_executed": false,
  "gpu_memory_observations": [
    {
      "device_free_bytes": 24820383744,
      "device_total_bytes": 25290604544,
      "fft_cache_current_bytes": 512,
      "fft_cache_current_plans": 1,
      "fft_cache_limit_bytes": 67108864,
      "fft_cache_limit_plans": 2,
      "pool_limit_bytes": 536870912,
      "pool_reserved_bytes": 62986240,
      "pool_used_bytes": 37751296
    },
    {
      "device_free_bytes": 24807800832,
      "device_total_bytes": 25290604544,
      "fft_cache_current_bytes": 512,
      "fft_cache_current_plans": 1,
      "fft_cache_limit_bytes": 67108864,
      "fft_cache_limit_plans": 2,
      "pool_limit_bytes": 536870912,
      "pool_reserved_bytes": 75569152,
      "pool_used_bytes": 44042752
    },
    {
      "device_free_bytes": 24807800832,
      "device_total_bytes": 25290604544,
      "fft_cache_current_bytes": 512,
      "fft_cache_current_plans": 1,
      "fft_cache_limit_bytes": 67108864,
      "fft_cache_limit_plans": 2,
      "pool_limit_bytes": 536870912,
      "pool_reserved_bytes": 75569152,
      "pool_used_bytes": 44042752
    },
    {
      "device_free_bytes": 24807800832,
      "device_total_bytes": 25290604544,
      "fft_cache_current_bytes": 512,
      "fft_cache_current_plans": 1,
      "fft_cache_limit_bytes": 67108864,
      "fft_cache_limit_plans": 2,
      "pool_limit_bytes": 536870912,
      "pool_reserved_bytes": 75569152,
      "pool_used_bytes": 44042752
    },
    {
      "device_free_bytes": 24807800832,
      "device_total_bytes": 25290604544,
      "fft_cache_current_bytes": 512,
      "fft_cache_current_plans": 1,
      "fft_cache_limit_bytes": 67108864,
      "fft_cache_limit_plans": 2,
      "pool_limit_bytes": 536870912,
      "pool_reserved_bytes": 75569152,
      "pool_used_bytes": 44042752
    },
    {
      "device_free_bytes": 24807800832,
      "device_total_bytes": 25290604544,
      "fft_cache_current_bytes": 512,
      "fft_cache_current_plans": 1,
      "fft_cache_limit_bytes": 67108864,
      "fft_cache_limit_plans": 2,
      "pool_limit_bytes": 536870912,
      "pool_reserved_bytes": 75569152,
      "pool_used_bytes": 44042752
    },
    {
      "device_free_bytes": 24807800832,
      "device_total_bytes": 25290604544,
      "fft_cache_current_bytes": 512,
      "fft_cache_current_plans": 1,
      "fft_cache_limit_bytes": 67108864,
      "fft_cache_limit_plans": 2,
      "pool_limit_bytes": 536870912,
      "pool_reserved_bytes": 75569152,
      "pool_used_bytes": 44042752
    },
    {
      "device_free_bytes": 24807800832,
      "device_total_bytes": 25290604544,
      "fft_cache_current_bytes": 512,
      "fft_cache_current_plans": 1,
      "fft_cache_limit_bytes": 67108864,
      "fft_cache_limit_plans": 2,
      "pool_limit_bytes": 536870912,
      "pool_reserved_bytes": 75569152,
      "pool_used_bytes": 44042752
    },
    {
      "device_free_bytes": 24807800832,
      "device_total_bytes": 25290604544,
      "fft_cache_current_bytes": 512,
      "fft_cache_current_plans": 1,
      "fft_cache_limit_bytes": 67108864,
      "fft_cache_limit_plans": 2,
      "pool_limit_bytes": 536870912,
      "pool_reserved_bytes": 75569152,
      "pool_used_bytes": 44042752
    },
    {
      "device_free_bytes": 24807800832,
      "device_total_bytes": 25290604544,
      "fft_cache_current_bytes": 512,
      "fft_cache_current_plans": 1,
      "fft_cache_limit_bytes": 67108864,
      "fft_cache_limit_plans": 2,
      "pool_limit_bytes": 536870912,
      "pool_reserved_bytes": 75569152,
      "pool_used_bytes": 44042752
    },
    {
      "device_free_bytes": 24807800832,
      "device_total_bytes": 25290604544,
      "fft_cache_current_bytes": 512,
      "fft_cache_current_plans": 1,
      "fft_cache_limit_bytes": 67108864,
      "fft_cache_limit_plans": 2,
      "pool_limit_bytes": 536870912,
      "pool_reserved_bytes": 75569152,
      "pool_used_bytes": 44042752
    },
    {
      "device_free_bytes": 24807800832,
      "device_total_bytes": 25290604544,
      "fft_cache_current_bytes": 512,
      "fft_cache_current_plans": 1,
      "fft_cache_limit_bytes": 67108864,
      "fft_cache_limit_plans": 2,
      "pool_limit_bytes": 536870912,
      "pool_reserved_bytes": 75569152,
      "pool_used_bytes": 44042752
    },
    {
      "device_free_bytes": 24807800832,
      "device_total_bytes": 25290604544,
      "fft_cache_current_bytes": 512,
      "fft_cache_current_plans": 1,
      "fft_cache_limit_bytes": 67108864,
      "fft_cache_limit_plans": 2,
      "pool_limit_bytes": 536870912,
      "pool_reserved_bytes": 75569152,
      "pool_used_bytes": 44042752
    },
    {
      "device_free_bytes": 24807800832,
      "device_total_bytes": 25290604544,
      "fft_cache_current_bytes": 512,
      "fft_cache_current_plans": 1,
      "fft_cache_limit_bytes": 67108864,
      "fft_cache_limit_plans": 2,
      "pool_limit_bytes": 536870912,
      "pool_reserved_bytes": 75569152,
      "pool_used_bytes": 44042752
    },
    {
      "device_free_bytes": 24807800832,
      "device_total_bytes": 25290604544,
      "fft_cache_current_bytes": 512,
      "fft_cache_current_plans": 1,
      "fft_cache_limit_bytes": 67108864,
      "fft_cache_limit_plans": 2,
      "pool_limit_bytes": 536870912,
      "pool_reserved_bytes": 75569152,
      "pool_used_bytes": 44042752
    }
  ],
  "initial_array_bytes_sha256": "7325e635e1a0e860e5368769dab59a6522608a088ff1d96969223ec82813e4b1",
  "initial_dtype": "complex128",
  "instrumentation_sha256": "1c87fe433e63d2ce18361195d842e7a32a6ada11d9726bb2c8156eb5c1a2cc02",
  "median_device_speedup": 1.0252177676356662,
  "median_wall_speedup": 1.0249503076171906,
  "memory_counters_are_peak_proof": false,
  "numerical_source_digest": "581ff84930bb862efafdfec5d39d5b25aebf9297ce7ce45f833a5abe125b2a5b",
  "plan": {
    "blas_threads": 1,
    "config": {
      "absorber_power": 0.125,
      "absorber_reference_dt": 0.05,
      "absorber_width": 1.0,
      "b": 2.0,
      "backend": "cupy",
      "capture_plane": 1.0,
      "checkpoint_stride": 128,
      "dt": 0.0125,
      "energy_keV_per_u": 100.0,
      "grid": {
        "dx": 0.5,
        "xlim": [
          -16.0,
          16.0
        ],
        "ylim": [
          -16.0,
          16.0
        ],
        "zlim": [
          -24.0,
          24.0
        ]
      },
      "initial_state": "analytic",
      "project_nmax": 1,
      "z_start": -2.0,
      "z_stop": 2.0
    },
    "config_sha256": "0afd1d425fa9d69f2fbbb00ad93e73f75f9ef8b3dcf9673c12ed149e9d43432e",
    "estimated_working_bytes": 167772160,
    "inventory": {
      "cpu": {
        "affinity": [
          0,
          1,
          2,
          3,
          4,
          5,
          6,
          7,
          8,
          9,
          10,
          11,
          12,
          13,
          14,
          15,
          16,
          17,
          18,
          19,
          20,
          21,
          22,
          23
        ],
        "affinity_logical_count": 24,
        "model_names": [
          "AMD Ryzen 9 5900X 12-Core Processor"
        ],
        "physical_cores_in_affinity": 12,
        "quota_logical_capacity": null
      },
      "gpu": {
        "context_initialized_for_inventory": true,
        "cuda_driver_api": 13020,
        "cuda_runtime": 12090,
        "cupy": "14.2.0",
        "device_free_bytes": 24895881216,
        "device_id": 0,
        "device_name": "NVIDIA GeForce RTX 3090",
        "device_total_bytes": 25290604544,
        "fft_cache_current_bytes": 0,
        "fft_cache_current_plans": 0,
        "fft_cache_limit_bytes": -1,
        "fft_cache_limit_plans": 16,
        "pool_limit_bytes": 0,
        "pool_reserved_bytes": 0,
        "pool_used_bytes": 0,
        "status": "AVAILABLE"
      },
      "memory": {
        "available_bytes": 84243460096,
        "cgroup_current_bytes": null,
        "cgroup_max_bytes": null,
        "host_total_bytes": 101140516864
      },
      "numpy": "2.5.3",
      "platform": "Linux-7.0.0-31-generic-x86_64-with-glibc2.39",
      "python": "3.12.3",
      "schema": "BASS_CR_R3M19_HARDWARE_INVENTORY_V1"
    },
    "memory_estimate_is_peak_guarantee": false,
    "numpy_fft_worker_control": false,
    "points": 393216,
    "production_admitted": false,
    "request": {
      "backend": "cupy",
      "candidate": "buffer_reuse",
      "fft_workers": 1,
      "max_seconds": 30.0,
      "max_working_bytes": 536870912,
      "repeats": 5,
      "shape": [
        64,
        64,
        96
      ],
      "steps": 4
    },
    "schema": "BASS_CR_R3M19_BOUNDED_PERFORMANCE_V1",
    "status": "PLAN_ONLY_NOT_EXECUTED",
    "total_bounded_step_calls": 56,
    "warmup_repeats": 2,
    "worker_cap": 12
  },
  "process_peak_rss_kib": 550600,
  "production_admitted": false,
  "production_extrapolation": "FORBIDDEN_NO_63M_POINT_SPEED_OR_ACCURACY_CLAIM",
  "requested_dt": 0.0125,
  "schema": "BASS_CR_R3M19_BOUNDED_PERFORMANCE_V1",
  "scipy_version": null,
  "status": "BENCHMARK_COMPLETE_PARITY_PASSED",
  "timing": {
    "candidate_device_seconds": [
      0.002233344078063965,
      0.002264096021652222,
      0.002228224039077759,
      0.00232857608795166,
      0.0022302720546722413
    ],
    "candidate_enqueue_seconds": [
      0.001028247999784071,
      0.0011019169996870914,
      0.001007939999908558,
      0.0016485380001540761,
      0.0011243589997320669
    ],
    "candidate_wall_seconds": [
      0.0022382489987649024,
      0.0022695879997627344,
      0.002234883000710397,
      0.002334701001018402,
      0.0022369159996742383
    ],
    "reference_device_seconds": [
      0.0022896640300750734,
      0.0022405118942260744,
      0.002300800085067749,
      0.002239487886428833,
      0.00228985595703125
    ],
    "reference_enqueue_seconds": [
      0.0011687429996527499,
      0.0010150040016014827,
      0.0012267820002307417,
      0.0010138310008187545,
      0.0011587049993977416
    ],
    "reference_wall_seconds": [
      0.0022940939998079557,
      0.0022459440006059594,
      0.0023063669996190583,
      0.0022445810009230627,
      0.002309774999957881
    ]
  },
  "timing_scope": "WARM_MATCHED_MICROTRAJECTORY_EXCLUDES_SETUP_RESET_VALIDATION_IO"
}
