{
  "status": "completed",
  "config": {
    "absorber_power": 0.125,
    "absorber_reference_dt": 0.05,
    "absorber_width": 4.0,
    "b": 2.0,
    "backend": "cupy",
    "capture_plane": 30.0,
    "checkpoint_stride": 100,
    "dt": 0.05,
    "energy_keV_per_u": 100.0,
    "grid": {
      "dx": 0.3125,
      "xlim": [
        -30,
        40
      ],
      "ylim": [
        -30,
        30
      ],
      "zlim": [
        -30,
        90
      ]
    },
    "imag_dt": 0.00625,
    "imag_steps": 4800,
    "initial_state": "imag_time",
    "project_nmax": 3,
    "projection_slab_x": 2,
    "z_start": -30.0,
    "z_stop": 60.0,
    "_r3m11_controls": "FIXED_CAP_SYMMETRIC_V1",
    "_r3m11_source_digest": "581ff84930bb862efafdfec5d39d5b25aebf9297ce7ce45f833a5abe125b2a5b"
  },
  "backend": "cupy",
  "nstep": 897,
  "dt_actual": 0.04996782580968821,
  "v_au": 2.00798106651023,
  "initial": {
    "energy_Eh": -0.48142627775882624,
    "energy_error_from_infinite_mass_1s_Eh": 0.018573722241173762,
    "imag_dt": 0.00625,
    "mode": "imag_time",
    "residual_semantics": "DISCRETE_TARGET_HAMILTONIAN_RESIDUAL_NOT_CONTINUUM_ERROR_BOUND",
    "stationary_residual_Eh": 0.0005817367848664992,
    "steps": 4800
  },
  "analysis": {
    "P_bound_truncated_nmax": 0.007582654043986318,
    "project_nmax": 3,
    "P_region": 0.025652548962473102,
    "region_minus_bound": 0.018069894918486783,
    "state_amplitudes": {
      "1,0,0": [
        0.07489555161163997,
        -0.007927746987148487
      ],
      "2,0,0": [
        0.032375814766778525,
        0.010833209296695994
      ],
      "2,1,-1": [
        -0.007351477700798593,
        0.0023683139616935047
      ],
      "2,1,0": [
        0.007941424212222574,
        -0.009139217957915703
      ],
      "2,1,1": [
        0.007351477700799767,
        -0.0023683139616942988
      ],
      "3,0,0": [
        0.018463385268149363,
        0.006171938016109617
      ],
      "3,1,-1": [
        -0.004140575299032561,
        0.0014514528862649234
      ],
      "3,1,0": [
        0.005805402707490077,
        -0.004931842232425905
      ],
      "3,1,1": [
        0.004140575299033207,
        -0.0014514528862664582
      ],
      "3,2,-2": [
        0.00044719986251248316,
        -9.156668489071524e-06
      ],
      "3,2,-1": [
        -9.794314869815819e-05,
        0.000954629926058793
      ],
      "3,2,0": [
        -2.157607590027539e-05,
        -0.0011188603195773784
      ],
      "3,2,1": [
        9.794314869774019e-05,
        -0.0009546299260590982
      ],
      "3,2,2": [
        0.0004471998625122553,
        -9.156668489467512e-06
      ]
    },
    "finite_grid_state_norms": {
      "1,0,0": 0.9997773158253918,
      "2,0,0": 0.9999719846125316,
      "2,1,-1": 0.9999999889172496,
      "2,1,0": 1.0000001311999225,
      "2,1,1": 0.9999999889172496,
      "3,0,0": 0.9998473338355173,
      "3,1,-1": 0.9999080448239227,
      "3,1,0": 0.9999206221828223,
      "3,1,1": 0.9999080448239227,
      "3,2,-2": 0.999968791469132,
      "3,2,-1": 0.9999891420730426,
      "3,2,0": 0.9999544831414964,
      "3,2,1": 0.9999891420730423,
      "3,2,2": 0.999968791469132
    },
    "wavefunction_norm": 0.9785307893552977,
    "legacy_n1_diagnostics_authority": "HISTORICAL_ONLY_USE_GRAM_AUDIT",
    "gram_audit": {
      "schema": "R3M11_FINITE_GRID_SPAN_AUDIT_V1",
      "project_nmax": 3,
      "quantum_numbers": [
        [
          1,
          0,
          0
        ],
        [
          2,
          0,
          0
        ],
        [
          2,
          1,
          -1
        ],
        [
          2,
          1,
          0
        ],
        [
          2,
          1,
          1
        ],
        [
          3,
          0,
          0
        ],
        [
          3,
          1,
          -1
        ],
        [
          3,
          1,
          0
        ],
        [
          3,
          1,
          1
        ],
        [
          3,
          2,
          -2
        ],
        [
          3,
          2,
          -1
        ],
        [
          3,
          2,
          0
        ],
        [
          3,
          2,
          1
        ],
        [
          3,
          2,
          2
        ]
      ],
      "wavefunction_norm": 0.9785307893552977,
      "raw_overlap_sum": 0.007582654043986393,
      "P_span_nmax": 0.007584026105999506,
      "P_span_by_nmax": {
        "1": 0.005673456212417985,
        "2": 0.007104852087956549,
        "3": 0.007584026105999506
      },
      "P_region": 0.025652548962473102,
      "region_minus_span": 0.018068522856473597,
      "eps_selected_outside": 2.8911501487226233e-08,
      "eps_complement_inside": 0.018070648424103903,
      "cross_term": -2.096656128817754e-06,
      "gap_identity_residual": 0.0,
      "gap_bound": 0.0414841560990155,
      "slabwise_orthogonality_bound": 0.0005034531024171408,
      "Gram_condition": 1.000273052918463,
      "Gram_eigenvalues": [
        0.999727153666279,
        1.0000001320832541
      ],
      "Gram_identity_spectral_norm": 0.0002728463337209062,
      "finite_grid_state_norms": [
        0.9997773158253911,
        0.999971984612532,
        0.9999999889172493,
        1.000000131199922,
        0.9999999889172492,
        0.9998473338355179,
        0.9999080448239225,
        0.9999206221828226,
        0.9999080448239225,
        0.9999687914691318,
        0.9999891420730423,
        0.999954483141496,
        0.9999891420730425,
        0.9999687914691318
      ],
      "continuum_probability": null,
      "remainder_semantics": "ORTHOGONAL_COMPLEMENT_OF_FINITE_SELECTED_SPAN_NOT_CONTINUUM",
      "physical_all_bound_admitted": false,
      "span_semantics": "SAMPLED_ANALYTIC_HYDROGEN_CHANNELS_NOT_EXACT_SPECTRAL_PROJECTOR"
    },
    "production_admitted": false
  },
  "seconds_last_call": 55.99615168571472,
  "claim": "P_bound is truncated at project_nmax; this is an independent paper-based implementation, not Nichols code reproduction"
}
