{
  "schema": "BASS_CR_R3M13_PREPARATION_V1",
  "status": "COMPLETE",
  "config": {
    "absorber_power": 0.125,
    "absorber_reference_dt": 0.05,
    "absorber_width": 4.0,
    "b": 2.0,
    "backend": "cupy",
    "capture_plane": 30.0,
    "checkpoint_stride": 100,
    "dt": 0.05,
    "energy_keV_per_u": 100.0,
    "grid": {
      "dx": 0.3125,
      "xlim": [
        -30,
        40
      ],
      "ylim": [
        -30,
        30
      ],
      "zlim": [
        -30,
        90
      ]
    },
    "imag_dt": 0.00625,
    "imag_steps": 4800,
    "initial_state": "imag_time",
    "project_nmax": 3,
    "projection_slab_x": 2,
    "z_start": -30.0,
    "z_stop": 60.0
  },
  "shape": [
    224,
    192,
    384
  ],
  "dv": 0.030517578125,
  "source_digest": "581ff84930bb862efafdfec5d39d5b25aebf9297ce7ce45f833a5abe125b2a5b",
  "script_sha256": "6e5dab152ec89a3145268d349b4cb0dd5dcec6b8566f0ac5a746e258317a3535",
  "dynamics_fingerprint": "b7bb42cc6bb90d3808f737853da52c121032bd053daa3cb267aa13ed6ff99740",
  "initial_state_sha256": "8757d0115f4949545ea02933fc5d00ecab13e8999d465e8eea07755de2fcb902",
  "initial": {
    "mode": "imag_time",
    "energy_Eh": -0.48142627775882624,
    "steps": 4800,
    "imag_dt": 0.00625,
    "stationary_residual_Eh": 0.0005817367848664992,
    "energy_error_from_infinite_mass_1s_Eh": 0.018573722241173762,
    "residual_semantics": "DISCRETE_TARGET_HAMILTONIAN_RESIDUAL_NOT_CONTINUUM_ERROR_BOUND"
  },
  "seconds": 87.95712977903895,
  "total_preparation_time_au": 30.0,
  "environment": {
    "python": "3.12.3",
    "numpy": "2.5.3",
    "backend": "cupy"
  },
  "target_only": {
    "projectile_potential_included": false,
    "dt_actual_au": 0.04996782580968821,
    "no_cap_one_step_ray_defect": 0.0016787340065759367,
    "cap_one_step_surviving_norm": 1.0,
    "interpretation": "DIAGNOSTIC_NOT_CAPTURE_PROBABILITY"
  },
  "collision_propagation_executed": false,
  "physical_rate_evaluated": false,
  "bgrid": "NO_GO",
  "roundoff_certified": false
}
