{
  "status": "completed",
  "config": {
    "absorber_power": 0.125,
    "absorber_reference_dt": 0.05,
    "absorber_width": 4.0,
    "b": 2.0,
    "backend": "auto",
    "capture_plane": 30.0,
    "checkpoint_stride": 100,
    "dt": 0.05,
    "energy_keV_per_u": 100.0,
    "grid": {
      "dx": 0.4,
      "xlim": [
        -30,
        40
      ],
      "ylim": [
        -30,
        30
      ],
      "zlim": [
        -30,
        90
      ]
    },
    "imag_dt": 0.05,
    "imag_steps": 300,
    "initial_state": "imag_time",
    "project_nmax": 3,
    "projection_slab_x": 2,
    "z_start": -30.0,
    "z_stop": 60.0,
    "_r3m11_controls": "FIXED_CAP_SYMMETRIC_V1",
    "_r3m11_source_digest": "57d0dcb44b0fa75a9b4600c70b93333e2555f7ba3f206bbbfcd6462cd6e8f7d5"
  },
  "backend": "cupy",
  "nstep": 897,
  "dt_actual": 0.04996782580968821,
  "v_au": 2.00798106651023,
  "initial": {
    "energy_Eh": -0.47210604555658936,
    "energy_error_from_infinite_mass_1s_Eh": 0.02789395444341064,
    "imag_dt": 0.05,
    "mode": "imag_time",
    "residual_semantics": "DISCRETE_TARGET_HAMILTONIAN_RESIDUAL_NOT_CONTINUUM_ERROR_BOUND",
    "stationary_residual_Eh": 0.013656715495114194,
    "steps": 300
  },
  "analysis": {
    "P_bound_truncated_nmax": 0.00686620536368933,
    "project_nmax": 3,
    "P_region": 0.02432045633263624,
    "region_minus_bound": 0.01745425096894691,
    "state_amplitudes": {
      "1,0,0": [
        0.05683106132112061,
        -0.04277769778176426
      ],
      "2,0,0": [
        0.03278369454718665,
        0.005712186266787318
      ],
      "2,1,-1": [
        -0.006650367605258958,
        0.0032331867385906113
      ],
      "2,1,0": [
        0.006910684306642666,
        -0.010121134467049672
      ],
      "2,1,1": [
        0.0066503676052592125,
        -0.0032331867385909686
      ],
      "3,0,0": [
        0.01822768099845502,
        0.0030028887545503397
      ],
      "3,1,-1": [
        -0.003732118618798478,
        0.0019167238787531566
      ],
      "3,1,0": [
        0.005223737509186814,
        -0.00569775398504379
      ],
      "3,1,1": [
        0.003732118618798425,
        -0.0019167238787529404
      ],
      "3,2,-2": [
        0.00042053696184216717,
        -8.880183568925217e-05
      ],
      "3,2,-1": [
        5.3501830645948056e-05,
        0.0009186473159874622
      ],
      "3,2,0": [
        -0.0001244132180842388,
        -0.0011166469955544759
      ],
      "3,2,1": [
        -5.3501830646068016e-05,
        -0.0009186473159874327
      ],
      "3,2,2": [
        0.0004205369618420308,
        -8.880183568927526e-05
      ]
    },
    "finite_grid_state_norms": {
      "1,0,0": 0.9990244447461027,
      "2,0,0": 0.9998765494307684,
      "2,1,-1": 1.0000003114360887,
      "2,1,0": 1.0000003114502904,
      "2,1,1": 1.0000003114360887,
      "3,0,0": 0.9998190746750781,
      "3,1,-1": 0.9999082185208603,
      "3,1,0": 0.999920737525001,
      "3,1,1": 0.9999082185208603,
      "3,2,-2": 0.999968812601069,
      "3,2,-1": 0.999989150647257,
      "3,2,0": 0.9999545126470081,
      "3,2,1": 0.999989150647257,
      "3,2,2": 0.999968812601069
    },
    "wavefunction_norm": 0.979545370267216,
    "legacy_n1_diagnostics_authority": "HISTORICAL_ONLY_USE_GRAM_AUDIT",
    "gram_audit": {
      "schema": "R3M11_FINITE_GRID_SPAN_AUDIT_V1",
      "project_nmax": 3,
      "quantum_numbers": [
        [
          1,
          0,
          0
        ],
        [
          2,
          0,
          0
        ],
        [
          2,
          1,
          -1
        ],
        [
          2,
          1,
          0
        ],
        [
          2,
          1,
          1
        ],
        [
          3,
          0,
          0
        ],
        [
          3,
          1,
          -1
        ],
        [
          3,
          1,
          0
        ],
        [
          3,
          1,
          1
        ],
        [
          3,
          2,
          -2
        ],
        [
          3,
          2,
          -1
        ],
        [
          3,
          2,
          0
        ],
        [
          3,
          2,
          1
        ],
        [
          3,
          2,
          2
        ]
      ],
      "wavefunction_norm": 0.9795453702672151,
      "raw_overlap_sum": 0.006866205363689361,
      "P_span_nmax": 0.006870853628160509,
      "P_span_by_nmax": {
        "1": 0.0050646417963064565,
        "2": 0.006430796040456771,
        "3": 0.006870853628160509
      },
      "P_region": 0.02432045633263623,
      "region_minus_span": 0.01744960270447572,
      "eps_selected_outside": 2.7696999393659088e-08,
      "eps_complement_inside": 0.017451684453591725,
      "cross_term": -2.054052116608253e-06,
      "gap_identity_residual": 3.469446951953614e-18,
      "gap_bound": 0.03935216749619335,
      "slabwise_orthogonality_bound": 0.00047892178621882105,
      "Gram_condition": 1.001142770906508,
      "Gram_eigenvalues": [
        0.9988588483209541,
        1.0000003151525232
      ],
      "Gram_identity_spectral_norm": 0.0011411516790458672,
      "finite_grid_state_norms": [
        0.9990244447461025,
        0.9998765494307685,
        1.0000003114360887,
        1.0000003114502907,
        1.0000003114360887,
        0.9998190746750779,
        0.9999082185208599,
        0.9999207375250011,
        0.9999082185208596,
        0.9999688126010686,
        0.9999891506472569,
        0.9999545126470081,
        0.9999891506472567,
        0.9999688126010688
      ],
      "continuum_probability": null,
      "remainder_semantics": "ORTHOGONAL_COMPLEMENT_OF_FINITE_SELECTED_SPAN_NOT_CONTINUUM",
      "physical_all_bound_admitted": false,
      "span_semantics": "SAMPLED_ANALYTIC_HYDROGEN_CHANNELS_NOT_EXACT_SPECTRAL_PROJECTOR"
    },
    "production_admitted": false
  },
  "seconds_last_call": 40.93997049331665,
  "claim": "P_bound is truncated at project_nmax; this is an independent paper-based implementation, not Nichols code reproduction"
}
