{
  "schema": "R3M11_LOCAL_ATTEMPT_V1",
  "name": "aocc_radial_only",
  "lane": "aocc",
  "command": [
    "/mnt/sn850x2t/bass_cr_r3m11_20260921/.venv/bin/python",
    "-m",
    "cr_repro.cli",
    "aocc",
    "--config",
    "/mnt/sn850x2t/bass_cr_r3m12_20260921/return/matrix/aocc_radial_only.json",
    "--out",
    "/mnt/sn850x2t/bass_cr_r3m12_20260921/return/runs/aocc_radial_only"
  ],
  "returncode": 0,
  "seconds": 59.57876980805304,
  "source_digest": "57d0dcb44b0fa75a9b4600c70b93333e2555f7ba3f206bbbfcd6462cd6e8f7d5",
  "config_sha256": "bf261ca8f8d95ad7e11f8b94dc4af05aee031197921c2043ea248104a3774fc6",
  "production_admitted": false,
  "bgrid_allowed": false,
  "output_files": {
    "result.json": {
      "bytes": 986,
      "sha256": "f17b9983a7d4a0c4c07fea1b600632ff51fa8b81eba61595862cad37f8783625"
    }
  }
}
