{
  "schema": "R3M11_LOCAL_ATTEMPT_V1",
  "name": "aocc_exponent_only",
  "lane": "aocc",
  "command": [
    "/mnt/sn850x2t/bass_cr_r3m11_20260921/.venv/bin/python",
    "-m",
    "cr_repro.cli",
    "aocc",
    "--config",
    "/mnt/sn850x2t/bass_cr_r3m12_20260921/return/matrix/aocc_exponent_only.json",
    "--out",
    "/mnt/sn850x2t/bass_cr_r3m12_20260921/return/runs/aocc_exponent_only"
  ],
  "returncode": 0,
  "seconds": 51.511056356015615,
  "source_digest": "57d0dcb44b0fa75a9b4600c70b93333e2555f7ba3f206bbbfcd6462cd6e8f7d5",
  "config_sha256": "39272a2b3722831581ba4577eb72233018991c25304fc5596a00c27bbf27cff7",
  "production_admitted": false,
  "bgrid_allowed": false,
  "output_files": {
    "result.json": {
      "bytes": 877,
      "sha256": "9dd3c0f7c41c5cbe1ea6b4c2d3f5694d849423419c170d2b67be2e1c415714f0"
    }
  }
}
