{
  "schema": "R3M11_LOCAL_ATTEMPT_V1",
  "name": "aocc_dt025",
  "lane": "aocc",
  "command": [
    "/mnt/sn850x2t/bass_cr_r3m11_20260921/.venv/bin/python",
    "-m",
    "cr_repro.cli",
    "aocc",
    "--config",
    "/mnt/sn850x2t/bass_cr_r3m12_20260921/return/matrix/aocc_dt025.json",
    "--out",
    "/mnt/sn850x2t/bass_cr_r3m12_20260921/return/runs/aocc_dt025"
  ],
  "returncode": 0,
  "seconds": 97.79347946506459,
  "source_digest": "57d0dcb44b0fa75a9b4600c70b93333e2555f7ba3f206bbbfcd6462cd6e8f7d5",
  "config_sha256": "9708395229f8df33c8507f11cb11a0ac466c9fb7c19c6076067eb58b66f96663",
  "production_admitted": false,
  "bgrid_allowed": false,
  "output_files": {
    "result.json": {
      "bytes": 879,
      "sha256": "25a42afd925a89a0b3e2675b39c005f2e069d5c58f325bf94a2857acd566a76a"
    }
  }
}
