README_KO.md: OK
__pycache__/run_recorded.cpython-312.pyc: OK
aocc_progress.py: OK
environment_receipt.py: OK
input_package.tar.gz: OK
make_report.py: OK
receipts/agent_capabilities.json: OK
receipts/agent_request.json: OK
receipts/agent_validator.json: OK
receipts/aocc_optimization_intent.json: OK
receipts/aocc_original.py: OK
receipts/baseline_n1_diagnostics.stdout: OK
receipts/bounded_closeout.txt: OK
receipts/config_repairs.json: OK
receipts/cufft_binding.json: OK
receipts/dt_dx_n1_diagnostics.stdout: OK
receipts/environment.json: OK
receipts/environment_bindings.json: OK
receipts/environment_cpu.json: OK
receipts/failure_ledger.jsonl: OK
receipts/final_gate.stdout: OK
receipts/final_tables.stdout: OK
receipts/historical_failure_ledger.json: OK
receipts/host_fallback.json: OK
receipts/input_identity.json: OK
receipts/input_manifest_check.txt: OK
receipts/input_manifest_final_check.txt: OK
receipts/install_editable.stderr: OK
receipts/install_editable.stdout: OK
receipts/install_editable_ordered.stderr: OK
receipts/install_editable_ordered.stdout: OK
receipts/install_gpu.stderr: OK
receipts/install_gpu.stdout: OK
receipts/install_requirements.stderr: OK
receipts/install_requirements.stdout: OK
receipts/module_paths.json: OK
receipts/operational_notes.json: OK
receipts/original_tdl_prod_100kevu_b2_boxwide.json: OK
receipts/original_tdl_prod_100kevu_b2_z75.json: OK
receipts/pip_freeze.txt: OK
receipts/plane_z_box_n1_diagnostics.stdout: OK
receipts/return_validation.txt: OK
receipts/smoke_n1_diagnostics.stdout: OK
receipts/task_intent.json: OK
report/DECISION.json: OK
report/FAILURE_LEDGER.json: OK
report/aocc_basis_convergence.csv: OK
report/aocc_basis_convergence.json: OK
report/changes.patch: OK
report/gate_criteria.json: OK
report/tdl_convergence.csv: OK
report/tdl_convergence.json: OK
run_recorded.py: OK
runs/aocc_baseline/basis.json: OK
runs/aocc_baseline/checkpoint_metadata.json: OK
runs/aocc_baseline/config.json: OK
runs/aocc_baseline/environment.json: OK
runs/aocc_baseline/gpu_memory_samples.jsonl: OK
runs/aocc_baseline/progress.json: OK
runs/aocc_baseline/receipt.json: OK
runs/aocc_baseline/resource.txt: OK
runs/aocc_baseline/result.json: OK
runs/aocc_baseline/stderr.txt: OK
runs/aocc_baseline/stdout.txt: OK
runs/aocc_baseline/y_checkpoint.npy: OK
runs/aocc_basis_large/basis.json: OK
runs/aocc_basis_large/checkpoint_metadata.json: OK
runs/aocc_basis_large/config.json: OK
runs/aocc_basis_large/environment.json: OK
runs/aocc_basis_large/gpu_memory_samples.jsonl: OK
runs/aocc_basis_large/progress.json: OK
runs/aocc_basis_large/receipt.json: OK
runs/aocc_basis_large/resource.txt: OK
runs/aocc_basis_large/result.json: OK
runs/aocc_basis_large/stderr.txt: OK
runs/aocc_basis_large/stdout.txt: OK
runs/aocc_basis_large/y_checkpoint.npy: OK
runs/aocc_smoke/config.json: OK
runs/aocc_smoke/gpu_memory_samples.jsonl: OK
runs/aocc_smoke/receipt.json: OK
runs/aocc_smoke/resource.txt: OK
runs/aocc_smoke/result.json: OK
runs/aocc_smoke/stderr.txt: OK
runs/aocc_smoke/stdout.txt: OK
runs/aocc_smoke_batched/config.json: OK
runs/aocc_smoke_batched/environment.json: OK
runs/aocc_smoke_batched/receipt.json: OK
runs/aocc_smoke_batched/resource.txt: OK
runs/aocc_smoke_batched/result.json: OK
runs/aocc_smoke_batched/stderr.txt: OK
runs/aocc_smoke_batched/stdout.txt: OK
runs/config_regression_red/receipt.json: OK
runs/config_regression_red/resource.txt: OK
runs/config_regression_red/stderr.txt: OK
runs/config_regression_red/stdout.txt: OK
runs/pytest_batching/environment.json: OK
runs/pytest_batching/gpu_memory_samples.jsonl: OK
runs/pytest_batching/receipt.json: OK
runs/pytest_batching/resource.txt: OK
runs/pytest_batching/stderr.txt: OK
runs/pytest_batching/stdout.txt: OK
runs/pytest_final/environment.json: OK
runs/pytest_final/gpu_memory_samples.jsonl: OK
runs/pytest_final/receipt.json: OK
runs/pytest_final/resource.txt: OK
runs/pytest_final/stderr.txt: OK
runs/pytest_final/stdout.txt: OK
runs/pytest_gpu_repaired/environment.json: OK
runs/pytest_gpu_repaired/receipt.json: OK
runs/pytest_gpu_repaired/resource.txt: OK
runs/pytest_gpu_repaired/stderr.txt: OK
runs/pytest_gpu_repaired/stdout.txt: OK
runs/pytest_original/gpu_memory_samples.jsonl: OK
runs/pytest_original/receipt.json: OK
runs/pytest_original/resource.txt: OK
runs/pytest_original/stderr.txt: OK
runs/pytest_original/stdout.txt: OK
runs/pytest_repaired/gpu_memory_samples.jsonl: OK
runs/pytest_repaired/receipt.json: OK
runs/pytest_repaired/resource.txt: OK
runs/pytest_repaired/stderr.txt: OK
runs/pytest_repaired/stdout.txt: OK
runs/tdl_baseline/config.json: OK
runs/tdl_baseline/environment.json: OK
runs/tdl_baseline/gpu_memory_samples.jsonl: OK
runs/tdl_baseline/receipt.json: OK
runs/tdl_baseline/resource.txt: OK
runs/tdl_baseline/stderr.txt: OK
runs/tdl_baseline/stdout.txt: OK
runs/tdl_baseline_retry/config.json: OK
runs/tdl_baseline_retry/environment.json: OK
runs/tdl_baseline_retry/gpu_memory_samples.jsonl: OK
runs/tdl_baseline_retry/n1_diagnostics.json: OK
runs/tdl_baseline_retry/receipt.json: OK
runs/tdl_baseline_retry/resource.txt: OK
runs/tdl_baseline_retry/result.json: OK
runs/tdl_baseline_retry/state.json: OK
runs/tdl_baseline_retry/state.npy: OK
runs/tdl_baseline_retry/stderr.txt: OK
runs/tdl_baseline_retry/stdout.txt: OK
runs/tdl_boxwide/config.json: OK
runs/tdl_boxwide/environment.json: OK
runs/tdl_boxwide/gpu_memory_samples.jsonl: OK
runs/tdl_boxwide/n1_diagnostics.json: OK
runs/tdl_boxwide/receipt.json: OK
runs/tdl_boxwide/resource.txt: OK
runs/tdl_boxwide/result.json: OK
runs/tdl_boxwide/state.json: OK
runs/tdl_boxwide/state.npy: OK
runs/tdl_boxwide/stderr.txt: OK
runs/tdl_boxwide/stdout.txt: OK
runs/tdl_dt025/config.json: OK
runs/tdl_dt025/environment.json: OK
runs/tdl_dt025/gpu_memory_samples.jsonl: OK
runs/tdl_dt025/n1_diagnostics.json: OK
runs/tdl_dt025/receipt.json: OK
runs/tdl_dt025/resource.txt: OK
runs/tdl_dt025/result.json: OK
runs/tdl_dt025/state.json: OK
runs/tdl_dt025/state.npy: OK
runs/tdl_dt025/stderr.txt: OK
runs/tdl_dt025/stdout.txt: OK
runs/tdl_dx03125/config.json: OK
runs/tdl_dx03125/environment.json: OK
runs/tdl_dx03125/gpu_memory_samples.jsonl: OK
runs/tdl_dx03125/n1_diagnostics.json: OK
runs/tdl_dx03125/receipt.json: OK
runs/tdl_dx03125/resource.txt: OK
runs/tdl_dx03125/result.json: OK
runs/tdl_dx03125/state.json: OK
runs/tdl_dx03125/state.npy: OK
runs/tdl_dx03125/stderr.txt: OK
runs/tdl_dx03125/stdout.txt: OK
runs/tdl_plane25/config.json: OK
runs/tdl_plane25/environment.json: OK
runs/tdl_plane25/gpu_memory_samples.jsonl: OK
runs/tdl_plane25/n1_diagnostics.json: OK
runs/tdl_plane25/receipt.json: OK
runs/tdl_plane25/resource.txt: OK
runs/tdl_plane25/result.json: OK
runs/tdl_plane25/state.json: OK
runs/tdl_plane25/state.npy: OK
runs/tdl_plane25/stderr.txt: OK
runs/tdl_plane25/stdout.txt: OK
runs/tdl_smoke/config.json: OK
runs/tdl_smoke/n1_diagnostics.json: OK
runs/tdl_smoke/receipt.json: OK
runs/tdl_smoke/resource.txt: OK
runs/tdl_smoke/result.json: OK
runs/tdl_smoke/state.json: OK
runs/tdl_smoke/state.npy: OK
runs/tdl_smoke/stderr.txt: OK
runs/tdl_smoke/stdout.txt: OK
runs/tdl_z75/config.json: OK
runs/tdl_z75/environment.json: OK
runs/tdl_z75/gpu_memory_samples.jsonl: OK
runs/tdl_z75/n1_diagnostics.json: OK
runs/tdl_z75/receipt.json: OK
runs/tdl_z75/resource.txt: OK
runs/tdl_z75/result.json: OK
runs/tdl_z75/state.json: OK
runs/tdl_z75/state.npy: OK
runs/tdl_z75/stderr.txt: OK
runs/tdl_z75/stdout.txt: OK
source/00_READ_FIRST_KO.md: OK
source/MANIFEST.sha256: OK
source/R3M10_STATUS.json: OK
source/START_CODEX_HANDOFF_PROMPT.md: OK
source/bass_cr_r3m10_repro.egg-info/PKG-INFO: OK
source/bass_cr_r3m10_repro.egg-info/SOURCES.txt: OK
source/bass_cr_r3m10_repro.egg-info/dependency_links.txt: OK
source/bass_cr_r3m10_repro.egg-info/requires.txt: OK
source/bass_cr_r3m10_repro.egg-info/top_level.txt: OK
source/configs/aocc_prod_100kevu_b2_baseline.json: OK
source/configs/aocc_prod_100kevu_b2_basis_large.json: OK
source/configs/aocc_smoke_100kevu_b2.json: OK
source/configs/tdl_prod_100kevu_b2_baseline.json: OK
source/configs/tdl_prod_100kevu_b2_boxwide.json: OK
source/configs/tdl_prod_100kevu_b2_dt025.json: OK
source/configs/tdl_prod_100kevu_b2_dx03125.json: OK
source/configs/tdl_prod_100kevu_b2_plane25.json: OK
source/configs/tdl_prod_100kevu_b2_z75.json: OK
source/configs/tdl_smoke_100kevu_b2.json: OK
source/contracts/LOCAL_RETURN_SCHEMA.json: OK
source/contracts/LOCAL_RUN_MATRIX.json: OK
source/cr_repro/__init__.py: OK
source/cr_repro/__pycache__/__init__.cpython-312.pyc: OK
source/cr_repro/__pycache__/__init__.cpython-313.pyc: OK
source/cr_repro/__pycache__/aocc.cpython-313.pyc: OK
source/cr_repro/__pycache__/backend.cpython-313.pyc: OK
source/cr_repro/__pycache__/cli.cpython-313.pyc: OK
source/cr_repro/__pycache__/constants.cpython-312.pyc: OK
source/cr_repro/__pycache__/constants.cpython-313.pyc: OK
source/cr_repro/__pycache__/grid.cpython-312.pyc: OK
source/cr_repro/__pycache__/grid.cpython-313.pyc: OK
source/cr_repro/__pycache__/hydrogen.cpython-312.pyc: OK
source/cr_repro/__pycache__/hydrogen.cpython-313.pyc: OK
source/cr_repro/__pycache__/observables.cpython-312.pyc: OK
source/cr_repro/__pycache__/observables.cpython-313.pyc: OK
source/cr_repro/__pycache__/tdl.cpython-313.pyc: OK
source/cr_repro/__pycache__/util.cpython-312.pyc: OK
source/cr_repro/__pycache__/util.cpython-313.pyc: OK
source/cr_repro/aocc.py: OK
source/cr_repro/backend.py: OK
source/cr_repro/cli.py: OK
source/cr_repro/constants.py: OK
source/cr_repro/grid.py: OK
source/cr_repro/hydrogen.py: OK
source/cr_repro/observables.py: OK
source/cr_repro/tdl.py: OK
source/cr_repro/util.py: OK
source/docs/CLAIM_POLICY.md: OK
source/docs/LITERATURE_AND_METHOD_LOCK.md: OK
source/docs/LOCAL_RUN_GUIDE.md: OK
source/pyproject.toml: OK
source/requirements.txt: OK
source/scripts/collect_bgrid.py: OK
source/scripts/compare_single_b.py: OK
source/scripts/make_bgrid_configs.py: OK
source/tests/__pycache__/test_core.cpython-313-pytest-9.0.2.pyc: OK
source/tests/__pycache__/test_smoke.cpython-313-pytest-9.0.2.pyc: OK
source/tests/test_aocc_batching.py: OK
source/tests/test_core.py: OK
source/tests/test_gpu_runtime.py: OK
source/tests/test_production_configs.py: OK
source/tests/test_smoke.py: OK
source/vendor_w1r/__pycache__/gaussian_cartesian.cpython-313.pyc: OK
source/vendor_w1r/gaussian_cartesian.py: OK
summarize.py: OK
tdl_n1_diagnostics.py: OK
verify_return.py: OK
