00_READ_FIRST_KO.md: OK
DELIVERY_STATUS.json: OK
OVERLAY_FILES.json: OK
R3M11.patch: OK
R3M11.patch.sha256: OK
REPORT_KO.md: OK
START_CODEX_HANDOFF_PROMPT.md: OK
apply_and_push.py: OK
evidence/ALL_TESTS_REFERENCE_BASIS_TIME_BUDGET.log: OK
evidence/ALL_TESTS_TIME_BUDGET_INTERRUPTED.log: OK
evidence/APPLY_PUSH_HELP.txt: OK
evidence/BASE_SOURCE_IDENTITY.json: OK
evidence/BOUNDED_SUITE_GREEN.log: OK
evidence/DUAL_BACKUP_HELP.txt: OK
evidence/ENVIRONMENT.json: OK
evidence/GIT_NETWORK_READONLY_RETRY.log: OK
evidence/H8_IMPORT_VERIFICATION.json: OK
evidence/PATCH_APPLICATION.json: OK
evidence/PORTABLE_RUNTIME_CHECKS.log: OK
evidence/R3M11_FINAL_TARGETED_SUITE.log: OK
evidence/R3M11_GREEN1.log: OK
evidence/R3M11_JOBS_GREEN.log: OK
evidence/R3M11_JOBS_RED.log: OK
evidence/R3M11_RED.log: OK
evidence/R3M11_TARGETED_SUITE.log: OK
evidence/VALIDATION_SCOPE.json: OK
evidence/VENDOR_SOURCE_IDENTITY.json: OK
evidence/VERIFY_H8.py: OK
evidence/WOLFRAM_WITNESS.json: OK
evidence/controlled_smoke/RECEIPT.json: OK
evidence/controlled_smoke/config.json: OK
evidence/controlled_smoke/controlled_cli.stderr: OK
evidence/controlled_smoke/controlled_cli.stdout: OK
evidence/controlled_smoke/run/r3m11_checkpoint_seal.json: OK
evidence/controlled_smoke/run/result.json: OK
evidence/controlled_smoke/run/state.json: OK
evidence/controlled_smoke/run/state.npy: OK
evidence/controlled_smoke/sidecar.json: OK
evidence/controlled_smoke/sidecar_cli.stderr: OK
evidence/controlled_smoke/sidecar_cli.stdout: OK
overlay/cr_repro/r3m11.py: OK
overlay/cr_repro/r3m11_jobs.py: OK
overlay/docs/r3m11/REPORT_KO.md: OK
overlay/docs/r3m11/SOURCE_IMPORT.json: OK
overlay/docs/r3m11/START_CODEX_HANDOFF_PROMPT.md: OK
overlay/docs/r3m11/STATUS.json: OK
overlay/scripts/r3m11_dual_backup.py: OK
overlay/scripts/r3m11_verify_manifest.py: OK
overlay/tests/test_r3m11.py: OK
overlay/tests/test_r3m11_jobs.py: OK
private_backup_inputs/WU088_HOST4_H8_DENSE_STATE_SELECTIVE_1S_REFERENCE_AND_INTERPOLATION_CERTIFICATION_20260921_v1.zip: OK
run_checks.sh: OK
runtime_snapshot/SNAPSHOT_SCOPE.txt: OK
runtime_snapshot/configs/aocc_prod_100kevu_b2_baseline.json: OK
runtime_snapshot/configs/aocc_prod_100kevu_b2_basis_large.json: OK
runtime_snapshot/configs/aocc_smoke_100kevu_b2.json: OK
runtime_snapshot/configs/tdl_prod_100kevu_b2_baseline.json: OK
runtime_snapshot/configs/tdl_prod_100kevu_b2_boxwide.json: OK
runtime_snapshot/configs/tdl_prod_100kevu_b2_dt025.json: OK
runtime_snapshot/configs/tdl_prod_100kevu_b2_dx03125.json: OK
runtime_snapshot/configs/tdl_prod_100kevu_b2_plane25.json: OK
runtime_snapshot/configs/tdl_prod_100kevu_b2_z75.json: OK
runtime_snapshot/configs/tdl_smoke_100kevu_b2.json: OK
runtime_snapshot/cr_repro/__init__.py: OK
runtime_snapshot/cr_repro/aocc.py: OK
runtime_snapshot/cr_repro/backend.py: OK
runtime_snapshot/cr_repro/cli.py: OK
runtime_snapshot/cr_repro/constants.py: OK
runtime_snapshot/cr_repro/grid.py: OK
runtime_snapshot/cr_repro/hydrogen.py: OK
runtime_snapshot/cr_repro/observables.py: OK
runtime_snapshot/cr_repro/r3m11.py: OK
runtime_snapshot/cr_repro/r3m11_jobs.py: OK
runtime_snapshot/cr_repro/tdl.py: OK
runtime_snapshot/cr_repro/util.py: OK
runtime_snapshot/pyproject.toml: OK
runtime_snapshot/requirements.txt: OK
runtime_snapshot/scripts/collect_bgrid.py: OK
runtime_snapshot/scripts/compare_single_b.py: OK
runtime_snapshot/scripts/make_bgrid_configs.py: OK
runtime_snapshot/scripts/r3m11_dual_backup.py: OK
runtime_snapshot/scripts/r3m11_verify_manifest.py: OK
runtime_snapshot/tests/test_aocc_batching.py: OK
runtime_snapshot/tests/test_core.py: OK
runtime_snapshot/tests/test_gpu_runtime.py: OK
runtime_snapshot/tests/test_production_configs.py: OK
runtime_snapshot/tests/test_r3m11.py: OK
runtime_snapshot/tests/test_r3m11_jobs.py: OK
runtime_snapshot/tests/test_smoke.py: OK
runtime_snapshot/vendor_w1r/gaussian_cartesian.py: OK
