{
  "schema": "R3M11_POSTPROCESS_RETURN_V1",
  "source_authority_sha256": "1da6f7b660030f568fe2367b0b1e1946d04f7b6533c8679e39a6abd59836f4a2",
  "source_archive_expected_sha256": "5af567f4be6f5dfd1dc9e7b42f24409a775de7f9bf776c3485303e6c306b9506",
  "runs": {
    "tdl_baseline_retry": {
      "schema": "R3M11_FINITE_GRID_SPAN_AUDIT_V1",
      "project_nmax": 3,
      "quantum_numbers": [
        [
          1,
          0,
          0
        ],
        [
          2,
          0,
          0
        ],
        [
          2,
          1,
          -1
        ],
        [
          2,
          1,
          0
        ],
        [
          2,
          1,
          1
        ],
        [
          3,
          0,
          0
        ],
        [
          3,
          1,
          -1
        ],
        [
          3,
          1,
          0
        ],
        [
          3,
          1,
          1
        ],
        [
          3,
          2,
          -2
        ],
        [
          3,
          2,
          -1
        ],
        [
          3,
          2,
          0
        ],
        [
          3,
          2,
          1
        ],
        [
          3,
          2,
          2
        ]
      ],
      "wavefunction_norm": 0.9795004951074936,
      "raw_overlap_sum": 0.006866222949419158,
      "P_span_nmax": 0.006870871230656798,
      "P_span_by_nmax": {
        "1": 0.005064641796812699,
        "2": 0.006430796221486068,
        "3": 0.006870871230656798
      },
      "P_region": 0.024306166100040803,
      "region_minus_span": 0.017435294869384006,
      "eps_selected_outside": 2.7697479073492314e-08,
      "eps_complement_inside": 0.017437376578694454,
      "cross_term": -2.054011831371692e-06,
      "gap_identity_residual": 3.469446951953614e-18,
      "gap_bound": 0.03932890820818401,
      "slabwise_orthogonality_bound": 0.0004789283977152366,
      "Gram_condition": 1.001142770906508,
      "Gram_eigenvalues": [
        0.9988588483209541,
        1.0000003151525232
      ],
      "Gram_identity_spectral_norm": 0.0011411516790458672,
      "finite_grid_state_norms": [
        0.9990244447461025,
        0.9998765494307685,
        1.0000003114360887,
        1.0000003114502907,
        1.0000003114360887,
        0.9998190746750779,
        0.9999082185208599,
        0.9999207375250011,
        0.9999082185208596,
        0.9999688126010686,
        0.9999891506472569,
        0.9999545126470081,
        0.9999891506472567,
        0.9999688126010688
      ],
      "continuum_probability": null,
      "remainder_semantics": "ORTHOGONAL_COMPLEMENT_OF_FINITE_SELECTED_SPAN_NOT_CONTINUUM",
      "physical_all_bound_admitted": false,
      "span_semantics": "SAMPLED_ANALYTIC_HYDROGEN_CHANNELS_NOT_EXACT_SPECTRAL_PROJECTOR"
    },
    "tdl_dx03125": {
      "schema": "R3M11_FINITE_GRID_SPAN_AUDIT_V1",
      "project_nmax": 3,
      "quantum_numbers": [
        [
          1,
          0,
          0
        ],
        [
          2,
          0,
          0
        ],
        [
          2,
          1,
          -1
        ],
        [
          2,
          1,
          0
        ],
        [
          2,
          1,
          1
        ],
        [
          3,
          0,
          0
        ],
        [
          3,
          1,
          -1
        ],
        [
          3,
          1,
          0
        ],
        [
          3,
          1,
          1
        ],
        [
          3,
          2,
          -2
        ],
        [
          3,
          2,
          -1
        ],
        [
          3,
          2,
          0
        ],
        [
          3,
          2,
          1
        ],
        [
          3,
          2,
          2
        ]
      ],
      "wavefunction_norm": 0.9784806718697168,
      "raw_overlap_sum": 0.00758538896562559,
      "P_span_nmax": 0.007586761508448262,
      "P_span_by_nmax": {
        "1": 0.005675418642837177,
        "2": 0.007107373864974429,
        "3": 0.007586761508448262
      },
      "P_region": 0.025648268078714086,
      "region_minus_span": 0.018061506570265826,
      "eps_selected_outside": 2.8924124899332104e-08,
      "eps_complement_inside": 0.018063635921986326,
      "cross_term": -2.100427595610925e-06,
      "gap_identity_residual": 1.0408340855860843e-17,
      "gap_bound": 0.04147682142447012,
      "slabwise_orthogonality_bound": 0.0005036893236451868,
      "Gram_condition": 1.000273052918463,
      "Gram_eigenvalues": [
        0.999727153666279,
        1.0000001320832541
      ],
      "Gram_identity_spectral_norm": 0.0002728463337209062,
      "finite_grid_state_norms": [
        0.9997773158253911,
        0.999971984612532,
        0.9999999889172493,
        1.000000131199922,
        0.9999999889172492,
        0.9998473338355179,
        0.9999080448239225,
        0.9999206221828226,
        0.9999080448239225,
        0.9999687914691318,
        0.9999891420730423,
        0.999954483141496,
        0.9999891420730425,
        0.9999687914691318
      ],
      "continuum_probability": null,
      "remainder_semantics": "ORTHOGONAL_COMPLEMENT_OF_FINITE_SELECTED_SPAN_NOT_CONTINUUM",
      "physical_all_bound_admitted": false,
      "span_semantics": "SAMPLED_ANALYTIC_HYDROGEN_CHANNELS_NOT_EXACT_SPECTRAL_PROJECTOR"
    }
  },
  "bgrid_allowed": false,
  "dynamics_rerun": false,
  "physical_rate_evaluated": false
}
