{
  "schema": "R3M11_LOCAL_ATTEMPT_V1",
  "name": "tdl_cap_base",
  "lane": "tdl",
  "command": [
    "/mnt/sn850x2t/bass_cr_r3m11_20260921/.venv/bin/python",
    "-m",
    "cr_repro.r3m11",
    "run",
    "--config",
    "/mnt/sn850x2t/bass_cr_r3m12_20260921/return/matrix/tdl_cap_base.json",
    "--out",
    "/mnt/sn850x2t/bass_cr_r3m12_20260921/return/runs/tdl_cap_base"
  ],
  "returncode": 0,
  "seconds": 42.365442728972994,
  "source_digest": "57d0dcb44b0fa75a9b4600c70b93333e2555f7ba3f206bbbfcd6462cd6e8f7d5",
  "config_sha256": "c142fdf30f8d08fde2ecdd0be052e1966f688a2b51a49fe4f03da5a2973291f5",
  "production_admitted": false,
  "bgrid_allowed": false,
  "output_files": {
    "state.json": {
      "bytes": 500,
      "sha256": "c39a05f52e922b38a286384a9da314adda23acf050b3969032dd1e07afc77922"
    },
    "state.npy": {
      "bytes": 126000128,
      "sha256": "92c316e941bcea594ead86650347b6168eac9aa1921260ff8ac4c4c5bef2e71b"
    },
    "result.json": {
      "bytes": 6027,
      "sha256": "1340f76fa8925537a2f03c59ee69540230bd1f88a03ec0f8c709d4b393745643"
    },
    "r3m11_checkpoint_seal.json": {
      "bytes": 317,
      "sha256": "e1e98160c19a24daea775180a119ef049e31bb50a7365b460cf85d3ff338659e"
    }
  }
}
