{
  "schema": "R3M11_LOCAL_ATTEMPT_V1",
  "name": "tdl_refined_dx025",
  "lane": "tdl",
  "command": [
    "/mnt/sn850x2t/bass_cr_r3m11_20260921/.venv/bin/python",
    "-m",
    "cr_repro.r3m11",
    "run",
    "--config",
    "/mnt/sn850x2t/bass_cr_r3m12_20260921/return/spatial_matrix/tdl_refined_dx025.json",
    "--out",
    "/mnt/sn850x2t/bass_cr_r3m12_20260921/return/runs/tdl_refined_dx025"
  ],
  "returncode": 0,
  "seconds": 225.13145217008423,
  "source_digest": "57d0dcb44b0fa75a9b4600c70b93333e2555f7ba3f206bbbfcd6462cd6e8f7d5",
  "config_sha256": "4581c54166c24aa6bd09d0d866915d76b0d633f4a2db304969dffe2f3525e228",
  "production_admitted": false,
  "bgrid_allowed": false,
  "output_files": {
    "state.json": {
      "bytes": 503,
      "sha256": "aabc87e102f599dd6cc19ea58f37753dfcb4712f32238c67e333f131daed81c3"
    },
    "state.npy": {
      "bytes": 516096128,
      "sha256": "eda6309d6a353e242f9bb23515b32b533e2523e85306ae0014400d54a1c2cb4f"
    },
    "result.json": {
      "bytes": 6039,
      "sha256": "e431a605d268ec208bb2009418772b85aacbd33ff6444df4bd9a3cba6dacec9d"
    },
    "r3m11_checkpoint_seal.json": {
      "bytes": 317,
      "sha256": "a536a6091b07583e582aa3e1d174e5d6260441c259bf844ee385c62efe7954ae"
    }
  }
}
