{
  "schema": "R3M11_LOCAL_ATTEMPT_V1",
  "name": "tdl_cap_base",
  "lane": "tdl",
  "command": [
    "/mnt/sn850x2t/bass_cr_r3m11_20260921/.venv/bin/python",
    "-m",
    "cr_repro.r3m11",
    "run",
    "--config",
    "/mnt/sn850x2t/bass_cr_r3m12_20260921/return/matrix/tdl_cap_base.json",
    "--out",
    "/mnt/sn850x2t/bass_cr_r3m12_20260921/return/runs/tdl_cap_base",
    "--max-steps",
    "128"
  ],
  "returncode": 0,
  "seconds": 10.374429957941175,
  "source_digest": "57d0dcb44b0fa75a9b4600c70b93333e2555f7ba3f206bbbfcd6462cd6e8f7d5",
  "config_sha256": "c142fdf30f8d08fde2ecdd0be052e1966f688a2b51a49fe4f03da5a2973291f5",
  "production_admitted": false,
  "bgrid_allowed": false,
  "output_files": {
    "state.json": {
      "bytes": 500,
      "sha256": "f4219822ce5f6370068d311162bd54676f780944da30f847beefd19b6bd21026"
    },
    "state.npy": {
      "bytes": 126000128,
      "sha256": "5d500a34d5343c2441c6ee77f6bff34fa598e6dcbd8af0bb579186bacbd42a44"
    },
    "r3m11_checkpoint_seal.json": {
      "bytes": 317,
      "sha256": "d2de270d3fc452b6ff35cfa2bc989c893388eb4d4405ccb67c14540f4618bde1"
    }
  }
}
