{
  "tdl": [
    {
      "run": "tdl_baseline_retry",
      "status": "PASS",
      "probability": 0.006866222949419154,
      "relative_change_to_baseline": 0.0,
      "wall_seconds": 29.998355349060148
    },
    {
      "run": "tdl_dt025",
      "status": "PASS",
      "probability": 0.006894595946807374,
      "relative_change_to_baseline": 0.004132256933285215,
      "wall_seconds": 42.87543131492566
    },
    {
      "run": "tdl_dx03125",
      "status": "PASS",
      "probability": 0.007585388965625483,
      "relative_change_to_baseline": 0.10473968315683176,
      "wall_seconds": 52.64989667304326
    },
    {
      "run": "tdl_plane25",
      "status": "PASS",
      "probability": 0.006866222949419154,
      "relative_change_to_baseline": 0.0,
      "wall_seconds": 26.777941362001002
    },
    {
      "run": "tdl_z75",
      "status": "PASS",
      "probability": 0.006874681265102932,
      "relative_change_to_baseline": 0.0012318731486127329,
      "wall_seconds": 32.88329308305401
    },
    {
      "run": "tdl_boxwide",
      "status": "PASS",
      "probability": 0.006865222667277726,
      "relative_change_to_baseline": 0.00014568157031851511,
      "wall_seconds": 63.84733396291267
    }
  ],
  "aocc": [
    {
      "run": "aocc_baseline",
      "status": "PASS",
      "probability": 0.01017908451552905,
      "relative_change_to_baseline": 0.0,
      "wall_seconds": 51.814490841003135
    },
    {
      "run": "aocc_basis_large",
      "status": "PASS",
      "probability": 0.00925596679681161,
      "relative_change_to_baseline": 0.09068769566743899,
      "wall_seconds": 62.435655378038064
    }
  ]
}
