Obtaining file:///mnt/sn850x2t/bass_cr_r3m11_20260921/source
  Installing build dependencies: started
  Installing build dependencies: finished with status 'done'
  Checking if build backend supports build_editable: started
  Checking if build backend supports build_editable: finished with status 'done'
  Getting requirements to build editable: started
  Getting requirements to build editable: finished with status 'done'
  Preparing editable metadata (pyproject.toml): started
  Preparing editable metadata (pyproject.toml): finished with status 'done'
Collecting numpy>=2.0 (from bass-cr-r3m10-repro==0.1.0)
  Using cached numpy-2.5.3-cp312-cp312-manylinux_2_27_x86_64.manylinux_2_28_x86_64.whl.metadata (6.6 kB)
Collecting scipy>=1.13 (from bass-cr-r3m10-repro==0.1.0)
  Using cached scipy-1.18.1-cp312-cp312-manylinux_2_27_x86_64.manylinux_2_28_x86_64.whl.metadata (62 kB)
Using cached numpy-2.5.3-cp312-cp312-manylinux_2_27_x86_64.manylinux_2_28_x86_64.whl (16.7 MB)
Downloading scipy-1.18.1-cp312-cp312-manylinux_2_27_x86_64.manylinux_2_28_x86_64.whl (35.3 MB)
   ━━━━━━━━━━━━━━━━━━━━━━━━━━━━━━━━━━━━━━━━ 35.3/35.3 MB 315.4 kB/s eta 0:00:00
Building wheels for collected packages: bass-cr-r3m10-repro
  Building editable for bass-cr-r3m10-repro (pyproject.toml): started
  Building editable for bass-cr-r3m10-repro (pyproject.toml): finished with status 'done'
  Created wheel for bass-cr-r3m10-repro: filename=bass_cr_r3m10_repro-0.1.0-0.editable-py3-none-any.whl size=2848 sha256=36d68f5eadc08907a76f9ed4c622f297ccce48607086f10a5efa1a060153e8e8
  Stored in directory: /tmp/pip-ephem-wheel-cache-17kg2y5p/wheels/5b/e2/01/3b479d75bcbe7936d1b2f804bfd412ab2b7065909754c80091
Successfully built bass-cr-r3m10-repro
Installing collected packages: numpy, scipy, bass-cr-r3m10-repro
Successfully installed bass-cr-r3m10-repro-0.1.0 numpy-2.5.3 scipy-1.18.1
