Obtaining file:///mnt/sn850x2t/bass_cr_r3m11_20260921/source
  Installing build dependencies: started
  Installing build dependencies: finished with status 'done'
  Checking if build backend supports build_editable: started
  Checking if build backend supports build_editable: finished with status 'done'
  Getting requirements to build editable: started
  Getting requirements to build editable: finished with status 'done'
  Preparing editable metadata (pyproject.toml): started
  Preparing editable metadata (pyproject.toml): finished with status 'done'
Requirement already satisfied: numpy>=2.0 in /mnt/sn850x2t/bass_cr_r3m11_20260921/.venv/lib/python3.12/site-packages (from bass-cr-r3m10-repro==0.1.0) (2.5.3)
Requirement already satisfied: scipy>=1.13 in /mnt/sn850x2t/bass_cr_r3m11_20260921/.venv/lib/python3.12/site-packages (from bass-cr-r3m10-repro==0.1.0) (1.18.1)
Building wheels for collected packages: bass-cr-r3m10-repro
  Building editable for bass-cr-r3m10-repro (pyproject.toml): started
  Building editable for bass-cr-r3m10-repro (pyproject.toml): finished with status 'done'
  Created wheel for bass-cr-r3m10-repro: filename=bass_cr_r3m10_repro-0.1.0-0.editable-py3-none-any.whl size=2848 sha256=80c7d0e1e251df15f17c8b7c32ad06b0e52ae86a20bf7c7ea3d8b10783fe0581
  Stored in directory: /tmp/pip-ephem-wheel-cache-pt9rjw9f/wheels/5b/e2/01/3b479d75bcbe7936d1b2f804bfd412ab2b7065909754c80091
Successfully built bass-cr-r3m10-repro
Installing collected packages: bass-cr-r3m10-repro
  Attempting uninstall: bass-cr-r3m10-repro
    Found existing installation: bass-cr-r3m10-repro 0.1.0
    Uninstalling bass-cr-r3m10-repro-0.1.0:
      Successfully uninstalled bass-cr-r3m10-repro-0.1.0
Successfully installed bass-cr-r3m10-repro-0.1.0
